03-27 20:48:25.027  1820  1874 D BrightnessThermalClamper: Thermal status observer already started
03-27 20:48:25.029  1820  1839 W PackageManager: Missing required system package: top.receivesms.app, but found with extended search.
03-27 20:48:25.029  3638  3638 I GoogleInputMethodService: GoogleInputMethodService.onFinishInput():2114 
03-27 20:48:25.029  1820  1839 W PackageManager: Missing required system package: se.onlinepizza, but found with extended search.
03-27 20:48:25.029  1820  1839 W PackageManager: Missing required system package: ru.startandroid.smsactivate, but found with extended search.
03-27 20:48:25.029  1820  1839 W PackageManager: Missing required system package: org.telegram.messenger, but found with extended search.
03-27 20:48:25.030  1820  1839 W PackageManager: Missing required system package: org.chromium.webapk.ad4f9796a292931de_v2, but found with extended search.
03-27 20:48:25.030  1820  1839 W PackageManager: Missing required system package: net.one97.paytm, but found with extended search.
03-27 20:48:25.030  1820  1839 W PackageManager: Missing required system package: jbl.stc.com, but found with extended search.
03-27 20:48:25.030  3638  3638 I Module  : DeviceLockedStatusModuleProvider$Module.updateDeviceLockedStatus():103 repeatCheckTimes = 0, locked = false
03-27 20:48:25.030  1820  1839 W PackageManager: Missing required system package: jayraavi.SoloMatch, but found with extended search.
03-27 20:48:25.030  1820  1839 W PackageManager: Missing required system package: io.voiapp.voi, but found with extended search.
03-27 20:48:25.030  1820  1839 W PackageManager: Missing required system package: free.vpnindia.unlimited.fast.secure.proxy.turbo, but found with extended search.
03-27 20:48:25.030  1820  1839 W PackageManager: Missing required system package: finance.global.travel.niyo, but found with extended search.
03-27 20:48:25.030  1820  1839 W PackageManager: Missing required system package: fi.suomi.viestit, but found with extended search.
03-27 20:48:25.030  3638  3638 I GoogleInputMethodService: GoogleInputMethodService.onStartInput():1385 onStartInput(EditorInfo{EditorInfo{packageName=com.motorola.launcher3, inputType=0, inputTypeString=NULL, enableLearning=false, autoCorrection=false, autoComplete=false, imeOptions=0, privateImeOptions=null, actionName=UNSPECIFIED, actionLabel=null, initialSelStart=-1, initialSelEnd=-1, initialCapsMode=0, label=null, fieldId=0, fieldName=null, extras=null, hintText=null, hintLocales=[]}}, false)
03-27 20:48:25.030  1820  1839 W PackageManager: Missing required system package: fi.spankki, but found with extended search.
03-27 20:48:25.030  1820  1839 W PackageManager: Missing required system package: fi.restel.bk.android, but found with extended search.
03-27 20:48:25.030  3638  3638 W AndroidIME: LatinIMEBase.updateInputViewCoverNavigation():319 Null input view, cannot update padding!
03-27 20:48:25.030  1820  1839 W PackageManager: Missing required system package: fi.pizzahut.app, but found with extended search.
03-27 20:48:25.030  1820  1839 W PackageManager: Missing required system package: fi.op.android.opmobiili, but found with extended search.
03-27 20:48:25.031  1820  1839 W PackageManager: Missing required system package: fi.maisa.maisa, but found with extended search.
03-27 20:48:25.031  1820  1839 W PackageManager: Missing required system package: fi.hsl.app, but found with extended search.
03-27 20:48:25.031  1820  1839 W PackageManager: Missing required system package: fi.hesburger.app, but found with extended search.
03-27 20:48:25.031  1820  1839 W PackageManager: Missing required system package: fi.danskebank.mobilepay, but found with extended search.
03-27 20:48:25.031  1820  1839 W PackageManager: Missing required system package: com.zerodha.kite3, but found with extended search.
03-27 20:48:25.031  1820  1839 W PackageManager: Missing required system package: com.wolt.android, but found with extended search.
03-27 20:48:25.031  1820  1839 W PackageManager: Missing required system package: com.whatsapp.w4b, but found with extended search.
03-27 20:48:25.031  1820  1839 W PackageManager: Missing required system package: com.whatsapp, but found with extended search.
03-27 20:48:25.031  3638  3638 I Module  : DeviceLockedStatusModuleProvider$Module.updateDeviceLockedStatus():103 repeatCheckTimes = 1, locked = false
03-27 20:48:25.031  1820  1839 W PackageManager: Missing required system package: com.vaibhavkalpe.android.khatabook, but found with extended search.
03-27 20:48:25.031  1820  1839 W PackageManager: Missing required system package: com.upwork.android.apps.main, but found with extended search.
03-27 20:48:25.031  1820  1839 W PackageManager: Missing required system package: com.twitter.android, but found with extended search.
03-27 20:48:25.032  1820  1839 W PackageManager: Missing required system package: com.transferwise.android, but found with extended search.
03-27 20:48:25.032  1820  1845 D DisplayManagerService: Ignore redundant display event 0/2 to 10357/11475
03-27 20:48:25.032  1820  1845 D DisplayManagerService: Ignore redundant display event 0/2 to 10714/18432
03-27 20:48:25.032  1820  1845 D DisplayManagerService: Ignore redundant display event 0/2 to 10347/19886
03-27 20:48:25.032  1820  1845 D DisplayManagerService: Ignore redundant display event 0/2 to 10236/23455
03-27 20:48:25.032  1820  1845 D DisplayManagerService: Ignore redundant display event 0/2 to 10475/23831
03-27 20:48:25.032  1820  1845 D DisplayManagerService: Ignore redundant display event 0/2 to 10234/25737
03-27 20:48:25.032  1820  1845 D DisplayManagerService: Ignore redundant display event 0/2 to 10084/26413
03-27 20:48:25.032  1820  1845 D DisplayManagerService: Ignore redundant display event 0/2 to 10218/28610
03-27 20:48:25.032  1820  1845 D DisplayManagerService: Ignore redundant display event 0/2 to 10231/30706
03-27 20:48:25.032  1820  1845 D DisplayManagerService: Ignore redundant display event 0/2 to 10258/31196
03-27 20:48:25.032  1820  1845 D DisplayManagerService: Ignore redundant display event 0/2 to 10085/31738
03-27 20:48:25.035  1820  1839 W PackageManager: Missing required system package: com.track.seven.omega.app, but found with extended search.
03-27 20:48:25.035  1820  1839 W PackageManager: Missing required system package: com.subway.mobile.emea.FL, but found with extended search.
03-27 20:48:25.035  1820  1839 W PackageManager: Missing required system package: com.stardust.app, but found with extended search.
03-27 20:48:25.036  1820  1843 W Looper  : Slow dispatch took 150ms android.ui h=com.android.server.am.ActivityManagerService$UiHandler c=com.android.server.am.ErrorDialogController$$ExternalSyntheticLambda5@16a3e0f m=0
03-27 20:48:25.036  1820  1839 W PackageManager: Missing required system package: com.simpl.android, but found with extended search.
03-27 20:48:25.036  1820  1839 W PackageManager: Missing required system package: com.rkioski.loyaltyapp, but found with extended search.
03-27 20:48:25.036 10269 11783 D MCLOG   : [BrightnessTrigger] onDisplayChanged displayId = 0
03-27 20:48:25.036  1820  1839 W PackageManager: Missing required system package: com.revolut.revolut, but found with extended search.
03-27 20:48:25.037  1820  1839 W PackageManager: Missing required system package: com.revolut.business, but found with extended search.
03-27 20:48:25.037  1820  1839 W PackageManager: Missing required system package: com.remarkable.mobile, but found with extended search.
03-27 20:48:25.037  1820  1839 W PackageManager: Missing required system package: com.receive.sms_second.number, but found with extended search.
03-27 20:48:25.038  1820  1839 W PackageManager: Missing required system package: com.py.cloneapp.huawei, but found with extended search.
03-27 20:48:25.038  1820  1839 W PackageManager: Missing required system package: com.pnb.cbdc, but found with extended search.
03-27 20:48:25.038  1820  1839 W PackageManager: Missing required system package: com.playtomic, but found with extended search.
03-27 20:48:25.038  1820  1839 W PackageManager: Missing required system package: com.phonepe.app, but found with extended search.
03-27 20:48:25.038  1820  1839 W PackageManager: Missing required system package: com.openai.chatgpt, but found with extended search.
03-27 20:48:25.038  1820  1839 W PackageManager: Missing required system package: com.olacabs.customer, but found with extended search.
03-27 20:48:25.038  1820  1839 W PackageManager: Missing required system package: com.offerswap.prod, but found with extended search.
03-27 20:48:25.038  1820  1839 W PackageManager: Missing required system package: com.nordpass.android.app.password.manager, but found with extended search.
03-27 20:48:25.038  1820  1839 W PackageManager: Missing required system package: com.netflix.mediaclient, but found with extended search.
03-27 20:48:25.039  1820  1839 W PackageManager: Missing required system package: com.narnolicorporation, but found with extended search.
03-27 20:48:25.039  1820  1839 W PackageManager: Missing required system package: com.mxtech.videoplayer.ad, but found with extended search.
03-27 20:48:25.039  1820  1839 W PackageManager: Missing required system package: com.mventus.selfcare.activity, but found with extended search.
03-27 20:48:25.039  1820  1839 W PackageManager: Missing required system package: com.mu6.app, but found with extended search.
03-27 20:48:25.039  1820  1839 W PackageManager: Missing required system package: com.mobikwik_new, but found with extended search.
03-27 20:48:25.039  1820  1839 W PackageManager: Missing required system package: com.minimax.ai, but found with extended search.
03-27 20:48:25.039  1820  2075 D AudioSystem: +setParameters(): screen_state=on 
03-27 20:48:25.040 10269 11783 D MCLOG   : [BrightnessManager] displayId = 0 brightness = 0.27405417 nit = 126.658806 level = br2
03-27 20:48:25.040  1820  2592 W PackageConfigPersister: App-specific configuration not found for packageName: com.motorola.launcher3 and userId: 0
03-27 20:48:25.040  1143  2581 D AudioALSAHardware: +setParameters(): screen_state=on
03-27 20:48:25.041  1143  2581 D AudioALSAStreamOut: +setScreenState(), flag 2, mode 1
03-27 20:48:25.041  1143  2581 D AudioALSAStreamOut: +setScreenState(), flag 8, mode 1
03-27 20:48:25.041  1143  2581 D AudioALSAStreamOut: +setScreenState(), flag 4, mode 1
03-27 20:48:25.041  1143  2581 D AudioALSAStreamOut: +setScreenState(), flag 32768, mode 1
03-27 20:48:25.041  1143  2581 D AudioALSAStreamOut: +setScreenState(), flag 65536, mode 1
03-27 20:48:25.041  1143  2581 D AudioALSAHardware: -setParameters(): screen_state=on
03-27 20:48:25.041  1143  2581 W BTAudioHw: adev_set_parameterserror paremeter : : ParamsMap=[key: 'screen_state' value: 'on'
03-27 20:48:25.041  1143  2581 W BTAudioHw: ]
03-27 20:48:25.045  1820  1839 W PackageManager: Missing required system package: com.microsoft.teams, but found with extended search.
03-27 20:48:25.045  1283  1283 E SurfaceFlinger: Out of order buffers detected for RequestedLayerState{com.motorola.launcher3/com.android.launcher3.CustomizationPanelLauncher#3401 parentId=749} producedId=56 frameNumber=161 -> producedId=56 frameNumber=4
03-27 20:48:25.045  1820  1839 W PackageManager: Missing required system package: com.mcdonalds.mobileapp, but found with extended search.
03-27 20:48:25.045  1820  1839 W PackageManager: Missing required system package: com.makemytrip, but found with extended search.
03-27 20:48:25.046  1820  1839 W PackageManager: Missing required system package: com.magicpin.local, but found with extended search.
03-27 20:48:25.046  1820  1839 W PackageManager: Missing required system package: com.linkedin.android, but found with extended search.
03-27 20:48:25.046  1820  1839 W PackageManager: Missing required system package: com.lidl.eci.lidlplus, but found with extended search.
03-27 20:48:25.046  1820  1839 W PackageManager: Missing required system package: com.joejuice.joeloyalty, but found with extended search.
03-27 20:48:25.046  1820  1839 W PackageManager: Missing required system package: com.instagram.android, but found with extended search.
03-27 20:48:25.046  1820  1839 W PackageManager: Missing required system package: com.google.android.keep, but found with extended search.
03-27 20:48:25.046  1820  1839 W PackageManager: Missing required system package: com.google.android.apps.translate, but found with extended search.
03-27 20:48:25.046  1820  1839 W PackageManager: Missing required system package: com.google.android.apps.tasks, but found with extended search.
03-27 20:48:25.046  1820  1839 W PackageManager: Missing required system package: com.google.android.apps.labs.language.tailwind, but found with extended search.
03-27 20:48:25.046  1820  1839 W PackageManager: Missing required system package: com.google.android.apps.bard, but found with extended search.
03-27 20:48:25.047  1820  1839 W PackageManager: Missing required system package: com.google.android.apps.authenticator2, but found with extended search.
03-27 20:48:25.047  1820  1839 W PackageManager: Missing required system package: com.fyers.trader, but found with extended search.
03-27 20:48:25.047  1820  1839 W PackageManager: Missing required system package: com.flyingtigercopenhagen.clubapp, but found with extended search.
03-27 20:48:25.047  1820  1839 W PackageManager: Missing required system package: com.flipkart.android, but found with extended search.
03-27 20:48:25.047  1820  1839 W PackageManager: Missing required system package: com.facebook.orca, but found with extended search.
03-27 20:48:25.047  1820  1839 W PackageManager: Missing required system package: com.example.community_resource_mapper_flutter, but found with extended search.
03-27 20:48:25.047  1820  1839 W PackageManager: Missing required system package: com.easemytrip.android, but found with extended search.
03-27 20:48:25.047  1820  1839 W PackageManager: Missing required system package: com.duolingo, but found with extended search.
03-27 20:48:25.047  1820  1839 W PackageManager: Missing required system package: com.chess, but found with extended search.
03-27 20:48:25.047  1820  1839 W PackageManager: Missing required system package: com.capital.trading, but found with extended search.
03-27 20:48:25.047  1820  1839 W PackageManager: Missing required system package: com.binance.dev, but found with extended search.
03-27 20:48:25.048  1820  1839 W PackageManager: Missing required system package: com.anthropic.claude, but found with extended search.
03-27 20:48:25.048  1820  1839 W PackageManager: Missing required system package: com.Version1, but found with extended search.
03-27 20:48:25.048  1820  1839 W PackageManager: Missing required system package: com.Splitwise.SplitwiseMobile, but found with extended search.
03-27 20:48:25.048  1820  1839 W PackageManager: Missing required system package: club.resq.android, but found with extended search.
03-27 20:48:25.048  1820  1839 W PackageManager: Missing required system package: ai.x.grok, but found with extended search.
03-27 20:48:25.048  1820  1839 W PackageManager: Missing required system package: ai.perplexity.comet, but found with extended search.
03-27 20:48:25.048  1820  1839 W PackageManager: Missing required system package: ai.perplexity.app.android, but found with extended search.
03-27 20:48:25.049  1820  1839 W PackageManager: Missing required system package: host.exp.exponent, but found with extended search.
03-27 20:48:25.049  1820  1839 W PackageManager: Missing required system package: ee.mtakso.client, but found with extended search.
03-27 20:48:25.049  1820  1839 W PackageManager: Missing required system package: com.ubercab, but found with extended search.
03-27 20:48:25.049  1820  1839 W PackageManager: Missing required system package: com.tradingview.tradingviewapp, but found with extended search.
03-27 20:48:25.049  1820  1839 W PackageManager: Missing required system package: com.tafayor.killall, but found with extended search.
03-27 20:48:25.054  1283  1283 E SurfaceFlinger: Out of order buffers detected for RequestedLayerState{com.motorola.launcher3/com.android.launcher3.CustomizationPanelLauncher#3401 parentId=749} producedId=56 frameNumber=161 -> producedId=56 frameNumber=5
03-27 20:48:25.056  1820  1843 D CoreBackPreview: Window{5134a0e u0 Application Error: com.mu6.app}: Setting back callback OnBackInvokedCallbackInfo{mCallback=android.window.WindowOnBackInvokedDispatcher$OnBackInvokedCallbackWrapper@657b0d2, mPriority=0, mIsAnimationCallback=false}
03-27 20:48:25.060  1820  1839 W PackageManager: Missing required system package: com.snapchat.android, but found with extended search.
03-27 20:48:25.060  1820  1839 W PackageManager: Missing required system package: com.saunalahti.oma, but found with extended search.
03-27 20:48:25.060  1820  1839 W PackageManager: Missing required system package: com.mobivending.espressohouse, but found with extended search.
03-27 20:48:25.060  1820  1839 W PackageManager: Missing required system package: com.microsoft.office.outlook, but found with extended search.
03-27 20:48:25.060  1820  1839 W PackageManager: Missing required system package: com.google.android.apps.walletnfcrel, but found with extended search.
03-27 20:48:25.060  1820  1839 W PackageManager: Missing required system package: com.google.android.apps.docs.editors.sheets, but found with extended search.
03-27 20:48:25.060  1820  1839 W PackageManager: Missing required system package: com.google.android.apps.docs.editors.docs, but found with extended search.
03-27 20:48:25.060  1820  1839 W PackageManager: Missing required system package: com.canva.editor, but found with extended search.
03-27 20:48:25.061  1283  1374 I BufferQueueDebug: [Application Error: com.mu6.app#3459](this:0xb400007265316020,id:-1,api:0,p:-1,c:-1) BufferQueue core=(1283:/system/bin/surfaceflinger)
03-27 20:48:25.068  1820  1852 W PackageManager: Missing required system package: org.telegram.messenger, but found with extended search.
03-27 20:48:25.068  1820  1852 W PackageManager: Missing required system package: com.whatsapp.w4b, but found with extended search.
03-27 20:48:25.068  1820  1852 W PackageManager: Missing required system package: com.whatsapp, but found with extended search.
03-27 20:48:25.068  1820  1852 W PackageManager: Missing required system package: com.snapchat.android, but found with extended search.
03-27 20:48:25.068  1820  1852 W PackageManager: Missing required system package: com.revolut.revolut, but found with extended search.
03-27 20:48:25.068  1820  1852 W PackageManager: Missing required system package: com.revolut.revolut, but found with extended search.
03-27 20:48:25.069  1820  1852 W PackageManager: Missing required system package: com.revolut.business, but found with extended search.
03-27 20:48:25.069  1820  1852 W PackageManager: Missing required system package: com.microsoft.teams, but found with extended search.
03-27 20:48:25.069  1820  1852 W PackageManager: Missing required system package: com.microsoft.office.outlook, but found with extended search.
03-27 20:48:25.069  1820  1852 W PackageManager: Missing required system package: com.microsoft.office.outlook, but found with extended search.
03-27 20:48:25.071  1820  1852 W PackageManager: Missing required system package: com.google.android.keep, but found with extended search.
03-27 20:48:25.071  1820  1852 W PackageManager: Missing required system package: com.google.android.apps.tasks, but found with extended search.
03-27 20:48:25.073  1820  1852 W PackageManager: Missing required system package: com.google.android.apps.docs.editors.sheets, but found with extended search.
03-27 20:48:25.074  1820  1843 D BufferQueueConsumer: [](id:71c0000000d,api:0,p:-1,c:1820) connect: controlledByApp=false
03-27 20:48:25.075  1820  1852 W PackageManager: Missing required system package: com.google.android.apps.docs.editors.docs, but found with extended search.
03-27 20:48:25.075  1820  1852 W PackageManager: Missing required system package: com.facebook.orca, but found with extended search.
03-27 20:48:25.075  1820  1843 D BLASTBufferQueue: [VRI[app]#6](f:0,a:0) constructor()
03-27 20:48:25.075  1820  1843 D BLASTBufferQueue: [VRI[app]#6](f:0,a:0) update width=1161 height=578 format=-3 mTransformHint=0
03-27 20:48:25.078  1283  1283 E SurfaceFlinger: Out of order buffers detected for RequestedLayerState{com.motorola.launcher3/com.android.launcher3.CustomizationPanelLauncher#3401 parentId=749} producedId=56 frameNumber=161 -> producedId=56 frameNumber=6
03-27 20:48:25.084  1820  1820 I EnhancedConnectivity: [DataStallService] isPoorSignal = false
03-27 20:48:25.087  1283  1283 E SurfaceFlinger: Out of order buffers detected for RequestedLayerState{com.motorola.launcher3/com.android.launcher3.CustomizationPanelLauncher#3401 parentId=749} producedId=56 frameNumber=161 -> producedId=56 frameNumber=7
03-27 20:48:25.095  1283  1283 E SurfaceFlinger: Out of order buffers detected for RequestedLayerState{com.motorola.launcher3/com.android.launcher3.CustomizationPanelLauncher#3401 parentId=749} producedId=56 frameNumber=161 -> producedId=56 frameNumber=8
03-27 20:48:25.103  1283  1283 E SurfaceFlinger: Out of order buffers detected for RequestedLayerState{com.motorola.launcher3/com.android.launcher3.CustomizationPanelLauncher#3401 parentId=749} producedId=56 frameNumber=161 -> producedId=56 frameNumber=9
03-27 20:48:25.105  1820  1846 D SurfaceComposerClient: Transaction::apply InputWindowCommands.focusRequests timestamp=8122910661098, windowName=5134a0e Application Error: com.mu6.app
03-27 20:48:25.112  1283  1283 E SurfaceFlinger: Out of order buffers detected for RequestedLayerState{com.motorola.launcher3/com.android.launcher3.CustomizationPanelLauncher#3401 parentId=749} producedId=56 frameNumber=161 -> producedId=56 frameNumber=10
03-27 20:48:25.112  1283  1283 D SurfaceFlinger: Focus addInputWindowCommands timestamp=8122910661098, windowName=5134a0e Application Error: com.mu6.app
03-27 20:48:25.120  1283  1283 E SurfaceFlinger: Out of order buffers detected for RequestedLayerState{com.motorola.launcher3/com.android.launcher3.CustomizationPanelLauncher#3401 parentId=749} producedId=56 frameNumber=161 -> producedId=56 frameNumber=11
03-27 20:48:25.121  1283  1707 D SurfaceFlinger: updateWinowInfo=1, setFocusedWindow timestamp=8122910661098, windowName=5134a0e Application Error: com.mu6.app
03-27 20:48:25.128  1283  1283 E SurfaceFlinger: Out of order buffers detected for RequestedLayerState{com.motorola.launcher3/com.android.launcher3.CustomizationPanelLauncher#3401 parentId=749} producedId=56 frameNumber=161 -> producedId=56 frameNumber=12
03-27 20:48:25.136  1283  1283 E SurfaceFlinger: Out of order buffers detected for RequestedLayerState{com.motorola.launcher3/com.android.launcher3.CustomizationPanelLauncher#3401 parentId=749} producedId=56 frameNumber=161 -> producedId=56 frameNumber=13
03-27 20:48:25.145  1283  1283 E SurfaceFlinger: Out of order buffers detected for RequestedLayerState{com.motorola.launcher3/com.android.launcher3.CustomizationPanelLauncher#3401 parentId=749} producedId=56 frameNumber=161 -> producedId=56 frameNumber=14
03-27 20:48:25.148  1820  8367 D BLASTBufferQueue: [VRI[app]#6](f:0,a:1) acquireNextBufferLocked size=1161x578 mFrameNumber=1 applyTransaction=true mTimestamp=8122958546945(auto) mPendingTransactions.size=0 graphicBufferId=7816840478911 transform=0
03-27 20:48:25.150  1820  1843 W Looper  : Slow delivery took 200ms android.ui h=com.android.server.wm.DisplayPolicy$PolicyHandler c=com.android.server.wm.DisplayPolicy$$ExternalSyntheticLambda13@f7bcbcb m=0
03-27 20:48:25.152  1283  1374 I BufferQueueDebug: [Surface(name=5134a0e Application Error: com.mu6.app)/@0x73e51fd - animation-leash of window_animation#3460](this:0xb400007265319820,id:-1,api:0,p:-1,c:-1) BufferQueue core=(1283:/system/bin/surfaceflinger)
03-27 20:48:25.153  1283  1283 E SurfaceFlinger: Out of order buffers detected for RequestedLayerState{com.motorola.launcher3/com.android.launcher3.CustomizationPanelLauncher#3401 parentId=749} producedId=56 frameNumber=161 -> producedId=56 frameNumber=15
03-27 20:48:25.158  1820  1847 W BoostOptController: not supported hint: 118
03-27 20:48:25.159  1283  1698 I Scheduler: applyPolicy: UpdateRefreshRate 120 to 90 of group 0: [touch=1:1 touchBoost=1 scroll=0:0 idle=0:0]
03-27 20:48:25.159  1283  1698 D DisplayModeController: setDesiredMode 0 {mode={fps=90.00 Hz, modePtr={id=1, vsyncRate=90.00 Hz, peakRefreshRate=90.00 Hz}}, emitEvent=true, force=false}
03-27 20:48:25.159  1283  1698 D Scheduler: MtkOverrideDuration: update vsync 90
03-27 20:48:25.159  1283  1698 D Scheduler: MtkOverrideDuration: reset override duration
03-27 20:48:25.159  1283  1698 I PowerHalWrapper: updateFps(): 90
03-27 20:48:25.161  1283  1283 E SurfaceFlinger: Out of order buffers detected for RequestedLayerState{com.motorola.launcher3/com.android.launcher3.CustomizationPanelLauncher#3401 parentId=749} producedId=56 frameNumber=161 -> producedId=56 frameNumber=16
03-27 20:48:25.162  1283  1283 I SurfaceFlinger: initiateDisplayModeChanges changing active mode from 0(120.00 Hz:0) to 1(90.00 Hz:0) for display 0
03-27 20:48:25.162  1151  1664 I hwcomposer: [HWC] (0) displaySetActiveConfig config:1  
03-27 20:48:25.162  1283  1283 I SurfaceFlinger: initiateDisplayModeChanges active mode changed to 1(90.00 Hz) for display 0. mBrightnessDimingCnt=0
03-27 20:48:25.164  1820  2537 W UserManagerService: Requested status bar icon for non-badged user 0
03-27 20:48:25.166  1283  2749 I BufferQueueDebug: [Dim Layer for - WindowedMagnification:0:31#3461](this:0xb400007263b25020,id:-1,api:0,p:-1,c:-1) BufferQueue core=(1283:/system/bin/surfaceflinger)
03-27 20:48:25.170  1283  1283 I PowerHalWrapper: updateFps(): 90
03-27 20:48:25.170  1283  1283 E SurfaceFlinger: Out of order buffers detected for RequestedLayerState{com.motorola.launcher3/com.android.launcher3.CustomizationPanelLauncher#3401 parentId=749} producedId=56 frameNumber=161 -> producedId=56 frameNumber=17
03-27 20:48:25.171  1283  1283 I SurfaceFlinger: initiateDisplayModeChanges changing active mode from 1(90.00 Hz:0) to 1(90.00 Hz:0) for display 0
03-27 20:48:25.171  1283  1283 I PowerHalWrapper: updateFps(): 90
03-27 20:48:25.171  1820  1845 I DisplayDeviceRepository: Display device changed render timings: "Built-in Screen", renderFrameRate=90.0, presentationDeadlineNanos=24777778, appVsyncOffsetNanos=-8000000
03-27 20:48:25.171  1820  1847 W BoostOptController: not supported hint: 118
03-27 20:48:25.176  1820  1874 D BrightnessThermalClamper: Thermal status observer already started
03-27 20:48:25.177  1820  2075 D AudioSystem: +setParameters(): screen_state=on 
03-27 20:48:25.177  1820  1845 D DisplayManagerService: Ignore redundant display event 0/2 to 10398/5117
03-27 20:48:25.177  1820  1845 D DisplayManagerService: Ignore redundant display event 0/2 to 10357/11475
03-27 20:48:25.177  1820  1845 D DisplayManagerService: Ignore redundant display event 0/2 to 10714/18432
03-27 20:48:25.177  1820  1845 D DisplayManagerService: Ignore redundant display event 0/2 to 10247/19596
03-27 20:48:25.177  1820  1845 D DisplayManagerService: Ignore redundant display event 0/2 to 10347/19886
03-27 20:48:25.177  1820  1845 D DisplayManagerService: Ignore redundant display event 0/2 to 10236/23455
03-27 20:48:25.177  1820  1845 D DisplayManagerService: Ignore redundant display event 0/2 to 10475/23831
03-27 20:48:25.177  1820  1845 D DisplayManagerService: Ignore redundant display event 0/2 to 10234/25737
03-27 20:48:25.177  1820  1845 D DisplayManagerService: Ignore redundant display event 0/2 to 10084/26413
03-27 20:48:25.177  1820  1845 D DisplayManagerService: Ignore redundant display event 0/2 to 10218/28610
03-27 20:48:25.177  1820  1845 D DisplayManagerService: Ignore redundant display event 0/2 to 10231/30706
03-27 20:48:25.177  1820  1845 D DisplayManagerService: Ignore redundant display event 0/2 to 10258/31196
03-27 20:48:25.177  1820  1845 D DisplayManagerService: Ignore redundant display event 0/2 to 10085/31738
03-27 20:48:25.178  1283  1283 E SurfaceFlinger: Out of order buffers detected for RequestedLayerState{com.motorola.launcher3/com.android.launcher3.CustomizationPanelLauncher#3401 parentId=749} producedId=56 frameNumber=161 -> producedId=56 frameNumber=18
03-27 20:48:25.179  1283  1283 I BufferQueueProducer: [StatusBar#92](this:0xb400007264cf2820,id:-1,api:0,p:-1,c:1283) queueBuffer: fps=4.96 dur=2622.57 max=2489.90 min=10.78
03-27 20:48:25.179  1143  2581 D AudioALSAHardware: +setParameters(): screen_state=on
03-27 20:48:25.179  1143  2581 D AudioALSAStreamOut: +setScreenState(), flag 2, mode 1
03-27 20:48:25.179  1143  2581 D AudioALSAStreamOut: +setScreenState(), flag 8, mode 1
03-27 20:48:25.179  1143  2581 D AudioALSAStreamOut: +setScreenState(), flag 4, mode 1
03-27 20:48:25.179  1143  2581 D AudioALSAStreamOut: +setScreenState(), flag 32768, mode 1
03-27 20:48:25.179  1143  2581 D AudioALSAStreamOut: +setScreenState(), flag 65536, mode 1
03-27 20:48:25.180  1143  2581 D AudioALSAHardware: -setParameters(): screen_state=on
03-27 20:48:25.181  1143  1965 W BTAudioHw: adev_set_parameterserror paremeter : : ParamsMap=[key: 'screen_state' value: 'on'
03-27 20:48:25.181  1143  1965 W BTAudioHw: ]
03-27 20:48:25.181 10269 11783 D MCLOG   : [BrightnessTrigger] onDisplayChanged displayId = 0
03-27 20:48:25.186  1283  1283 E SurfaceFlinger: Out of order buffers detected for RequestedLayerState{com.motorola.launcher3/com.android.launcher3.CustomizationPanelLauncher#3401 parentId=749} producedId=56 frameNumber=161 -> producedId=56 frameNumber=19
03-27 20:48:25.190 10269 11783 D MCLOG   : [BrightnessManager] displayId = 0 brightness = 0.27405417 nit = 126.658806 level = br2
03-27 20:48:25.195  1283  1283 E SurfaceFlinger: Out of order buffers detected for RequestedLayerState{com.motorola.launcher3/com.android.launcher3.CustomizationPanelLauncher#3401 parentId=749} producedId=56 frameNumber=161 -> producedId=56 frameNumber=20
03-27 20:48:25.203  1283  1283 E SurfaceFlinger: Out of order buffers detected for RequestedLayerState{com.motorola.launcher3/com.android.launcher3.CustomizationPanelLauncher#3401 parentId=749} producedId=56 frameNumber=161 -> producedId=56 frameNumber=21
03-27 20:48:25.208  1820  1843 W Looper  : Drained
03-27 20:48:25.209  1283  1283 E SurfaceFlinger: Out of order buffers detected for RequestedLayerState{com.motorola.launcher3/com.android.launcher3.CustomizationPanelLauncher#3401 parentId=749} producedId=56 frameNumber=161 -> producedId=56 frameNumber=22
03-27 20:48:25.216  1820  1852 W MotoBatteryCareService: uid: 10294 pkgName:com.motorola.launcher3 come to foreground
03-27 20:48:25.216  1820  1852 W MotoBatteryCareService: uid: 10294 pkgName:com.motorola.launcher3 come to foreground
03-27 20:48:25.217  1283  1283 E SurfaceFlinger: Out of order buffers detected for RequestedLayerState{com.motorola.launcher3/com.android.launcher3.CustomizationPanelLauncher#3401 parentId=749} producedId=56 frameNumber=161 -> producedId=56 frameNumber=23
03-27 20:48:25.227  2269  2269 D ControlsListingControllerImpl: ServiceConfig reloaded, count: 0
03-27 20:48:25.228  1820  1955 W PackageManager: Missing required system package: ai.perplexity.app.android, but found with extended search.
03-27 20:48:25.231  1283  1283 E SurfaceFlinger: Out of order buffers detected for RequestedLayerState{com.motorola.launcher3/com.android.launcher3.CustomizationPanelLauncher#3401 parentId=749} producedId=56 frameNumber=161 -> producedId=56 frameNumber=24
03-27 20:48:25.232  2269  2269 D FreeformGesture: onStateChanged: State{mIsPackageAvailable=true, mPillGestureEnabled=true, mVibrationEnabled=true, mShortcutPanelShowing=false, mSwipeInEnabled=true, mHunFreeformEnabled=true, mIsInGameMode=false, mIsRecentsShowing=false, mIsInTutorialMode=false, mIsDoubleTapPowerEnabled=false, mIsPillMoving=false, mPillXPosition=1, mPillYPosition=448}
03-27 20:48:25.236  1820  1955 E PersistenceController: SettingNotFoundException: sv_custom_ai_icon_enabled
03-27 20:48:25.240  1283  1283 E SurfaceFlinger: Out of order buffers detected for RequestedLayerState{com.motorola.launcher3/com.android.launcher3.CustomizationPanelLauncher#3401 parentId=749} producedId=56 frameNumber=161 -> producedId=56 frameNumber=25
03-27 20:48:25.242  1820  2592 E PersistenceController: SettingNotFoundException: sv_custom_ai_icon_enabled
03-27 20:48:25.253  1283  1283 E SurfaceFlinger: Out of order buffers detected for RequestedLayerState{com.motorola.launcher3/com.android.launcher3.CustomizationPanelLauncher#3401 parentId=749} producedId=56 frameNumber=161 -> producedId=56 frameNumber=26
03-27 20:48:25.261  1283  1283 E SurfaceFlinger: Out of order buffers detected for RequestedLayerState{com.motorola.launcher3/com.android.launcher3.CustomizationPanelLauncher#3401 parentId=749} producedId=56 frameNumber=161 -> producedId=56 frameNumber=27
03-27 20:48:25.273  1283  2749 W VsyncModulator: setTransactionSchedule: Unexpected EarlyEnd
03-27 20:48:25.275  1283  1283 E SurfaceFlinger: Out of order buffers detected for RequestedLayerState{com.motorola.launcher3/com.android.launcher3.CustomizationPanelLauncher#3401 parentId=749} producedId=56 frameNumber=161 -> producedId=56 frameNumber=28
03-27 20:48:25.275  1283  1283 W SurfaceFlinger: Resetting transform for Snapshot{TraversalPath{.id = 3457}Surface(name=Task=55529)/@0xbcaf652_transition-leash#3457 isVisible=0 {invalidTransform} changes=Geometry | Content | AffectsChildren | VisibleRegion layerStack=0 geomLayerBounds={0,0,1094,1080} geomLayerTransform={tx=467,ty=461.025}} because it is invalid. transform={0.000000,0.000000,0.000000,0.000000}  requestedTransform={0.000000,0.000000,0.000000,0.000000}
03-27 20:48:25.283  1283  1283 E SurfaceFlinger: Out of order buffers detected for RequestedLayerState{com.motorola.launcher3/com.android.launcher3.CustomizationPanelLauncher#3401 parentId=749} producedId=56 frameNumber=161 -> producedId=56 frameNumber=29
03-27 20:48:25.283  1283  1283 W SurfaceFlinger: Resetting transform for Snapshot{TraversalPath{.id = 3457}Surface(name=Task=55529)/@0xbcaf652_transition-leash#3457 isVisible=0 {invalidTransform} changes=Geometry | AffectsChildren | VisibleRegion layerStack=0 geomLayerBounds={nan,nan,nan,nan} geomLayerTransform={tx=467,ty=464.659}} because it is invalid. transform={0.000000,0.000000,0.000000,0.000000}  requestedTransform={0.000000,0.000000,0.000000,0.000000}
03-27 20:48:25.297  1283  1283 E SurfaceFlinger: Out of order buffers detected for RequestedLayerState{com.motorola.launcher3/com.android.launcher3.CustomizationPanelLauncher#3401 parentId=749} producedId=56 frameNumber=161 -> producedId=56 frameNumber=30
03-27 20:48:25.297  1283  1283 W SurfaceFlinger: Resetting transform for Snapshot{TraversalPath{.id = 3457}Surface(name=Task=55529)/@0xbcaf652_transition-leash#3457 isVisible=0 {invalidTransform} changes=Geometry | AffectsChildren | VisibleRegion layerStack=0 geomLayerBounds={nan,nan,nan,nan} geomLayerTransform={tx=467,ty=467.9}} because it is invalid. transform={0.000000,0.000000,0.000000,0.000000}  requestedTransform={0.000000,0.000000,0.000000,0.000000}
03-27 20:48:25.305  1283  1283 E SurfaceFlinger: Out of order buffers detected for RequestedLayerState{com.motorola.launcher3/com.android.launcher3.CustomizationPanelLauncher#3401 parentId=749} producedId=56 frameNumber=161 -> producedId=56 frameNumber=31
03-27 20:48:25.306  1283  1283 W SurfaceFlinger: Resetting transform for Snapshot{TraversalPath{.id = 3457}Surface(name=Task=55529)/@0xbcaf652_transition-leash#3457 isVisible=0 {invalidTransform} changes=Geometry | AffectsChildren | VisibleRegion layerStack=0 geomLayerBounds={nan,nan,nan,nan} geomLayerTransform={tx=467,ty=470.449}} because it is invalid. transform={0.000000,0.000000,0.000000,0.000000}  requestedTransform={0.000000,0.000000,0.000000,0.000000}
03-27 20:48:25.308  1217  1313 I libPerfCtl: xgfGetFPS pid:1820 fps:65
03-27 20:48:25.308  1217  1313 I libPerfCtl: xgfGetFPS pid:2269 fps:108
03-27 20:48:25.308  1217  1313 I libPerfCtl: xgfGetFPS pid:28187 fps:87
03-27 20:48:25.308  1217  1313 I libPowerHal: [updateFPS] pid(28187) : -1 => 90
03-27 20:48:25.308  1217  1332 I libPowerHal: [perfNotifyAppState] pack:com.motorola.launcher3, act:com.android.launcher3.CustomizationPanelLauncher, state:5, pid:28187, uid:10294, fps:90
03-27 20:48:25.309  1217  1332 I UxUtility: notifyForegroundApp pack:com.motorola.launcher3, uid:10294
03-27 20:48:25.309  1217  1332 I TouchUtility: notifyAppState error = NULL
03-27 20:48:25.309  1217  1313 I libPerfCtl: xgfGetFPS pid:31864 fps:-1
03-27 20:48:25.319  1283  1283 E SurfaceFlinger: Out of order buffers detected for RequestedLayerState{com.motorola.launcher3/com.android.launcher3.CustomizationPanelLauncher#3401 parentId=749} producedId=56 frameNumber=161 -> producedId=56 frameNumber=32
03-27 20:48:25.319  1283  1283 W SurfaceFlinger: Resetting transform for Snapshot{TraversalPath{.id = 3457}Surface(name=Task=55529)/@0xbcaf652_transition-leash#3457 isVisible=0 {invalidTransform} changes=Geometry | AffectsChildren | VisibleRegion layerStack=0 geomLayerBounds={nan,nan,nan,nan} geomLayerTransform={tx=467,ty=472.406}} because it is invalid. transform={0.000000,0.000000,0.000000,0.000000}  requestedTransform={0.000000,0.000000,0.000000,0.000000}
03-27 20:48:25.324  1283  1283 I BufferQueueProducer: [FramebufferSurface](this:0xb400007295f806d0,id:-1,api:1,p:1283,c:1283) queueBuffer: fps=74.51 dur=1006.62 max=23.19 min=6.81
03-27 20:48:25.324  1151  1664 I hwcomposer: [HWCDisplay] [Display_0 (type:1)] fps:74.860291,dur:1001.87,max:22.15,min:6.36  
03-27 20:48:25.327  1283  1283 E SurfaceFlinger: Out of order buffers detected for RequestedLayerState{com.motorola.launcher3/com.android.launcher3.CustomizationPanelLauncher#3401 parentId=749} producedId=56 frameNumber=161 -> producedId=56 frameNumber=33
03-27 20:48:25.328  1283  1283 W SurfaceFlinger: Resetting transform for Snapshot{TraversalPath{.id = 3457}Surface(name=Task=55529)/@0xbcaf652_transition-leash#3457 isVisible=0 {invalidTransform} changes=Geometry | AffectsChildren | VisibleRegion layerStack=0 geomLayerBounds={nan,nan,nan,nan} geomLayerTransform={tx=467,ty=473.859}} because it is invalid. transform={0.000000,0.000000,0.000000,0.000000}  requestedTransform={0.000000,0.000000,0.000000,0.000000}
03-27 20:48:25.341  1283  1283 E SurfaceFlinger: Out of order buffers detected for RequestedLayerState{com.motorola.launcher3/com.android.launcher3.CustomizationPanelLauncher#3401 parentId=749} producedId=56 frameNumber=161 -> producedId=56 frameNumber=34
03-27 20:48:25.341  1283  1283 W SurfaceFlinger: Resetting transform for Snapshot{TraversalPath{.id = 3457}Surface(name=Task=55529)/@0xbcaf652_transition-leash#3457 isVisible=0 {invalidTransform} changes=Geometry | AffectsChildren | VisibleRegion layerStack=0 geomLayerBounds={nan,nan,nan,nan} geomLayerTransform={tx=467,ty=474.888}} because it is invalid. transform={0.000000,0.000000,0.000000,0.000000}  requestedTransform={0.000000,0.000000,0.000000,0.000000}
03-27 20:48:25.350  1283  1283 E SurfaceFlinger: Out of order buffers detected for RequestedLayerState{com.motorola.launcher3/com.android.launcher3.CustomizationPanelLauncher#3401 parentId=749} producedId=56 frameNumber=161 -> producedId=56 frameNumber=35
03-27 20:48:25.350  1283  1283 W SurfaceFlinger: Resetting transform for Snapshot{TraversalPath{.id = 3457}Surface(name=Task=55529)/@0xbcaf652_transition-leash#3457 isVisible=0 {invalidTransform} changes=Geometry | AffectsChildren | VisibleRegion layerStack=0 geomLayerBounds={nan,nan,nan,nan} geomLayerTransform={tx=467,ty=475.565}} because it is invalid. transform={0.000000,0.000000,0.000000,0.000000}  requestedTransform={0.000000,0.000000,0.000000,0.000000}
03-27 20:48:25.363  1283  1283 E SurfaceFlinger: Out of order buffers detected for RequestedLayerState{com.motorola.launcher3/com.android.launcher3.CustomizationPanelLauncher#3401 parentId=749} producedId=56 frameNumber=161 -> producedId=56 frameNumber=36
03-27 20:48:25.363  1283  1283 W SurfaceFlinger: Resetting transform for Snapshot{TraversalPath{.id = 3457}Surface(name=Task=55529)/@0xbcaf652_transition-leash#3457 isVisible=0 {invalidTransform} changes=Geometry | AffectsChildren | VisibleRegion layerStack=0 geomLayerBounds={nan,nan,nan,nan} geomLayerTransform={tx=467,ty=475.951}} because it is invalid. transform={0.000000,0.000000,0.000000,0.000000}  requestedTransform={0.000000,0.000000,0.000000,0.000000}
03-27 20:48:25.372  1283  1283 E SurfaceFlinger: Out of order buffers detected for RequestedLayerState{com.motorola.launcher3/com.android.launcher3.CustomizationPanelLauncher#3401 parentId=749} producedId=56 frameNumber=161 -> producedId=56 frameNumber=37
03-27 20:48:25.372  1283  1283 W SurfaceFlinger: Resetting transform for Snapshot{TraversalPath{.id = 3457}Surface(name=Task=55529)/@0xbcaf652_transition-leash#3457 isVisible=0 {invalidTransform} changes=Geometry | AffectsChildren | VisibleRegion layerStack=0 geomLayerBounds={nan,nan,nan,nan} geomLayerTransform={tx=467,ty=476.105}} because it is invalid. transform={0.000000,0.000000,0.000000,0.000000}  requestedTransform={0.000000,0.000000,0.000000,0.000000}
03-27 20:48:25.385  1283  1283 E SurfaceFlinger: Out of order buffers detected for RequestedLayerState{com.motorola.launcher3/com.android.launcher3.CustomizationPanelLauncher#3401 parentId=749} producedId=56 frameNumber=161 -> producedId=56 frameNumber=38
03-27 20:48:25.385  1283  1283 W SurfaceFlinger: Resetting transform for Snapshot{TraversalPath{.id = 3457}Surface(name=Task=55529)/@0xbcaf652_transition-leash#3457 isVisible=0 {invalidTransform} changes=Geometry | AffectsChildren | VisibleRegion layerStack=0 geomLayerBounds={nan,nan,nan,nan} geomLayerTransform={tx=467,ty=476.072}} because it is invalid. transform={0.000000,0.000000,0.000000,0.000000}  requestedTransform={0.000000,0.000000,0.000000,0.000000}
03-27 20:48:25.393  1217  1332 I mtkpower@impl: [powerd_req] TIMER_MSG_PERF_LOCK_TIMEOUT hdl:4554
03-27 20:48:25.393  1217  1332 I libPowerHal: [perfLockRel] hdl:4554, idx:1
03-27 20:48:25.393  1217  1332 I libPowerHal: [unsetGPUFreq] current min:23, max:0; scn_gpu_min:23, scn_gpu_max:-1; scn_gpu_min(HL):-1, scn_gpu_max(HL):-1
03-27 20:48:25.393  1217  1332 I libPowerHal: LAUNCH: set gpu opp level: 36
03-27 20:48:25.394  1217  1332 I libPowerHal: LAUNCH: set gpu opp level max: 0
03-27 20:48:25.394  1217  1332 I libPowerHal: [setGPUFreq] Soft min/max = (36, 0); Hard min/max = (36, 0)
03-27 20:48:25.394  1217  1332 I libPowerHal: [setGPUFreq] final min/max = (36, 0)
03-27 20:48:25.394  1217  1332 I libPowerHal: LAUNCH: set gpu opp level: 36
03-27 20:48:25.394  1283  1283 E SurfaceFlinger: Out of order buffers detected for RequestedLayerState{com.motorola.launcher3/com.android.launcher3.CustomizationPanelLauncher#3401 parentId=749} producedId=56 frameNumber=161 -> producedId=56 frameNumber=39
03-27 20:48:25.394  1217  1332 I libPowerHal: LAUNCH: set gpu opp level max: 0
03-27 20:48:25.394  1283  1283 W SurfaceFlinger: Resetting transform for Snapshot{TraversalPath{.id = 3457}Surface(name=Task=55529)/@0xbcaf652_transition-leash#3457 isVisible=0 {invalidTransform} changes=Geometry | AffectsChildren | VisibleRegion layerStack=0 geomLayerBounds={nan,nan,nan,nan} geomLayerTransform={tx=467,ty=475.873}} because it is invalid. transform={0.000000,0.000000,0.000000,0.000000}  requestedTransform={0.000000,0.000000,0.000000,0.000000}
03-27 20:48:25.394  1217  1332 I libPowerHal: set_data_partition_boost: value:0, scn:0xb40000789ee53ea0
03-27 20:48:25.394  1217  1332 I libPowerHal: set_f2fs_current_flush_merge:0
03-27 20:48:25.394  1217  1332 I libPowerHal: [PD] LAUNCH update cmd:2c14000 param:0
03-27 20:48:25.407  1283  1283 E SurfaceFlinger: Out of order buffers detected for RequestedLayerState{com.motorola.launcher3/com.android.launcher3.CustomizationPanelLauncher#3401 parentId=749} producedId=56 frameNumber=161 -> producedId=56 frameNumber=40
03-27 20:48:25.407  1283  1283 W SurfaceFlinger: Resetting transform for Snapshot{TraversalPath{.id = 3457}Surface(name=Task=55529)/@0xbcaf652_transition-leash#3457 isVisible=0 {invalidTransform} changes=Geometry | AffectsChildren | FrameRate | VisibleRegion layerStack=0 geomLayerBounds={nan,nan,nan,nan} geomLayerTransform={tx=467,ty=475.61}} because it is invalid. transform={0.000000,0.000000,0.000000,0.000000}  requestedTransform={0.000000,0.000000,0.000000,0.000000}
03-27 20:48:25.408  1283  1283 I SurfaceFlinger: onHandleDestroyed: name=Surface(name=5134a0e Application Error: com.mu6.app)/@0x73e51fd - animation-leash of window_animation#3460, layerId=3460, parentId=0
03-27 20:48:25.416  1283  1283 E SurfaceFlinger: Out of order buffers detected for RequestedLayerState{com.motorola.launcher3/com.android.launcher3.CustomizationPanelLauncher#3401 parentId=749} producedId=56 frameNumber=161 -> producedId=56 frameNumber=41
03-27 20:48:25.416  1283  1283 W SurfaceFlinger: Resetting transform for Snapshot{TraversalPath{.id = 3457}Surface(name=Task=55529)/@0xbcaf652_transition-leash#3457 isVisible=0 {invalidTransform} changes=Geometry | AffectsChildren | FrameRate | VisibleRegion layerStack=0 geomLayerBounds={nan,nan,nan,nan} geomLayerTransform={tx=467,ty=475.247}} because it is invalid. transform={0.000000,0.000000,0.000000,0.000000}  requestedTransform={0.000000,0.000000,0.000000,0.000000}
03-27 20:48:25.417  1283  1283 I BufferQueueDebug: [Surface(name=5134a0e Application Error: com.mu6.app)/@0x73e51fd - animation-leash of window_animation#3460](this:0xb400007265319820,id:-1,api:0,p:-1,c:1283) onDestructor()
03-27 20:48:25.419  1820  1820 I EnhancedConnectivity: [DataStallService] isPoorSignal = false
03-27 20:48:25.427  1820  2537 W ParceledListSlice: Element #128 is 16500 bytes.
03-27 20:48:25.429  1283  1283 E SurfaceFlinger: Out of order buffers detected for RequestedLayerState{com.motorola.launcher3/com.android.launcher3.CustomizationPanelLauncher#3401 parentId=749} producedId=56 frameNumber=161 -> producedId=56 frameNumber=42
03-27 20:48:25.429  1283  1283 W SurfaceFlinger: Resetting transform for Snapshot{TraversalPath{.id = 3457}Surface(name=Task=55529)/@0xbcaf652_transition-leash#3457 isVisible=0 {invalidTransform} changes=Geometry | AffectsChildren | VisibleRegion layerStack=0 geomLayerBounds={nan,nan,nan,nan} geomLayerTransform={tx=467,ty=474.83}} because it is invalid. transform={0.000000,0.000000,0.000000,0.000000}  requestedTransform={0.000000,0.000000,0.000000,0.000000}
03-27 20:48:25.431  1820  2537 W ParceledListSlice: Element #148 is 145596 bytes.
03-27 20:48:25.431  1820  2537 W ParceledListSlice: Overly large reply size: 197164
03-27 20:48:25.438  1283  1283 E SurfaceFlinger: Out of order buffers detected for RequestedLayerState{com.motorola.launcher3/com.android.launcher3.CustomizationPanelLauncher#3401 parentId=749} producedId=56 frameNumber=161 -> producedId=56 frameNumber=43
03-27 20:48:25.438  1283  1283 W SurfaceFlinger: Resetting transform for Snapshot{TraversalPath{.id = 3457}Surface(name=Task=55529)/@0xbcaf652_transition-leash#3457 isVisible=0 {invalidTransform} changes=Geometry | AffectsChildren | VisibleRegion layerStack=0 geomLayerBounds={nan,nan,nan,nan} geomLayerTransform={tx=467,ty=474.338}} because it is invalid. transform={0.000000,0.000000,0.000000,0.000000}  requestedTransform={0.000000,0.000000,0.000000,0.000000}
03-27 20:48:25.449  1820  4152 W ParceledListSlice: Element #275 is 45384 bytes.
03-27 20:48:25.449  1820  4152 W ParceledListSlice: Element #276 is 17488 bytes.
03-27 20:48:25.451  1283  1283 E SurfaceFlinger: Out of order buffers detected for RequestedLayerState{com.motorola.launcher3/com.android.launcher3.CustomizationPanelLauncher#3401 parentId=749} producedId=56 frameNumber=161 -> producedId=56 frameNumber=44
03-27 20:48:25.452  1283  1283 W SurfaceFlinger: Resetting transform for Snapshot{TraversalPath{.id = 3457}Surface(name=Task=55529)/@0xbcaf652_transition-leash#3457 isVisible=0 {invalidTransform} changes=Geometry | AffectsChildren | VisibleRegion layerStack=0 geomLayerBounds={nan,nan,nan,nan} geomLayerTransform={tx=467,ty=473.871}} because it is invalid. transform={0.000000,0.000000,0.000000,0.000000}  requestedTransform={0.000000,0.000000,0.000000,0.000000}
03-27 20:48:25.460  1283  1283 E SurfaceFlinger: Out of order buffers detected for RequestedLayerState{com.motorola.launcher3/com.android.launcher3.CustomizationPanelLauncher#3401 parentId=749} producedId=56 frameNumber=161 -> producedId=56 frameNumber=45
03-27 20:48:25.460  1283  1283 W SurfaceFlinger: Resetting transform for Snapshot{TraversalPath{.id = 3457}Surface(name=Task=55529)/@0xbcaf652_transition-leash#3457 isVisible=0 {invalidTransform} changes=Geometry | AffectsChildren | VisibleRegion layerStack=0 geomLayerBounds={nan,nan,nan,nan} geomLayerTransform={tx=467,ty=473.404}} because it is invalid. transform={0.000000,0.000000,0.000000,0.000000}  requestedTransform={0.000000,0.000000,0.000000,0.000000}
03-27 20:48:25.465  1820  4152 W ParceledListSlice: Element #370 is 77084 bytes.
03-27 20:48:25.465  1820  4152 W ParceledListSlice: Overly large reply size: 94472
03-27 20:48:25.472  1820  4152 W ParceledListSlice: Element #416 is 20476 bytes.
03-27 20:48:25.474  1283  1283 E SurfaceFlinger: Out of order buffers detected for RequestedLayerState{com.motorola.launcher3/com.android.launcher3.CustomizationPanelLauncher#3401 parentId=749} producedId=56 frameNumber=161 -> producedId=56 frameNumber=46
