03-27 20:48:25.474  1283  1283 W SurfaceFlinger: Resetting transform for Snapshot{TraversalPath{.id = 3457}Surface(name=Task=55529)/@0xbcaf652_transition-leash#3457 isVisible=0 {invalidTransform} changes=Geometry | AffectsChildren | VisibleRegion layerStack=0 geomLayerBounds={nan,nan,nan,nan} geomLayerTransform={tx=467,ty=472.945}} because it is invalid. transform={0.000000,0.000000,0.000000,0.000000}  requestedTransform={0.000000,0.000000,0.000000,0.000000}
03-27 20:48:25.475  1820  4152 W ParceledListSlice: Element #428 is 29700 bytes.
03-27 20:48:25.477  1820  4152 W ParceledListSlice: Element #448 is 19076 bytes.
03-27 20:48:25.482  1283  1283 E SurfaceFlinger: Out of order buffers detected for RequestedLayerState{com.motorola.launcher3/com.android.launcher3.CustomizationPanelLauncher#3401 parentId=749} producedId=56 frameNumber=161 -> producedId=56 frameNumber=47
03-27 20:48:25.483  1283  1283 W SurfaceFlinger: Resetting transform for Snapshot{TraversalPath{.id = 3457}Surface(name=Task=55529)/@0xbcaf652_transition-leash#3457 isVisible=0 {invalidTransform} changes=Geometry | AffectsChildren | VisibleRegion layerStack=0 geomLayerBounds={nan,nan,nan,nan} geomLayerTransform={tx=467,ty=472.503}} because it is invalid. transform={0.000000,0.000000,0.000000,0.000000}  requestedTransform={0.000000,0.000000,0.000000,0.000000}
03-27 20:48:25.496  1283  1283 E SurfaceFlinger: Out of order buffers detected for RequestedLayerState{com.motorola.launcher3/com.android.launcher3.CustomizationPanelLauncher#3401 parentId=749} producedId=56 frameNumber=161 -> producedId=56 frameNumber=48
03-27 20:48:25.496  1283  1283 W SurfaceFlinger: Resetting transform for Snapshot{TraversalPath{.id = 3457}Surface(name=Task=55529)/@0xbcaf652_transition-leash#3457 isVisible=0 {invalidTransform} changes=Geometry | AffectsChildren | VisibleRegion layerStack=0 geomLayerBounds={nan,nan,nan,nan} geomLayerTransform={tx=467,ty=472.083}} because it is invalid. transform={0.000000,0.000000,0.000000,0.000000}  requestedTransform={0.000000,0.000000,0.000000,0.000000}
03-27 20:48:25.504  1283  1283 E SurfaceFlinger: Out of order buffers detected for RequestedLayerState{com.motorola.launcher3/com.android.launcher3.CustomizationPanelLauncher#3401 parentId=749} producedId=56 frameNumber=161 -> producedId=56 frameNumber=49
03-27 20:48:25.505  1283  1283 W SurfaceFlinger: Resetting transform for Snapshot{TraversalPath{.id = 3457}Surface(name=Task=55529)/@0xbcaf652_transition-leash#3457 isVisible=0 {invalidTransform} changes=Geometry | AffectsChildren | VisibleRegion layerStack=0 geomLayerBounds={nan,nan,nan,nan} geomLayerTransform={tx=467,ty=471.69}} because it is invalid. transform={0.000000,0.000000,0.000000,0.000000}  requestedTransform={0.000000,0.000000,0.000000,0.000000}
03-27 20:48:25.518  1283  1283 E SurfaceFlinger: Out of order buffers detected for RequestedLayerState{com.motorola.launcher3/com.android.launcher3.CustomizationPanelLauncher#3401 parentId=749} producedId=56 frameNumber=161 -> producedId=56 frameNumber=50
03-27 20:48:25.518  1283  1283 W SurfaceFlinger: Resetting transform for Snapshot{TraversalPath{.id = 3457}Surface(name=Task=55529)/@0xbcaf652_transition-leash#3457 isVisible=0 {invalidTransform} changes=Geometry | AffectsChildren | VisibleRegion layerStack=0 geomLayerBounds={nan,nan,nan,nan} geomLayerTransform={tx=467,ty=471.326}} because it is invalid. transform={0.000000,0.000000,0.000000,0.000000}  requestedTransform={0.000000,0.000000,0.000000,0.000000}
03-27 20:48:25.527  1283  1283 E SurfaceFlinger: Out of order buffers detected for RequestedLayerState{com.motorola.launcher3/com.android.launcher3.CustomizationPanelLauncher#3401 parentId=749} producedId=56 frameNumber=161 -> producedId=56 frameNumber=51
03-27 20:48:25.527  1283  1283 W SurfaceFlinger: Resetting transform for Snapshot{TraversalPath{.id = 3457}Surface(name=Task=55529)/@0xbcaf652_transition-leash#3457 isVisible=0 {invalidTransform} changes=Geometry | AffectsChildren | VisibleRegion layerStack=0 geomLayerBounds={nan,nan,nan,nan} geomLayerTransform={tx=467,ty=470.993}} because it is invalid. transform={0.000000,0.000000,0.000000,0.000000}  requestedTransform={0.000000,0.000000,0.000000,0.000000}
03-27 20:48:25.527  1283  1283 I BufferQueueProducer: [FreeformPillView#3338](this:0xb400007264f5f020,id:-1,api:0,p:-1,c:1283) queueBuffer: fps=0.48 dur=2083.29 max=2083.29 min=2083.29
03-27 20:48:25.540  1283  1283 E SurfaceFlinger: Out of order buffers detected for RequestedLayerState{com.motorola.launcher3/com.android.launcher3.CustomizationPanelLauncher#3401 parentId=749} producedId=56 frameNumber=161 -> producedId=56 frameNumber=52
03-27 20:48:25.540  1283  1283 W SurfaceFlinger: Resetting transform for Snapshot{TraversalPath{.id = 3457}Surface(name=Task=55529)/@0xbcaf652_transition-leash#3457 isVisible=0 {invalidTransform} changes=Geometry | AffectsChildren | VisibleRegion layerStack=0 geomLayerBounds={nan,nan,nan,nan} geomLayerTransform={tx=467,ty=470.69}} because it is invalid. transform={0.000000,0.000000,0.000000,0.000000}  requestedTransform={0.000000,0.000000,0.000000,0.000000}
03-27 20:48:25.549  1283  1283 E SurfaceFlinger: Out of order buffers detected for RequestedLayerState{com.motorola.launcher3/com.android.launcher3.CustomizationPanelLauncher#3401 parentId=749} producedId=56 frameNumber=161 -> producedId=56 frameNumber=53
03-27 20:48:25.549  1283  1283 W SurfaceFlinger: Resetting transform for Snapshot{TraversalPath{.id = 3457}Surface(name=Task=55529)/@0xbcaf652_transition-leash#3457 isVisible=0 {invalidTransform} changes=Geometry | AffectsChildren | VisibleRegion layerStack=0 geomLayerBounds={nan,nan,nan,nan} geomLayerTransform={tx=467,ty=470.418}} because it is invalid. transform={0.000000,0.000000,0.000000,0.000000}  requestedTransform={0.000000,0.000000,0.000000,0.000000}
03-27 20:48:25.562  1283  1283 E SurfaceFlinger: Out of order buffers detected for RequestedLayerState{com.motorola.launcher3/com.android.launcher3.CustomizationPanelLauncher#3401 parentId=749} producedId=56 frameNumber=161 -> producedId=56 frameNumber=54
03-27 20:48:25.562  1283  1283 W SurfaceFlinger: Resetting transform for Snapshot{TraversalPath{.id = 3457}Surface(name=Task=55529)/@0xbcaf652_transition-leash#3457 isVisible=0 {invalidTransform} changes=Geometry | AffectsChildren | VisibleRegion layerStack=0 geomLayerBounds={nan,nan,nan,nan} geomLayerTransform={tx=467,ty=470.175}} because it is invalid. transform={0.000000,0.000000,0.000000,0.000000}  requestedTransform={0.000000,0.000000,0.000000,0.000000}
03-27 20:48:25.571  1283  1283 E SurfaceFlinger: Out of order buffers detected for RequestedLayerState{com.motorola.launcher3/com.android.launcher3.CustomizationPanelLauncher#3401 parentId=749} producedId=56 frameNumber=161 -> producedId=56 frameNumber=55
03-27 20:48:25.571  1283  1283 W SurfaceFlinger: Resetting transform for Snapshot{TraversalPath{.id = 3457}Surface(name=Task=55529)/@0xbcaf652_transition-leash#3457 isVisible=0 {invalidTransform} changes=Geometry | AffectsChildren | VisibleRegion layerStack=0 geomLayerBounds={nan,nan,nan,nan} geomLayerTransform={tx=467,ty=469.961}} because it is invalid. transform={0.000000,0.000000,0.000000,0.000000}  requestedTransform={0.000000,0.000000,0.000000,0.000000}
03-27 20:48:25.584  1283  1283 E SurfaceFlinger: Out of order buffers detected for RequestedLayerState{com.motorola.launcher3/com.android.launcher3.CustomizationPanelLauncher#3401 parentId=749} producedId=56 frameNumber=161 -> producedId=56 frameNumber=56
03-27 20:48:25.584  1283  1283 W SurfaceFlinger: Resetting transform for Snapshot{TraversalPath{.id = 3457}Surface(name=Task=55529)/@0xbcaf652_transition-leash#3457 isVisible=0 {invalidTransform} changes=Geometry | AffectsChildren | VisibleRegion layerStack=0 geomLayerBounds={nan,nan,nan,nan} geomLayerTransform={tx=467,ty=469.774}} because it is invalid. transform={0.000000,0.000000,0.000000,0.000000}  requestedTransform={0.000000,0.000000,0.000000,0.000000}
03-27 20:48:25.587  2269  2310 V WindowManagerShell: Transition animation finished (aborted=false), notifying core (#250) android.os.BinderProxy@cea3b36@0
03-27 20:48:25.590  1820  1842 V WindowManager: Finish Transition (#250): created at 03-27 20:48:24.873 collect-started=0.108ms request-sent=0.175ms started=9.987ms ready=34.311ms sent=96.764ms finished=715.867ms
03-27 20:48:25.593  1283  1283 E SurfaceFlinger: Out of order buffers detected for RequestedLayerState{com.motorola.launcher3/com.android.launcher3.CustomizationPanelLauncher#3401 parentId=749} producedId=56 frameNumber=161 -> producedId=56 frameNumber=57
03-27 20:48:25.593  2269  2310 V WindowManagerShell: Track 0 became idle
03-27 20:48:25.593  2269  2310 V WindowManagerShell: All active transition animations finished
03-27 20:48:25.593  1820  2537 W UserManagerService: Requested status bar icon for non-badged user 0
03-27 20:48:25.594  1283  1283 I SurfaceFlinger: onHandleDestroyed: name=Transition Root: Task=1#3455, layerId=3455, parentId=0
03-27 20:48:25.596  1820  4152 W UserManagerService: Requested status bar icon for non-badged user 0
03-27 20:48:25.598  5117  5117 D VRI[MainActivity]: visibilityChanged oldVisibility=true newVisibility=false
03-27 20:48:25.599  5117  5152 I HWUI    : setGrContext validptr-->nullptr
03-27 20:48:25.600  5117  5152 D Surface : Surface::disconnect
03-27 20:48:25.607  1283  1283 E SurfaceFlinger: Out of order buffers detected for RequestedLayerState{com.motorola.launcher3/com.android.launcher3.CustomizationPanelLauncher#3401 parentId=749} producedId=56 frameNumber=161 -> producedId=56 frameNumber=58
03-27 20:48:25.608  1283  1283 I BufferQueueDebug: [Transition Root: Task=1#3455](this:0xb400007263b02020,id:-1,api:0,p:-1,c:1283) onDestructor()
03-27 20:48:25.617  5117  5117 W WindowOnBackDispatcher: sendCancelIfRunning: isInProgress=false callback=android.view.ViewRootImpl$$ExternalSyntheticLambda11@51c25ee
03-27 20:48:25.617  1820  4152 D CoreBackPreview: Window{4fb2c12 u0 com.mu6.app/com.mu6.app.MainActivity}: Setting back callback null
03-27 20:48:25.620  5117  5152 D BLASTBufferQueue: [VRI[MainActivity]#0](f:0,a:0) destructor()
03-27 20:48:25.620  5117  5152 D BufferQueueConsumer: [com.mu6.app/com.mu6.app.MainActivity#3444(BLAST Consumer)pid:5117](id:13fd00000000,api:0,p:-1,c:5117) disconnect
03-27 20:48:25.622  1820  4152 W InputManager-JNI: Input channel object '4fb2c12 com.mu6.app/com.mu6.app.MainActivity (client)' was disposed without first being removed with the input manager!
03-27 20:48:25.629  1283  1283 I SurfaceFlinger: onHandleDestroyed: name=com.mu6.app/com.mu6.app.MainActivity#3444, layerId=3444, parentId=0
03-27 20:48:25.629  1283  1283 I SurfaceFlinger: onHandleDestroyed: name=4fb2c12 com.mu6.app/com.mu6.app.MainActivity#3443, layerId=3443, parentId=0
03-27 20:48:25.630  1820  4152 W InputManager-JNI: Input channel object '590388f Splash Screen com.mu6.app (client)' was disposed without first being removed with the input manager!
03-27 20:48:25.635  2269  2376 D Surface : Surface::disconnect
03-27 20:48:25.636  1283  2749 I SurfaceFlinger: onHandleDestroyed: name=3d147a2 ActivityRecordInputSink com.mu6.app/.MainActivity#3442, layerId=3442, parentId=0
03-27 20:48:25.638  1283  1283 I BufferQueueDebug: [com.mu6.app/com.mu6.app.MainActivity#3444](this:0xb400007263b66820,id:-1,api:0,p:-1,c:1283) onDestructor()
03-27 20:48:25.639  1283  1283 I BufferQueueDebug: [4fb2c12 com.mu6.app/com.mu6.app.MainActivity#3443](this:0xb4000072652fd820,id:-1,api:0,p:-1,c:1283) onDestructor()
03-27 20:48:25.641  1283  2749 I BufferQueueDebug: [Task=55529#3462](this:0xb4000072652fd820,id:-1,api:0,p:-1,c:-1) BufferQueue core=(1283:/system/bin/surfaceflinger)
03-27 20:48:25.642  5117  5117 W unknown:BridgelessReact: ReactHost{0}.stopSurface(surfaceId = 1): Schedule
03-27 20:48:25.642  5117  5117 W unknown:BridgelessReact: ReactHost{0}.detachSurface(surfaceId = 1)
03-27 20:48:25.642  5117  5117 W unknown:BridgelessReact: ReactHost{0}.onHostDestroy(activity)
03-27 20:48:25.642  5117  5117 W unknown:BridgelessReact: ReactContext.onHostDestroy()
03-27 20:48:25.643  5117  5163 W unknown:BridgelessReact: ReactHost{0}.stopSurface(surfaceId = 1): Execute
03-27 20:48:25.643  5117  5163 E unknown:SurfaceMountingManager: Stopping surface [1]
03-27 20:48:25.646 28187 28187 I TopTaskTracker: onTaskRemoved: taskId=55529
03-27 20:48:25.647 28187 28187 I TopTaskTracker: onTaskRemoved: taskId=55529
03-27 20:48:25.647  4299  4521 W MotoFreeForm: [FreeFormController] onTaskRemoved 55529
03-27 20:48:25.647  4299  4521 W MotoFreeForm: [FreeFormController] onTaskRemoved 55529
03-27 20:48:25.649  1820  2537 W WindowManager: Failed looking up window session=Session{92ceb1b 2269:u0a10315} callers=com.android.server.wm.WindowManagerService.windowForClientLocked:6924 com.android.server.wm.WindowManagerService.relayoutWindowInner:2615 com.android.server.wm.WindowManagerService.relayoutWindow:2580 
03-27 20:48:25.649  1820  2537 W WindowManager: win is null client=android.os.BinderProxy@3a03bee
03-27 20:48:25.650  2269  2349 D BLASTBufferQueue: [VRI[app]#333](f:0,a:1) destructor()
03-27 20:48:25.650  2269  2349 D BufferQueueConsumer: [Splash Screen com.mu6.app#3436(BLAST Consumer)pid:2269](id:8dd00000151,api:0,p:-1,c:2269) disconnect
03-27 20:48:25.651  1283  1283 I SurfaceFlinger: onHandleDestroyed: name=Task=55529#3462, layerId=3462, parentId=0
03-27 20:48:25.651  1283  1283 I SurfaceFlinger: onHandleDestroyed: name=ActivityRecord{adc9f6d u0 com.mu6.app/.MainActivity#3434, layerId=3434, parentId=0
03-27 20:48:25.651  1283  1283 I SurfaceFlinger: onHandleDestroyed: name=590388f Splash Screen com.mu6.app#3435, layerId=3435, parentId=0
03-27 20:48:25.651  1283  1283 I SurfaceFlinger: onHandleDestroyed: name=Splash Screen com.mu6.app#3436, layerId=3436, parentId=0
03-27 20:48:25.653  2269  2349 W WindowOnBackDispatcher: sendCancelIfRunning: isInProgress=false callback=android.view.ViewRootImpl$$ExternalSyntheticLambda11@9398dae
03-27 20:48:25.654  1820  2537 W WindowManager: Failed looking up window session=Session{92ceb1b 2269:u0a10315} callers=com.android.server.wm.WindowManagerService.windowForClientLocked:6924 com.android.server.wm.Session.setOnBackInvokedCallbackInfo:1065 android.view.IWindowSession$Stub.onTransact:1258 
03-27 20:48:25.654  1820  2537 W WindowManager: win is null client=android.os.BinderProxy@3a03bee
03-27 20:48:25.654  1820  2537 I WindowManager: setOnBackInvokedCallback(): No window state for package:com.android.systemui
03-27 20:48:25.657  1820  2537 I MediaFocusControl: abandonAudioFocus() from uid/pid 10398/5117 clientId=android.media.AudioManager@5c10fcbexpo.modules.av.AVManager@4c4378a
03-27 20:48:25.657  1820  2537 I MediaFocusControl: removeFocusStackEntry client:android.media.AudioManager@5c10fcbexpo.modules.av.AVManager@4c4378a
03-27 20:48:25.657  1820  4152 W WindowManager: Cannot find window which accessibility connection is added to
03-27 20:48:25.657  5117  5117 E unknown:ReactNative: Tried to remove non-existent frame callback
03-27 20:48:25.658  1820  4152 W WindowManager: Failed looking up window session=Session{92ceb1b 2269:u0a10315} callers=com.android.server.wm.WindowManagerService.removeClientToken:2323 com.android.server.wm.Session.remove:275 android.view.IWindowSession$Stub.onTransact:734 
03-27 20:48:25.658  1820  4152 W WindowManager: win is null client=android.os.BinderProxy@3a03bee
03-27 20:48:25.658  5117  5117 E unknown:SurfaceMountingManager: Surface [1] was stopped on SurfaceMountingManager.
03-27 20:48:25.660  1283  1283 I BufferQueueDebug: [3d147a2 ActivityRecordInputSink com.mu6.app/.MainActivity#3442](this:0xb4000072652fa020,id:-1,api:0,p:-1,c:1283) onDestructor()
03-27 20:48:25.660  1283  1283 I BufferQueueDebug: [ActivityRecord{adc9f6d u0 com.mu6.app/.MainActivity#3434](this:0xb400007265254020,id:-1,api:0,p:-1,c:1283) onDestructor()
03-27 20:48:25.660  1283  1283 I BufferQueueDebug: [590388f Splash Screen com.mu6.app#3435](this:0xb400007265276020,id:-1,api:0,p:-1,c:1283) onDestructor()
03-27 20:48:25.660  1283  1283 I BufferQueueDebug: [Splash Screen com.mu6.app#3436](this:0xb4000072652c6820,id:-1,api:0,p:-1,c:1283) onDestructor()
03-27 20:48:25.660  1283  1283 I BufferQueueDebug: [Task=55529#3462](this:0xb4000072652fd820,id:-1,api:0,p:-1,c:1283) onDestructor()
03-27 20:48:25.872  1283  1283 I BufferQueueProducer: [NavigationBar0#88](this:0xb400007264cdd820,id:-1,api:0,p:-1,c:1283) queueBuffer: fps=51.35 dur=1012.57 max=403.45 min=8.01
03-27 20:48:25.881  1820  1820 I EnhancedConnectivity: [DataStallService] isPoorSignal = false
03-27 20:48:26.172  1283  1698 I Scheduler: applyPolicy: UpdateRefreshRate 90 to 120 of group 0: [touch=0:0 touchBoost=0 scroll=0:0 idle=0:0]
03-27 20:48:26.172  1283  1698 D DisplayModeController: setDesiredMode 0 {mode={fps=120.00 Hz, modePtr={id=0, vsyncRate=120.00 Hz, peakRefreshRate=120.00 Hz}}, emitEvent=true, force=false}
03-27 20:48:26.172  1283  1698 D Scheduler: MtkOverrideDuration: update vsync 120
03-27 20:48:26.172  1283  1698 D Scheduler: MtkOverrideDuration: reset override duration
03-27 20:48:26.172  1283  1698 I PowerHalWrapper: updateFps(): 120
03-27 20:48:26.183  1283  1283 I SurfaceFlinger: initiateDisplayModeChanges changing active mode from 1(90.00 Hz:0) to 0(120.00 Hz:0) for display 0
03-27 20:48:26.183  1151  1664 I hwcomposer: [HWC] (0) displaySetActiveConfig config:0  
03-27 20:48:26.183  1283  1283 I SurfaceFlinger: initiateDisplayModeChanges active mode changed to 0(120.00 Hz) for display 0. mBrightnessDimingCnt=0
03-27 20:48:26.193  1283  1283 D SurfaceFlinger: backpressure when mode change
03-27 20:48:26.204  1283  1283 I PowerHalWrapper: updateFps(): 120
03-27 20:48:26.205  1820  1845 I DisplayDeviceRepository: Display device changed render timings: "Built-in Screen", renderFrameRate=120.00001, presentationDeadlineNanos=22000000, appVsyncOffsetNanos=-8000000
03-27 20:48:26.205  1283  1283 I SurfaceFlinger: initiateDisplayModeChanges changing active mode from 0(120.00 Hz:0) to 0(120.00 Hz:0) for display 0
03-27 20:48:26.205  1283  1283 I PowerHalWrapper: updateFps(): 120
03-27 20:48:26.208  1820  2075 D AudioSystem: +setParameters(): screen_state=on 
03-27 20:48:26.208  1820  1845 D DisplayManagerService: Ignore redundant display event 0/2 to 10398/5117
03-27 20:48:26.208  1820  1845 D DisplayManagerService: Ignore redundant display event 0/2 to 10357/11475
03-27 20:48:26.208  1820  1845 D DisplayManagerService: Ignore redundant display event 0/2 to 10714/18432
03-27 20:48:26.208  1820  1845 D DisplayManagerService: Ignore redundant display event 0/2 to 10247/19596
03-27 20:48:26.208  1820  1845 D DisplayManagerService: Ignore redundant display event 0/2 to 10347/19886
03-27 20:48:26.208  1820  1845 D DisplayManagerService: Ignore redundant display event 0/2 to 10236/23455
03-27 20:48:26.208  1820  1845 D DisplayManagerService: Ignore redundant display event 0/2 to 10475/23831
03-27 20:48:26.208  1820  1845 D DisplayManagerService: Ignore redundant display event 0/2 to 10234/25737
03-27 20:48:26.208  1820  1845 D DisplayManagerService: Ignore redundant display event 0/2 to 10084/26413
03-27 20:48:26.208  1820  1845 D DisplayManagerService: Ignore redundant display event 0/2 to 10218/28610
03-27 20:48:26.208  1820  1845 D DisplayManagerService: Ignore redundant display event 0/2 to 10231/30706
03-27 20:48:26.208  1820  1845 D DisplayManagerService: Ignore redundant display event 0/2 to 10258/31196
03-27 20:48:26.208  1820  1845 D DisplayManagerService: Ignore redundant display event 0/2 to 10085/31738
03-27 20:48:26.209  1820  1874 D BrightnessThermalClamper: Thermal status observer already started
03-27 20:48:26.211  1143  2581 D AudioALSAHardware: +setParameters(): screen_state=on
03-27 20:48:26.211  1143  2581 D AudioALSAStreamOut: +setScreenState(), flag 2, mode 1
03-27 20:48:26.211  1143  2581 D AudioALSAStreamOut: +setScreenState(), flag 8, mode 1
03-27 20:48:26.211  1143  2581 D AudioALSAStreamOut: +setScreenState(), flag 4, mode 1
03-27 20:48:26.211  1143  2581 D AudioALSAStreamOut: +setScreenState(), flag 32768, mode 1
03-27 20:48:26.211  1143  2581 D AudioALSAStreamOut: +setScreenState(), flag 65536, mode 1
03-27 20:48:26.211  1143  2581 D AudioALSAHardware: -setParameters(): screen_state=on
03-27 20:48:26.211 10269 11783 D MCLOG   : [BrightnessTrigger] onDisplayChanged displayId = 0
03-27 20:48:26.212  1143  2581 W BTAudioHw: adev_set_parameterserror paremeter : : ParamsMap=[key: 'screen_state' value: 'on'
03-27 20:48:26.212  1143  2581 W BTAudioHw: ]
03-27 20:48:26.213 10269 11783 D MCLOG   : [BrightnessManager] displayId = 0 brightness = 0.27405417 nit = 126.658806 level = br2
03-27 20:48:26.308  1217  1313 I libPerfCtl: xgfGetFPS pid:1820 fps:-1
03-27 20:48:26.309  1217  1313 I libPerfCtl: xgfGetFPS pid:2269 fps:87
03-27 20:48:26.309  1217  1313 I libPerfCtl: xgfGetFPS pid:28187 fps:88
03-27 20:48:26.309  1217  1313 I libPerfCtl: xgfGetFPS pid:31864 fps:-1
03-27 20:48:26.328  1283  1283 I BufferQueueProducer: [FramebufferSurface](this:0xb400007295f806d0,id:-1,api:1,p:1283,c:1283) queueBuffer: fps=88.67 dur=1003.72 max=23.19 min=6.24
03-27 20:48:26.330  1151  1664 I hwcomposer: [HWCDisplay] [Display_0 (type:1)] fps:88.486191,dur:1005.81,max:27.16,min:4.96  
03-27 20:48:26.403  1820  1820 I EnhancedConnectivity: [DataStallService] isPoorSignal = false
03-27 20:48:26.898  1283  1283 I BufferQueueProducer: [NavigationBar0#88](this:0xb400007264cdd820,id:-1,api:0,p:-1,c:1283) queueBuffer: fps=65.28 dur=1026.42 max=52.72 min=8.16
03-27 20:48:27.036  2399  2421 E NetlinkUtils: receiveNetlinkAck, errmsg=NetlinkErrorMessage{ nlmsghdr{StructNlMsgHdr{ nlmsg_len{100}, nlmsg_type{2()}, nlmsg_flags{0()}, nlmsg_seq{1}, nlmsg_pid{-465706427} }}, nlmsgerr{StructNlMsgErr{ error{-2}, msg{StructNlMsgHdr{ nlmsg_len{80}, nlmsg_type{256()}, nlmsg_flags{261(NLM_F_REQUEST|NLM_F_ACK|NLM_F_ROOT)}, nlmsg_seq{1}, nlmsg_pid{0} }} }} }
03-27 20:48:27.037  2399  2421 W Tethering: [BpfCoordinator] WARN Failed to update conntrack entry (proto: 6, src4: /10.168.54.4, srcPort: 60121, dst4: /17.248.214.68, dstPort: 443), msg: 50000000000105010100000000000000020000003400018014000180080001000AA836040800020011F8D6441C000280050001000600000006000200EAD900000600030001BB00000800070000069780, e: android.system.ErrnoException: NetlinkErrorMessage{ nlmsghdr{StructNlMsgHdr{ nlmsg_len{100}, nlmsg_type{2()}, nlmsg_flags{0()}, nlmsg_seq{1}, nlmsg_pid{-465706427} }}, nlmsgerr{StructNlMsgErr{ error{-2}, msg{StructNlMsgHdr{ nlmsg_len{80}, nlmsg_type{256()}, nlmsg_flags{261(NLM_F_REQUEST|NLM_F_ACK|NLM_F_ROOT)}, nlmsg_seq{1}, nlmsg_pid{0} }} }} } failed: ENOENT (No such file or directory)
03-27 20:48:27.088  2399  2421 E NetlinkUtils: receiveNetlinkAck, errmsg=NetlinkErrorMessage{ nlmsghdr{StructNlMsgHdr{ nlmsg_len{100}, nlmsg_type{2()}, nlmsg_flags{0()}, nlmsg_seq{1}, nlmsg_pid{-1153724743} }}, nlmsgerr{StructNlMsgErr{ error{-2}, msg{StructNlMsgHdr{ nlmsg_len{80}, nlmsg_type{256()}, nlmsg_flags{261(NLM_F_REQUEST|NLM_F_ACK|NLM_F_ROOT)}, nlmsg_seq{1}, nlmsg_pid{0} }} }} }
03-27 20:48:27.089  2399  2421 W Tethering: [BpfCoordinator] WARN Failed to update conntrack entry (proto: 6, src4: /10.168.54.4, srcPort: 60117, dst4: /157.240.205.60, dstPort: 443), msg: 50000000000105010100000000000000020000003400018014000180080001000AA83604080002009DF0CD3C1C000280050001000600000006000200EAD500000600030001BB00000800070000069780, e: android.system.ErrnoException: NetlinkErrorMessage{ nlmsghdr{StructNlMsgHdr{ nlmsg_len{100}, nlmsg_type{2()}, nlmsg_flags{0()}, nlmsg_seq{1}, nlmsg_pid{-1153724743} }}, nlmsgerr{StructNlMsgErr{ error{-2}, msg{StructNlMsgHdr{ nlmsg_len{80}, nlmsg_type{256()}, nlmsg_flags{261(NLM_F_REQUEST|NLM_F_ACK|NLM_F_ROOT)}, nlmsg_seq{1}, nlmsg_pid{0} }} }} } failed: ENOENT (No such file or directory)
03-27 20:48:27.113  2399  2421 E NetlinkUtils: receiveNetlinkAck, errmsg=NetlinkErrorMessage{ nlmsghdr{StructNlMsgHdr{ nlmsg_len{100}, nlmsg_type{2()}, nlmsg_flags{0()}, nlmsg_seq{1}, nlmsg_pid{-1521376645} }}, nlmsgerr{StructNlMsgErr{ error{-2}, msg{StructNlMsgHdr{ nlmsg_len{80}, nlmsg_type{256()}, nlmsg_flags{261(NLM_F_REQUEST|NLM_F_ACK|NLM_F_ROOT)}, nlmsg_seq{1}, nlmsg_pid{0} }} }} }
03-27 20:48:27.113  2399  2421 W Tethering: [BpfCoordinator] WARN Failed to update conntrack entry (proto: 6, src4: /10.168.54.4, srcPort: 60117, dst4: /157.240.205.60, dstPort: 443), msg: 50000000000105010100000000000000020000003400018014000180080001000AA83604080002009DF0CD3C1C000280050001000600000006000200EAD500000600030001BB00000800070000069780, e: android.system.ErrnoException: NetlinkErrorMessage{ nlmsghdr{StructNlMsgHdr{ nlmsg_len{100}, nlmsg_type{2()}, nlmsg_flags{0()}, nlmsg_seq{1}, nlmsg_pid{-1521376645} }}, nlmsgerr{StructNlMsgErr{ error{-2}, msg{StructNlMsgHdr{ nlmsg_len{80}, nlmsg_type{256()}, nlmsg_flags{261(NLM_F_REQUEST|NLM_F_ACK|NLM_F_ROOT)}, nlmsg_seq{1}, nlmsg_pid{0} }} }} } failed: ENOENT (No such file or directory)
03-27 20:48:27.138  2399  2421 E NetlinkUtils: receiveNetlinkAck, errmsg=NetlinkErrorMessage{ nlmsghdr{StructNlMsgHdr{ nlmsg_len{100}, nlmsg_type{2()}, nlmsg_flags{0()}, nlmsg_seq{1}, nlmsg_pid{-548267043} }}, nlmsgerr{StructNlMsgErr{ error{-2}, msg{StructNlMsgHdr{ nlmsg_len{80}, nlmsg_type{256()}, nlmsg_flags{261(NLM_F_REQUEST|NLM_F_ACK|NLM_F_ROOT)}, nlmsg_seq{1}, nlmsg_pid{0} }} }} }
03-27 20:48:27.138  2399  2421 W Tethering: [BpfCoordinator] WARN Failed to update conntrack entry (proto: 6, src4: /10.168.54.4, srcPort: 60121, dst4: /17.248.214.68, dstPort: 443), msg: 50000000000105010100000000000000020000003400018014000180080001000AA836040800020011F8D6441C000280050001000600000006000200EAD900000600030001BB00000800070000069780, e: android.system.ErrnoException: NetlinkErrorMessage{ nlmsghdr{StructNlMsgHdr{ nlmsg_len{100}, nlmsg_type{2()}, nlmsg_flags{0()}, nlmsg_seq{1}, nlmsg_pid{-548267043} }}, nlmsgerr{StructNlMsgErr{ error{-2}, msg{StructNlMsgHdr{ nlmsg_len{80}, nlmsg_type{256()}, nlmsg_flags{261(NLM_F_REQUEST|NLM_F_ACK|NLM_F_ROOT)}, nlmsg_seq{1}, nlmsg_pid{0} }} }} } failed: ENOENT (No such file or directory)
03-27 20:48:27.172  2399  2421 I Tethering: [BpfCoordinator] onAlertReached
03-27 20:48:27.309  1217  1313 I libPerfCtl: xgfGetFPS pid:1820 fps:-1
03-27 20:48:27.309  1217  1313 I libPerfCtl: xgfGetFPS pid:2269 fps:41
03-27 20:48:27.309  1217  1313 I libPerfCtl: xgfGetFPS pid:28187 fps:-1
03-27 20:48:27.309  1217  1313 I libPowerHal: [updateFPS] pid(28187) : 90 => -1
03-27 20:48:27.309  1217  1332 I libPowerHal: [perfNotifyAppState] pack:com.motorola.launcher3, act:com.android.launcher3.CustomizationPanelLauncher, state:5, pid:28187, uid:10294, fps:-1
03-27 20:48:27.310  1217  1332 I UxUtility: notifyForegroundApp pack:com.motorola.launcher3, uid:10294
03-27 20:48:27.310  1217  1332 I TouchUtility: notifyAppState error = NULL
03-27 20:48:27.310  1217  1313 I libPerfCtl: xgfGetFPS pid:31864 fps:-1
03-27 20:48:27.574  1283  1699 I Scheduler: applyPolicy: UpdateRefreshRate 120 to 30 of group 0: [touch=0:0 touchBoost=0 scroll=0:0 idle=1:1]
03-27 20:48:27.574  1283  1699 D DisplayModeController: setDesiredMode 0 {mode={fps=30.00 Hz, modePtr={id=3, vsyncRate=30.00 Hz, peakRefreshRate=30.00 Hz}}, emitEvent=false, force=false}
03-27 20:48:27.574  1283  1699 D Scheduler: MtkOverrideDuration: update vsync 30
03-27 20:48:27.574  1283  1699 D Scheduler: MtkOverrideDuration: reset override duration
03-27 20:48:27.574  1283  1699 I PowerHalWrapper: updateFps(): 30
03-27 20:48:27.574  1151  1663 I hwcomposer: [DRMDEV] (0) failed to waitNextVsync: -1  
03-27 20:48:27.575  1283  1283 I SurfaceFlinger: initiateDisplayModeChanges changing active mode from 0(120.00 Hz:0) to 3(30.00 Hz:0) for display 0
03-27 20:48:27.575  1151  1664 I hwcomposer: [HWC] (0) displaySetActiveConfig config:3  
03-27 20:48:27.575  1283  1283 I SurfaceFlinger: initiateDisplayModeChanges active mode changed to 3(30.00 Hz) for display 0. mBrightnessDimingCnt=0
03-27 20:48:27.580  1283  1283 I BufferQueueProducer: [FramebufferSurface](this:0xb400007295f806d0,id:-1,api:1,p:1283,c:1283) queueBuffer: fps=26.36 dur=1251.87 max=494.00 min=7.32
03-27 20:48:27.581  1151  1663 I hwcomposer: [DRMDEV] (0) failed to waitNextVsync: -1  
03-27 20:48:27.589  1151  1663 I hwcomposer: [DRMDEV] (0) failed to waitNextVsync: -1  
03-27 20:48:27.594  1151  1664 I hwcomposer: [HWCDisplay] [Display_0 (type:1)] fps:26.112610,dur:1263.76,max:500.18,min:8.20  
03-27 20:48:27.595  1283  1283 I PowerHalWrapper: updateFps(): 30
03-27 20:48:27.596  1283  1283 I SurfaceFlinger: initiateDisplayModeChanges changing active mode from 3(30.00 Hz:0) to 3(30.00 Hz:0) for display 0
03-27 20:48:27.596  1283  1283 I PowerHalWrapper: updateFps(): 30
03-27 20:48:27.790 19596  5301 W Conscrypt: Could not set socket write timeout: java.net.SocketException: Socket closed
03-27 20:48:27.790 19596  5301 W Conscrypt: 	at com.google.android.gms.org.conscrypt.Platform.setSocketWriteTimeout(:com.google.android.gms@261133035@26.11.33 (260400-887465546):204)
03-27 20:48:27.790 19596  5301 W Conscrypt: 	at com.google.android.gms.org.conscrypt.ConscryptFileDescriptorSocket.setSoWriteTimeout(:com.google.android.gms@261133035@26.11.33 (260400-887465546):4)
03-27 20:48:27.792  5117  5485 D ProfileInstaller: Installing profile for com.mu6.app
03-27 20:48:27.853  5486  5486 W libc    : Access denied finding property "persist.adb.tls_server.enable"
03-27 20:48:27.848  5486  5486 W getprop : type=1400 audit(0.0:11814): avc:  denied  { read } for  name="u:object_r:system_adbd_prop:s0" dev="tmpfs" ino=364 scontext=u:r:untrusted_app:s0:c114,c257,c512,c768 tcontext=u:object_r:system_adbd_prop:s0 tclass=file permissive=0 app=finance.global.travel.niyo
03-27 20:48:27.870  1820  2057 D InetDiagMessage: Destroyed 0 sockets, proto=IPPROTO_TCP, family=AF_INET, states=14
03-27 20:48:27.873  1820  2057 D InetDiagMessage: Destroyed 0 sockets, proto=IPPROTO_TCP, family=AF_INET6, states=14
03-27 20:48:27.873  1820  2057 D InetDiagMessage: Destroyed live tcp sockets for uids={10370} in 5ms
03-27 20:48:27.875  1820  2057 D InetDiagMessage: Destroyed 0 sockets, proto=IPPROTO_TCP, family=AF_INET, states=14
03-27 20:48:27.878  1820  2057 D InetDiagMessage: Destroyed 0 sockets, proto=IPPROTO_TCP, family=AF_INET6, states=14
03-27 20:48:27.878  1820  2057 D InetDiagMessage: Destroyed live tcp sockets for uids={20370} in 5ms
03-27 20:48:27.968  1820  1820 I EnhancedConnectivity: [DataStallService] isPoorSignal = false
03-27 20:48:28.100 19596  5301 W Conscrypt: Could not set socket write timeout: java.net.SocketException: Socket closed
03-27 20:48:28.100 19596  5301 W Conscrypt: 	at com.google.android.gms.org.conscrypt.Platform.setSocketWriteTimeout(:com.google.android.gms@261133035@26.11.33 (260400-887465546):204)
03-27 20:48:28.100 19596  5301 W Conscrypt: 	at com.google.android.gms.org.conscrypt.ConscryptFileDescriptorSocket.setSoWriteTimeout(:com.google.android.gms@261133035@26.11.33 (260400-887465546):4)
03-27 20:48:28.136  1820  1960 D BatteryService: uevent={POWER_SUPPLY_VOLTAGE_NOW=3854000, POWER_SUPPLY_VBUS_PRESENT=true, POWER_SUPPLY_TYPE=Battery, POWER_SUPPLY_HEALTH=Good, POWER_SUPPLY_TECHNOLOGY=Li-ion, POWER_SUPPLY_CHARGE_FULL_DESIGN=5972000, POWER_SUPPLY_CONSTANT_CHARGE_VOLTAGE=4300, SEQNUM=8540, POWER_SUPPLY_STATUS=Charging, POWER_SUPPLY_CYCLE_COUNT=366, POWER_SUPPLY_CAPACITY=31, DEVPATH=/devices/platform/11b20000.i2c/i2c-5/5-0034/11b20000.i2c:mt6375@34:mtk_gauge/power_supply/battery, POWER_SUPPLY_CHARGE_RATE=Normal, POWER_SUPPLY_CURRENT_AVG=737100, POWER_SUPPLY_CAPACITY_LEVEL=Normal, POWER_SUPPLY_CURRENT_NOW=703200, POWER_SUPPLY_PRESENT=1, POWER_SUPPLY_POWER_WATT=7, POWER_SUPPLY_CHARGE_FULL=6035500, POWER_SUPPLY_TIME_TO_FULL_NOW=27010, SUBSYSTEM=power_supply, POWER_SUPPLY_TEMP=350, ACTION=change, POWER_SUPPLY_AGE=96, POWER_SUPPLY_NAME=battery, POWER_SUPPLY_LPD_PRESENT=false, POWER_SUPPLY_CHARGE_COUNTER=1871005}
03-27 20:48:28.137  1820  1960 D BatteryService: uevent={POWER_SUPPLY_VOLTAGE_NOW=3854000, POWER_SUPPLY_VBUS_PRESENT=true, POWER_SUPPLY_TYPE=Battery, POWER_SUPPLY_HEALTH=Good, POWER_SUPPLY_TECHNOLOGY=Li-ion, POWER_SUPPLY_CHARGE_FULL_DESIGN=5972000, POWER_SUPPLY_CONSTANT_CHARGE_VOLTAGE=4300, SEQNUM=8540, POWER_SUPPLY_STATUS=Charging, POWER_SUPPLY_CYCLE_COUNT=366, POWER_SUPPLY_CAPACITY=31, DEVPATH=/devices/platform/11b20000.i2c/i2c-5/5-0034/11b20000.i2c:mt6375@34:mtk_gauge/power_supply/battery, POWER_SUPPLY_CHARGE_RATE=Normal, POWER_SUPPLY_CURRENT_AVG=737100, POWER_SUPPLY_CAPACITY_LEVEL=Normal, POWER_SUPPLY_CURRENT_NOW=703200, POWER_SUPPLY_PRESENT=1, POWER_SUPPLY_POWER_WATT=7, POWER_SUPPLY_CHARGE_FULL=6035500, POWER_SUPPLY_TIME_TO_FULL_NOW=27010, SUBSYSTEM=power_supply, POWER_SUPPLY_TEMP=350, ACTION=change, POWER_SUPPLY_AGE=96, POWER_SUPPLY_NAME=battery, POWER_SUPPLY_LPD_PRESENT=false, POWER_SUPPLY_CHARGE_COUNTER=1871005}
03-27 20:48:28.141  2269  3356 D PowerUI : can't show warning due to - plugged: true status unknown: false
03-27 20:48:28.147  2269  3262 D PowerUI : can't show warning due to - plugged: true status unknown: false
03-27 20:48:28.148  1820  1820 V UiModeManager: updateLocked: null action, mDockState=0, category=null
03-27 20:48:28.148  1820  1820 D UiModeManager: updateConfigurationLocked: mDockState=0; mCarMode=false; mNightMode=com.android.server.UiModeManagerService$1@8924144; mNightModeCustomType=-1; uiMode=33
03-27 20:48:28.163  2269  2890 D PowerUI : can't show warning due to - plugged: true status unknown: false
03-27 20:48:28.165  1820  1820 V UiModeManager: updateLocked: null action, mDockState=0, category=null
03-27 20:48:28.165  1820  1820 D UiModeManager: updateConfigurationLocked: mDockState=0; mCarMode=false; mNightMode=com.android.server.UiModeManagerService$1@8924144; mNightModeCustomType=-1; uiMode=33
03-27 20:48:28.178 26413 28023 E msys    : E[N mccw.liger]onReadError(732)=>read/error - ex: AsyncSocketException: recv() failed (peer=157.240.205.175:80), type = Internal error, errno = 103 (Software caused connection abort), errno: 103
03-27 20:48:28.178  1820  2057 D InetDiagMessage: Destroyed 1 sockets, proto=IPPROTO_TCP, family=AF_INET, states=14
03-27 20:48:28.179 26413 26635 E msys    : E[N WA]_WCCXMPPStreamDisconnectHandler(340)=>xmpp/disconnect - WCIStreamStateErrorCode: 2, domain: WCIStreamState, subdomain: MCCWLigerStream: Error Domain=WCIStreamState Code=2 UserInfo=0xb400007923bbb840 {MCFErrorDirectUnderlyingErrorKey=0xb4000078c29425f0 "Error Domain=MCCWLigerStream Code=2 UserInfo=0xb400007923bb4f40 {MCFErrorDirectLocalizedFailureReasonKey=AsyncSocketException: recv() failed (peer=157.240.205.175:80), type = Internal error, errno = 103 (Software caused connection abort)}"}
03-27 20:48:28.179 26413 26635 E msys    : E[N WCCConnectionMEM]_WCCConnectionMEMLifecycleEventHandler(2237)=>[INFO] connection/xmpp/lifecycle_event/not-connected, [4.5630s]
03-27 20:48:28.179 26413 26635 E msys    : E[N WA]_WCCXMPPStreamDoDisconnect(1299)=>xmpp/disconnect - flags: 256
03-27 20:48:28.179 26413 26635 E msys    : E[N WCCConnectionMEM]_WCCConnectionMEMDisconnectHandler(2348)=>connection/disconnected, peer reset
03-27 20:48:28.179 26413 26635 E msys    : E[N WCCConnectionMEM]_WCCConnectionMEMEmitStateChange(3250)=>[INFO] connection/new_state/not-connected [connection_id=854989830, wcc_source=1, wcc_reason=18]
03-27 20:48:28.180 26413 26635 E msys    : E[C MEMConnectionManager]_MEMConnectionManagerStateChangeHandler(593)=>[Critical] MEMConnectionState updated to ID: 0 with connectionId: 854989830
03-27 20:48:28.181  1820  2057 D InetDiagMessage: Destroyed 0 sockets, proto=IPPROTO_TCP, family=AF_INET6, states=14
03-27 20:48:28.181 26413 26635 E msys    : E[C 1]_MCCLogErrorInternal(336)=>8/374/3970/65536
03-27 20:48:28.181  1820  2057 D InetDiagMessage: Destroyed live tcp sockets for uids={10084} in 5ms
03-27 20:48:28.181 26413 26635 E msys    : E[C 1]_MCCLogErrorInternal(336)=>8/374/3972/18
03-27 20:48:28.181 26413 26635 E msys    : E[C mem.context]_LogConnectFailure(4723)=>Establishing connection failure reason and flags: disconnect/Doze/-1/reason/18/flags/65536/[-, -, -, -, -, -, -, -, -, peer_reset, -, -, -, -]
03-27 20:48:28.182 26413 26635 E msys    : E[C mem.context]_LogConnectFailure(4755)=>[Happy Eyeball] Connect failed with source=1, winner stream ip=157.240.205.175, port=80, dnsResolutionMethod=1, combined_ip_addresses=157.240.205.175
03-27 20:48:28.183  1820  2057 D InetDiagMessage: Destroyed 0 sockets, proto=IPPROTO_TCP, family=AF_INET, states=14
03-27 20:48:28.184 26413 26635 E msys    : E[N WCCConnectionMEM]_WCCConnectionMEMEmitStateChange(3250)=>[INFO] connection/new_state/connecting [connection_id=854989831, wcc_source=1, wcc_reason=18]
03-27 20:48:28.184 26413 26635 E msys    : E[C MEMConnectionManager]_MEMConnectionManagerStateChangeHandler(593)=>[Critical] MEMConnectionState updated to ID: 1 with connectionId: 854989831
03-27 20:48:28.185  1820  2057 D InetDiagMessage: Destroyed 0 sockets, proto=IPPROTO_TCP, family=AF_INET6, states=14
03-27 20:48:28.186  1820  2057 D InetDiagMessage: Destroyed live tcp sockets for uids={20084} in 5ms
03-27 20:48:28.187  1820  2593 D ConnectivityService: Returning BLOCKED NetworkInfo to uid=10084
03-27 20:48:28.192 26413 26635 E msys    : E[N WCCConnectionMEM]_WCCConnectionMEMDoConnectWithAuthKeys(1557)=>[INFO] connection/connect/start/[host=z-p42-chat-e2ee-ig.facebook.com port=5222]/[157.240.205.175:5222]/socketAddressCount=1
03-27 20:48:28.192 26413 26635 E msys    : E[N WCCConnectionMEM]_WCCConnectionMEMLifecycleEventHandler(2229)=>[INFO] connection/xmpp/lifecycle_event/will-connect
03-27 20:48:28.192 26413 26635 E msys    : E[A WA]WCCHandshakeCreate(177)=>handshake/create, pq mode:0
03-27 20:48:28.199 26413 28341 W secondary_dns: I/O Exception while trying to resolve z-p42-chat-e2ee-ig.facebook.com
03-27 20:48:28.199 26413 28341 W secondary_dns: java.io.IOException: sendto failed: EPERM (Operation not permitted)
03-27 20:48:28.199 26413 28341 W secondary_dns: 	at libcore.io.IoBridge.maybeThrowAfterSendto(IoBridge.java:721)
03-27 20:48:28.199 26413 28341 W secondary_dns: 	at libcore.io.IoBridge.sendto(IoBridge.java:688)
03-27 20:48:28.199 26413 28341 W secondary_dns: 	at java.net.PlainDatagramSocketImpl.send(PlainDatagramSocketImpl.java:126)
03-27 20:48:28.199 26413 28341 W secondary_dns: 	at java.net.DatagramSocket.send(DatagramSocket.java:723)
03-27 20:48:28.199 26413 28341 W secondary_dns: 	at X.6I4.A00(Unknown Source:532)
03-27 20:48:28.199 26413 28341 W secondary_dns: 	at X.31l.call(Unknown Source:6)
03-27 20:48:28.199 26413 28341 W secondary_dns: 	at java.util.concurrent.FutureTask.run(FutureTask.java:317)
03-27 20:48:28.199 26413 28341 W secondary_dns: 	at X.0b8.run(Unknown Source:2)
03-27 20:48:28.199 26413 28341 W secondary_dns: 	at X.1pg.run(:25)
03-27 20:48:28.199 26413 28341 W secondary_dns: 	at java.util.concurrent.ThreadPoolExecutor.runWorker(ThreadPoolExecutor.java:1154)
03-27 20:48:28.199 26413 28341 W secondary_dns: 	at java.util.concurrent.ThreadPoolExecutor$Worker.run(ThreadPoolExecutor.java:652)
03-27 20:48:28.199 26413 28341 W secondary_dns: 	at X.1pm.run(:113)
03-27 20:48:28.199 26413 28341 W secondary_dns: 	at java.lang.Thread.run(Thread.java:1564)
03-27 20:48:28.199 26413 28341 W secondary_dns: 	at X.1pn.run(:8)
03-27 20:48:28.199 26413 28341 W secondary_dns: Caused by: android.system.ErrnoException: sendto failed: EPERM (Operation not permitted)
03-27 20:48:28.199 26413 28341 W secondary_dns: 	at libcore.io.Linux.sendtoBytes(Native Method)
03-27 20:48:28.199 26413 28341 W secondary_dns: 	at libcore.io.Linux.sendto(Linux.java:276)
03-27 20:48:28.199 26413 28341 W secondary_dns: 	at libcore.io.ForwardingOs.sendto(ForwardingOs.java:729)
03-27 20:48:28.199 26413 28341 W secondary_dns: 	at libcore.io.BlockGuardOs.sendto(BlockGuardOs.java:398)
03-27 20:48:28.199 26413 28341 W secondary_dns: 	at libcore.io.ForwardingOs.sendto(ForwardingOs.java:729)
03-27 20:48:28.199 26413 28341 W secondary_dns: 	at libcore.io.IoBridge.sendto(IoBridge.java:686)
03-27 20:48:28.199 26413 28341 W secondary_dns: 	... 12 more
03-27 20:48:28.203 26413 28341 W secondary_dns: I/O Exception while trying to resolve z-p42-chat-e2ee-ig.facebook.com
03-27 20:48:28.203 26413 28341 W secondary_dns: java.io.IOException: sendto failed: EPERM (Operation not permitted)
03-27 20:48:28.203 26413 28341 W secondary_dns: 	at libcore.io.IoBridge.maybeThrowAfterSendto(IoBridge.java:721)
03-27 20:48:28.203 26413 28341 W secondary_dns: 	at libcore.io.IoBridge.sendto(IoBridge.java:688)
03-27 20:48:28.203 26413 28341 W secondary_dns: 	at java.net.PlainDatagramSocketImpl.send(PlainDatagramSocketImpl.java:126)
03-27 20:48:28.203 26413 28341 W secondary_dns: 	at java.net.DatagramSocket.send(DatagramSocket.java:723)
03-27 20:48:28.203 26413 28341 W secondary_dns: 	at X.6I4.A00(Unknown Source:532)
03-27 20:48:28.203 26413 28341 W secondary_dns: 	at X.31l.call(Unknown Source:6)
03-27 20:48:28.203 26413 28341 W secondary_dns: 	at java.util.concurrent.FutureTask.run(FutureTask.java:317)
03-27 20:48:28.203 26413 28341 W secondary_dns: 	at X.0b8.run(Unknown Source:2)
03-27 20:48:28.203 26413 28341 W secondary_dns: 	at X.1pg.run(:25)
03-27 20:48:28.203 26413 28341 W secondary_dns: 	at java.util.concurrent.ThreadPoolExecutor.runWorker(ThreadPoolExecutor.java:1154)
03-27 20:48:28.203 26413 28341 W secondary_dns: 	at java.util.concurrent.ThreadPoolExecutor$Worker.run(ThreadPoolExecutor.java:652)
03-27 20:48:28.203 26413 28341 W secondary_dns: 	at X.1pm.run(:113)
03-27 20:48:28.203 26413 28341 W secondary_dns: 	at java.lang.Thread.run(Thread.java:1564)
03-27 20:48:28.203 26413 28341 W secondary_dns: 	at X.1pn.run(:8)
03-27 20:48:28.203 26413 28341 W secondary_dns: Caused by: android.system.ErrnoException: sendto failed: EPERM (Operation not permitted)
03-27 20:48:28.203 26413 28341 W secondary_dns: 	at libcore.io.Linux.sendtoBytes(Native Method)
03-27 20:48:28.203 26413 28341 W secondary_dns: 	at libcore.io.Linux.sendto(Linux.java:276)
03-27 20:48:28.203 26413 28341 W secondary_dns: 	at libcore.io.ForwardingOs.sendto(ForwardingOs.java:729)
03-27 20:48:28.203 26413 28341 W secondary_dns: 	at libcore.io.BlockGuardOs.sendto(BlockGuardOs.java:398)
03-27 20:48:28.203 26413 28341 W secondary_dns: 	at libcore.io.ForwardingOs.sendto(ForwardingOs.java:729)
03-27 20:48:28.203 26413 28341 W secondary_dns: 	at libcore.io.IoBridge.sendto(IoBridge.java:686)
03-27 20:48:28.203 26413 28341 W secondary_dns: 	... 12 more
03-27 20:48:28.205 26413 28341 W X.6K4   : Exception thrown during refresh
03-27 20:48:28.205 26413 28341 W X.6K4   : java.util.concurrent.ExecutionException: java.net.UnknownHostException: I/O Exception while trying to resolve z-p42-chat-e2ee-ig.facebook.com
03-27 20:48:28.205 26413 28341 W X.6K4   : 	at com.google.common.util.concurrent.AbstractFuture.A03(Unknown Source:21)
03-27 20:48:28.205 26413 28341 W X.6K4   : 	at com.google.common.util.concurrent.AbstractFuture.get(:268435506)
03-27 20:48:28.205 26413 28341 W X.6K4   : 	at X.3a5.A00(:1)
03-27 20:48:28.205 26413 28341 W X.6K4   : 	at X.6L7.A06(Unknown Source:0)
03-27 20:48:28.205 26413 28341 W X.6K4   : 	at X.32d.run(Unknown Source:10)
03-27 20:48:28.205 26413 28341 W X.6K4   : 	at X.3aW.execute(:0)
03-27 20:48:28.205 26413 28341 W X.6K4   : 	at com.google.common.util.concurrent.AbstractFuture.A06(Unknown Source:0)
03-27 20:48:28.205 26413 28341 W X.6K4   : 	at com.google.common.util.concurrent.AbstractFuture.A05(Unknown Source:88)
03-27 20:48:28.205 26413 28341 W X.6K4   : 	at com.google.common.util.concurrent.AbstractFuture.setException(Unknown Source:20)
03-27 20:48:28.205 26413 28341 W X.6K4   : 	at X.32b.run(Unknown Source:90)
03-27 20:48:28.205 26413 28341 W X.6K4   : 	at X.3aW.execute(:0)
03-27 20:48:28.205 26413 28341 W X.6K4   : 	at X.6I2.A00(Unknown Source:0)
03-27 20:48:28.205 26413 28341 W X.6K4   : 	at X.6I2.A01(Unknown Source:31)
03-27 20:48:28.205 26413 28341 W X.6K4   : 	at X.31x.done(Unknown Source:2)
03-27 20:48:28.205 26413 28341 W X.6K4   : 	at java.util.concurrent.FutureTask.finishCompletion(FutureTask.java:434)
03-27 20:48:28.205 26413 28341 W X.6K4   : 	at java.util.concurrent.FutureTask.setException(FutureTask.java:303)
03-27 20:48:28.205 26413 28341 W X.6K4   : 	at java.util.concurrent.FutureTask.run(FutureTask.java:322)
03-27 20:48:28.205 26413 28341 W X.6K4   : 	at X.0b8.run(Unknown Source:2)
03-27 20:48:28.205 26413 28341 W X.6K4   : 	at X.1pg.run(:25)
03-27 20:48:28.205 26413 28341 W X.6K4   : 	at java.util.concurrent.ThreadPoolExecutor.runWorker(ThreadPoolExecutor.java:1154)
03-27 20:48:28.205 26413 28341 W X.6K4   : 	at java.util.concurrent.ThreadPoolExecutor$Worker.run(ThreadPoolExecutor.java:652)
03-27 20:48:28.205 26413 28341 W X.6K4   : 	at X.1pm.run(:113)
03-27 20:48:28.205 26413 28341 W X.6K4   : 	at java.lang.Thread.run(Thread.java:1564)
03-27 20:48:28.205 26413 28341 W X.6K4   : 	at X.1pn.run(:8)
03-27 20:48:28.205 26413 28341 W X.6K4   : Caused by: java.net.UnknownHostException: I/O Exception while trying to resolve z-p42-chat-e2ee-ig.facebook.com
03-27 20:48:28.205 26413 28341 W X.6K4   : 	at X.6I4.A00(Unknown Source:1313)
03-27 20:48:28.205 26413 28341 W X.6K4   : 	at X.31l.call(Unknown Source:6)
03-27 20:48:28.205 26413 28341 W X.6K4   : 	at java.util.concurrent.FutureTask.run(FutureTask.java:317)
03-27 20:48:28.205 26413 28341 W X.6K4   : 	... 7 more
03-27 20:48:28.227 21238 21274 I gle.android.gms: Explicit concurrent mark compact GC freed 18MB AllocSpace bytes, 28(1456KB) LOS objects, 75% free, 16MB/65MB, paused 320us,2.157ms total 91.729ms
03-27 20:48:28.237 21238 21244 W gle.android.gms: ApkAssets: Deleting an ApkAssets object '<empty> and /system_ext/priv-app/SettingsMoto/SettingsMoto.apk' with 1 weak references
03-27 20:48:28.238 21238 21244 W gle.android.gms: ApkAssets: Deleting an ApkAssets object '/product/overlay/SettingsMoto__cancunf_g_sys__auto_generated_rro_product.apk' with 1 weak references
03-27 20:48:28.238 21238 21244 W gle.android.gms: ApkAssets: Deleting an ApkAssets object '/product/overlay/MotoSettingsGlobalOverlay.apk' with 1 weak references
03-27 20:48:28.238 21238 21244 W gle.android.gms: ApkAssets: Deleting an ApkAssets object '/product/overlay/MotoSettingsFPSSideOverlay.apk' with 1 weak references
03-27 20:48:28.239 21238 21244 W gle.android.gms: ApkAssets: Deleting an ApkAssets object '/product/overlay/MotoSettingsAppCloneOverlay.apk' with 1 weak references
03-27 20:48:28.309  1217  1313 I libPerfCtl: xgfGetFPS pid:1820 fps:-1
03-27 20:48:28.309  1217  1313 I libPerfCtl: xgfGetFPS pid:2269 fps:-1
03-27 20:48:28.309  1217  1313 I libPerfCtl: xgfGetFPS pid:28187 fps:-1
03-27 20:48:28.309  1217  1313 I libPerfCtl: xgfGetFPS pid:31864 fps:-1
03-27 20:48:28.700  1820  2057 D InetDiagMessage: Destroyed 0 sockets, proto=IPPROTO_TCP, family=AF_INET, states=14
03-27 20:48:28.703  1820  2057 D InetDiagMessage: Destroyed 2 sockets, proto=IPPROTO_TCP, family=AF_INET6, states=14
03-27 20:48:28.703  1820  2057 D InetDiagMessage: Destroyed live tcp sockets for uids={10640} in 6ms
03-27 20:48:28.706  1820  2057 D InetDiagMessage: Destroyed 0 sockets, proto=IPPROTO_TCP, family=AF_INET, states=14
03-27 20:48:28.708  1820  2057 D InetDiagMessage: Destroyed 0 sockets, proto=IPPROTO_TCP, family=AF_INET6, states=14
03-27 20:48:28.708  1820  2057 D InetDiagMessage: Destroyed live tcp sockets for uids={20640} in 5ms
03-27 20:48:28.722  1820  3780 D ConnectivityService: Returning BLOCKED NetworkInfo to uid=10640
03-27 20:48:28.903  1820  1820 I EnhancedConnectivity: [DataStallService] isPoorSignal = false
03-27 20:48:28.941  1217  1332 I libPowerHal: [perfLockAcq] idx:1 hdl:4558 hint:25 pid:1217 duration:10000 lock_user:mtkpower@1.0-se => ret_hdl:4558
03-27 20:48:28.941  1217  1332 I libPowerHal: [PE] MTKPOWER_HINT_APP_TOUCH update cmd:3408b00 param:1
03-27 20:48:28.941  1217  1316 E libPowerHal: [getCPUFreq] error cid:2, nClusterNum:2
03-27 20:48:28.942  1820  2031 W BoostOptController: not supported hint: 118
03-27 20:48:28.943  1217  1332 I libPowerHal: [perfLockAcq] idx:5 hdl:4559 hint:-1 pid:1217 duration:200 lock_user:mtkpower@1.0-se => ret_hdl:4559
03-27 20:48:28.942  1283  1698 I Scheduler: applyPolicy: UpdateRefreshRate 30 to 90 of group 0: [touch=1:1 touchBoost=1 scroll=0:0 idle=1:0]
03-27 20:48:28.943  1283  1698 D DisplayModeController: setDesiredMode 0 {mode={fps=90.00 Hz, modePtr={id=1, vsyncRate=90.00 Hz, peakRefreshRate=90.00 Hz}}, emitEvent=true, force=false}
03-27 20:48:28.943  1151  1663 I hwcomposer: [DRMDEV] (0) failed to waitNextVsync: -1  
03-27 20:48:28.943  1283  1698 D Scheduler: MtkOverrideDuration: update vsync 90
03-27 20:48:28.943  1283  1698 D Scheduler: MtkOverrideDuration: reset override duration
03-27 20:48:28.943  1283  1698 I PowerHalWrapper: updateFps(): 90
03-27 20:48:28.944  1217  1295 I mtkpower@impl: [setMode] type:6, enabled:1
03-27 20:48:28.944  1217  1295 E mtkpower@impl: [setMode] unknown type
03-27 20:48:28.950  2490  2490 D TelephonyManager: requestModemActivityInfo: Sending result to app: ModemActivityInfo{ mTimestamp=8128303 mSleepTimeMs=109965 mIdleTimeMs=4349735 mActivityStatsTechSpecificInfo=[{mRat=UNKNOWN,mFrequencyRange=UNKNOWN,mTxTimeMs[]=[818, 7, 195208, 742083, 1004796],mRxTimeMs=3399211}]}
03-27 20:48:28.951  1283  1283 I SurfaceFlinger: initiateDisplayModeChanges changing active mode from 3(30.00 Hz:0) to 1(90.00 Hz:0) for display 0
03-27 20:48:28.951  1151  1664 I hwcomposer: [HWC] (0) displaySetActiveConfig config:1  
03-27 20:48:28.952  1283  1283 I SurfaceFlinger: initiateDisplayModeChanges active mode changed to 1(90.00 Hz) for display 0. mBrightnessDimingCnt=0
03-27 20:48:28.958  1283  1283 I BufferQueueProducer: [FramebufferSurface](this:0xb400007295f806d0,id:-1,api:1,p:1283,c:1283) queueBuffer: fps=1.45 dur=1378.10 max=1355.05 min=23.05
03-27 20:48:28.958  1151  1664 I hwcomposer: [HWCDisplay] [Display_0 (type:1)] fps:1.465905,dur:1364.35,max:1339.55,min:24.79  
