03-27 20:48:38.973  1283  1283 I SurfaceFlinger: onHandleDestroyed: name=Application Error: com.mu6.app#3459, layerId=3459, parentId=0
03-27 20:48:38.973  1283  1283 I SurfaceFlinger: onHandleDestroyed: name=Surface(name=5134a0e Application Error: com.mu6.app)/@0x73e51fd - animation-leash of window_animation#3463, layerId=3463, parentId=0
03-27 20:48:38.973  1283  1283 I SurfaceFlinger: onHandleDestroyed: name=5134a0e Application Error: com.mu6.app#3452, layerId=3452, parentId=0
03-27 20:48:38.973  1283  1283 I SurfaceFlinger: onHandleDestroyed: name=Dim Layer for - WindowedMagnification:0:31#3461, layerId=3461, parentId=0
03-27 20:48:38.983  1283  1283 I BufferQueueDebug: [Dim Layer for - WindowedMagnification:0:31#3461](this:0xb400007263b25020,id:-1,api:0,p:-1,c:1283) onDestructor()
03-27 20:48:38.983  1283  1283 I BufferQueueDebug: [Surface(name=5134a0e Application Error: com.mu6.app)/@0x73e51fd - animation-leash of window_animation#3463](this:0xb400007265254020,id:-1,api:0,p:-1,c:1283) onDestructor()
03-27 20:48:38.984  1283  1283 I BufferQueueDebug: [WindowToken{659b3c2 type=2003 android.view.ViewRootImpl$W@910a80d}#3451](this:0xb400007265301020,id:-1,api:0,p:-1,c:1283) onDestructor()
03-27 20:48:38.984  1283  1283 I BufferQueueDebug: [5134a0e Application Error: com.mu6.app#3452](this:0xb400007265304820,id:-1,api:0,p:-1,c:1283) onDestructor()
03-27 20:48:38.984  1283  1283 I BufferQueueDebug: [Application Error: com.mu6.app#3459](this:0xb400007265316020,id:-1,api:0,p:-1,c:1283) onDestructor()
03-27 20:48:39.318  1217  1313 I libPerfCtl: xgfGetFPS pid:1820 fps:-1
03-27 20:48:39.511 30706 30706 I Finsky  : [2] Memory trim requested to level 40
03-27 20:48:39.513 30706 30706 I Finsky  : [2] Flushing in-memory image cache
03-27 20:48:39.605  1820  1820 I EnhancedConnectivity: [DataStallService] isPoorSignal = false
03-27 20:48:39.796  1283  1698 I Scheduler: applyPolicy: UpdateRefreshRate 90 to 30 of group 0: [touch=0:0 touchBoost=0 scroll=0:0 idle=1:1]
03-27 20:48:39.796  1283  1698 D DisplayModeController: setDesiredMode 0 {mode={fps=30.00 Hz, modePtr={id=3, vsyncRate=30.00 Hz, peakRefreshRate=30.00 Hz}}, emitEvent=false, force=false}
03-27 20:48:39.797  1283  1698 D Scheduler: MtkOverrideDuration: update vsync 30
03-27 20:48:39.797  1283  1698 D Scheduler: MtkOverrideDuration: reset override duration
03-27 20:48:39.797  1283  1698 I PowerHalWrapper: updateFps(): 30
03-27 20:48:39.798  1151  1663 I hwcomposer: [DRMDEV] (0) failed to waitNextVsync: -1  
03-27 20:48:39.802  1283  1283 I SurfaceFlinger: initiateDisplayModeChanges changing active mode from 1(90.00 Hz:0) to 3(30.00 Hz:0) for display 0
03-27 20:48:39.802  1151  1664 I hwcomposer: [HWC] (0) displaySetActiveConfig config:3  
03-27 20:48:39.802  1283  1283 I SurfaceFlinger: initiateDisplayModeChanges active mode changed to 3(30.00 Hz) for display 0. mBrightnessDimingCnt=0
03-27 20:48:39.809  1151  1663 I hwcomposer: [DRMDEV] (0) failed to waitNextVsync: -1  
03-27 20:48:39.816  1283  1283 I PowerHalWrapper: updateFps(): 30
03-27 20:48:39.817  1283  1283 I SurfaceFlinger: initiateDisplayModeChanges changing active mode from 3(30.00 Hz:0) to 3(30.00 Hz:0) for display 0
03-27 20:48:39.817  1283  1283 I PowerHalWrapper: updateFps(): 30
03-27 20:48:39.997  1820  2332 W PackageManager: Missing required system package: com.revolut.revolut, but found with extended search.
03-27 20:48:40.011  1820  1840 W PackageManager: Missing required system package: com.revolut.revolut, but found with extended search.
03-27 20:48:40.042  1820  1840 W PackageManager: Missing required system package: com.revolut.revolut, but found with extended search.
03-27 20:48:40.054  1820  2332 W PackageManager: Missing required system package: com.revolut.revolut, but found with extended search.
03-27 20:48:40.060  1820  2332 W PackageManager: Missing required system package: com.revolut.revolut, but found with extended search.
03-27 20:48:40.067  1820  2332 W PackageManager: Missing required system package: com.revolut.revolut, but found with extended search.
03-27 20:48:40.072  1820  2332 W PackageManager: Missing required system package: com.revolut.revolut, but found with extended search.
03-27 20:48:40.106  1820  1820 I EnhancedConnectivity: [DataStallService] isPoorSignal = false
03-27 20:48:40.862  1820  1820 I EnhancedConnectivity: [DataStallService] isPoorSignal = false
03-27 20:48:40.945  1820  1820 I EnhancedConnectivity: [DataStallService] isPoorSignal = false
03-27 20:48:40.978  1820  1820 D WiFiBlocklistController: Default net onCapabilitiesChanged
03-27 20:48:40.978  1820  1820 D WiFiBlocklistController: updateDefaultNet:100
03-27 20:48:40.980  3652  3652 I Smart5G : [Smart5GService] isValidated=true
03-27 20:48:40.980  3652  3652 I Smart5G : [NetworkStateService] isValidated=true
03-27 20:48:40.980  3652  3652 I Smart5G : [IpManagerService] isValidated=true
03-27 20:48:40.985  3711  7571 I ModemStats: [DataStallDetectService] onCapabilitiesChanged networkCapabilities=[ Transports: CELLULAR Capabilities: SUPL&IA&INTERNET&NOT_RESTRICTED&TRUSTED&NOT_VPN&VALIDATED&NOT_ROAMING&FOREGROUND&NOT_CONGESTED&NOT_SUSPENDED&NOT_VCN_MANAGED&NOT_BANDWIDTH_CONSTRAINED LinkUpBandwidth>=8042Kbps LinkDnBandwidth>=31931Kbps Specifier: <TelephonyNetworkSpecifier [mSubId = 7]> SubscriptionIds: {7} UnderlyingNetworks: Null]
03-27 20:48:40.985  3711  7571 I ModemStats: [DataStallDetectService] onCapabilitiesChanged NET_CAPABILITY_VALIDATED=true
03-27 20:48:40.985  3711  7571 I ModemStats: [DataStallDetectService] onCapabilitiesChanged mDataStallManager.mDataStallInstance=null
03-27 20:48:40.985  3711  7571 I ModemStats: [DataStallDetectService] onCapabilitiesChanged mDataStallSmart5gManager.mDataStallInstance=null
03-27 20:48:40.988 24854 24901 D WM-WorkConstraintsTrack: NetworkRequestConstraintController onCapabilitiesChanged callback
03-27 20:48:40.988  1820  2086 I EnhancedConnectivity: [DataStallService] alraady registerExtListener:7
03-27 20:48:40.989  1820  2086 I EnhancedConnectivity: [DataStallService] alraady registerExtListener:2
03-27 20:48:40.989  1820  2086 I EnhancedConnectivity: [DataStallService] NetworkCallback  isDataStallNetwork=true isLabCard=false
03-27 20:48:40.989  3624  4136 I BugleRcsEngine: handleMessage processing message:[NOTIFY_UPTIME_IGNORE_STATE_CHANGED] with [non-null]:RcsEngineImpl reference [CONTEXT log_prefix="RcsEngineImpl[DUAL_REG]:[5e679340-deed]>Handler" thread_id=102 ]
03-27 20:48:40.990  3624  3945 I BugleRcsEngine: Connected state: [1], networkType: [MOBILE] [CONTEXT thread_id=96 ]
03-27 20:48:40.999  3624  4136 I BugleRcsEngine: Rcs is enabled from user settings: false [CONTEXT log_prefix="ProvisioningEngineDataRetriever" thread_id=102 ]
03-27 20:48:41.485  1820  1820 I EnhancedConnectivity: [DataStallService] isPoorSignal = false
03-27 20:48:41.493  2551 32204 I NearbySharing: Network state changed: NetworkState(isRestricted=false, isOnline=true, isCongested=false, isMetered=true, isWifiConnected=false)
03-27 20:48:41.700  1217  1332 I libPowerHal: [perfLockAcq] idx:1 hdl:4560 hint:25 pid:1217 duration:10000 lock_user:mtkpower@1.0-se => ret_hdl:4560
03-27 20:48:41.701  1217  1332 I libPowerHal: [PE] MTKPOWER_HINT_APP_TOUCH update cmd:3408b00 param:1
03-27 20:48:41.701  1217  1316 E libPowerHal: [getCPUFreq] error cid:2, nClusterNum:2
03-27 20:48:41.702  1820  2031 W BoostOptController: not supported hint: 118
03-27 20:48:41.703  1217  1332 I libPowerHal: [perfLockAcq] idx:4 hdl:4561 hint:-1 pid:1217 duration:200 lock_user:mtkpower@1.0-se => ret_hdl:4561
03-27 20:48:41.704  1283  1698 I Scheduler: applyPolicy: UpdateRefreshRate 30 to 90 of group 0: [touch=1:1 touchBoost=1 scroll=0:0 idle=1:0]
03-27 20:48:41.704  1283  1698 D DisplayModeController: setDesiredMode 0 {mode={fps=90.00 Hz, modePtr={id=1, vsyncRate=90.00 Hz, peakRefreshRate=90.00 Hz}}, emitEvent=true, force=false}
03-27 20:48:41.704  1217  1332 I libPowerHal: [setClusterFreq] mtkpower@1.0-se: sysfs_freq set cpu freq: 1850000 1850000 2050000 2050000 
03-27 20:48:41.705  1283  1698 D Scheduler: MtkOverrideDuration: update vsync 90
03-27 20:48:41.705  1283  1698 D Scheduler: MtkOverrideDuration: reset override duration
03-27 20:48:41.705  1283  1698 I PowerHalWrapper: updateFps(): 90
03-27 20:48:41.705  1151  1663 I hwcomposer: [DRMDEV] (0) failed to waitNextVsync: -1  
03-27 20:48:41.706  1217  1332 I libPowerHal: [PE] mtkpower@1.0-se update cmd:1408300, param:80
03-27 20:48:41.709  1283  1283 I SurfaceFlinger: initiateDisplayModeChanges changing active mode from 3(30.00 Hz:0) to 1(90.00 Hz:0) for display 0
03-27 20:48:41.709  1151  1664 I hwcomposer: [HWC] (0) displaySetActiveConfig config:1  
03-27 20:48:41.709  1283  1283 I SurfaceFlinger: initiateDisplayModeChanges active mode changed to 1(90.00 Hz) for display 0. mBrightnessDimingCnt=0
03-27 20:48:41.712  1283  1283 I BufferQueueProducer: [FramebufferSurface](this:0xb400007295f806d0,id:-1,api:1,p:1283,c:1283) queueBuffer: fps=3.84 dur=2862.39 max=1892.06 min=9.98
03-27 20:48:41.712  1151  1664 I hwcomposer: [HWCDisplay] [Display_0 (type:1)] fps:3.843274,dur:2862.14,max:1875.89,min:10.10  
03-27 20:48:41.731  1217  1332 I libPowerHal: [perfLockRel] hdl:4560, idx:1
03-27 20:48:41.731  1217  1332 I libPowerHal: [PD] MTKPOWER_HINT_APP_TOUCH update cmd:3408b00 param:0
03-27 20:48:41.741  1283  1283 I PowerHalWrapper: updateFps(): 90
03-27 20:48:41.741  1283  1283 I SurfaceFlinger: initiateDisplayModeChanges changing active mode from 1(90.00 Hz:0) to 1(90.00 Hz:0) for display 0
03-27 20:48:41.741  1283  1283 I PowerHalWrapper: updateFps(): 90
03-27 20:48:41.788  1820  2332 E PersistenceController: SettingNotFoundException: sv_custom_ai_icon_enabled
03-27 20:48:41.788  1820  2640 W PackageManager: Missing required system package: com.mu6.app, but found with extended search.
03-27 20:48:41.789  1820  2640 D ActivityTaskManager: getPreferredLaunchDisplay userset_displayid true user set display id 0, current focus display 0
03-27 20:48:41.790  1820  2640 I SettingsAccessControlPolicy: isDeviceSettingsChangeDisabled: value -> false
03-27 20:48:41.791  1820  2640 W OptProp : Cannot read opt property android.window.PROPERTY_COMPAT_ALLOW_ORIENTATION_OVERRIDE
03-27 20:48:41.792  1820  2640 V GrammaticalInflectionUtils: AttributionSource: android.content.AttributionSource@e7dc581f does not have READ_SYSTEM_GRAMMATICAL_GENDER permission.
03-27 20:48:41.793  1820  2640 W OptProp : Cannot read opt property android.window.PROPERTY_COMPAT_ALLOW_RESIZEABLE_ACTIVITY_OVERRIDES
03-27 20:48:41.794  1820  2640 W OptProp : Cannot read opt property android.window.PROPERTY_COMPAT_ALLOW_MIN_ASPECT_RATIO_OVERRIDE
03-27 20:48:41.795  1820  2640 D ActivityTaskManager: getPreferredLaunchDisplay userset_displayid true user set display id 0, current focus display 0
03-27 20:48:41.795  1820  2640 D ActivityTaskManager: getPreferredLaunchDisplay userset_displayid true user set display id 0, current focus display 0
03-27 20:48:41.795  1820  2640 D ActivityTaskManager: getPreferredLaunchDisplay userset_displayid true user set display id 0, current focus display 0
03-27 20:48:41.796  1820  2640 D ActivityTaskManager: getPreferredLaunchDisplay userset_displayid true user set display id 0, current focus display 0
03-27 20:48:41.796  1820  2640 D ActivityTaskManager: getPreferredLaunchDisplay userset_displayid true user set display id 0, current focus display 0
03-27 20:48:41.796  1820  2640 D ActivityTaskManager: getPreferredLaunchDisplay userset_displayid true user set display id 0, current focus display 0
03-27 20:48:41.798  1820  2640 D ActivityTaskManager: sendShowDecorCaptionWindow Task is not organized Task{99548bf #55530 type=undefined}
03-27 20:48:41.799  1820  2640 D ActivityTaskManager: sendShowDecorCaptionWindow Task is not organized Task{99548bf #55530 type=undefined}
03-27 20:48:41.800  1283  2024 I BufferQueueDebug: [Task=55530#3466](this:0xb400007265254020,id:-1,api:0,p:-1,c:-1) BufferQueue core=(1283:/system/bin/surfaceflinger)
03-27 20:48:41.800  1283  1283 E SurfaceFlinger: Out of order buffers detected for RequestedLayerState{com.motorola.launcher3/com.android.launcher3.CustomizationPanelLauncher#3401 parentId=749} producedId=56 frameNumber=161 -> producedId=56 frameNumber=59
03-27 20:48:41.800  1283  1283 I BufferQueueProducer: [com.motorola.launcher3/com.android.launcher3.CustomizationPanelLauncher#3401](this:0xb4000072652bf820,id:-1,api:0,p:-1,c:1283) queueBuffer: fps=3.45 dur=16832.92 max=16192.73 min=6.57
03-27 20:48:41.803  1820  2640 D ActivityTaskManager: getPreferredLaunchDisplay userset_displayid true user set display id 0, current focus display 0
03-27 20:48:41.803  1820  2640 D ActivityTaskManager: getPreferredLaunchDisplay userset_displayid true user set display id 0, current focus display 0
03-27 20:48:41.803  1820  2640 D ActivityTaskManager: layoutTask::ignore force freeform on game mode because of force-fullscreen flag
03-27 20:48:41.804  1283  2024 I BufferQueueDebug: [ActivityRecord{3a76e19 u0 com.mu6.app/.MainActivity#3467](this:0xb400007263b66820,id:-1,api:0,p:-1,c:-1) BufferQueue core=(1283:/system/bin/surfaceflinger)
03-27 20:48:41.812  1820  2640 D PowerManagerService: nativeSetPowerMode ret:true mode:5 enabled:true duration ms: 0
03-27 20:48:41.812  1217  1295 I mtkpower@impl: [setMode] type:5, enabled:1
03-27 20:48:41.813  1217  1332 I libPowerHal: [perfLockAcq] idx:1 hdl:4562 hint:11 pid:1217 duration:3000 lock_user:mtkpower@1.0-se => ret_hdl:4562
03-27 20:48:41.813  1217  1332 I libPowerHal: [setGPUFreq] LAUNCH user set gpu freq min:23, max:-1
03-27 20:48:41.813  1217  1332 I libPowerHal: LAUNCH: set gpu opp level: 23
03-27 20:48:41.813  1217  1332 I libPowerHal: LAUNCH: set gpu opp level max: 0
03-27 20:48:41.813  1217  1332 I libPowerHal: [setGPUFreq] Soft min/max = (23, 0); Hard min/max = (36, 0)
03-27 20:48:41.813  1217  1332 I libPowerHal: [setGPUFreq] final min/max = (23, 0)
03-27 20:48:41.813  1217  1332 I libPowerHal: LAUNCH: set gpu opp level: 23
03-27 20:48:41.813  1217  1332 I libPowerHal: LAUNCH: set gpu opp level max: 0
03-27 20:48:41.813  1217  1332 I libPowerHal: [setClusterFreq] LAUNCH: sysfs_freq set cpu freq: 1850000 1850000 2050000 2050000 
03-27 20:48:41.814  1217  1332 I libPowerHal: [PE] LAUNCH update cmd:1408300, param:100
03-27 20:48:41.814  1217  1332 I libPowerHal: [PE] LAUNCH update cmd:300c000, param:15
03-27 20:48:41.814  1217  1332 I libPowerHal: set_data_partition_boost: value:1, scn:0xb40000789ee53ea0
03-27 20:48:41.814  1217  1332 I libPowerHal: set_f2fs_current_flush_merge:1
03-27 20:48:41.815  1217  1332 I libPowerHal: [PE] LAUNCH update cmd:2c14000 param:1
03-27 20:48:41.815  1217  1332 I libPowerHal: [PE] LAUNCH update cmd:1000000 param:0
03-27 20:48:41.815  1217  1332 I libPowerHal: [perfLockRel] hdl:4554, idx:-1
03-27 20:48:41.816  1820  2640 I ActivityTaskManager: START u0 {act=android.intent.action.MAIN cat=[android.intent.category.LAUNCHER] flg=0x10200000 cmp=com.mu6.app/.MainActivity bnds=[436,421][645,702]} with LAUNCH_SINGLE_TASK from uid 10294 (startActivityAsUser) (BAL_ALLOW_VISIBLE_WINDOW) result code=0
03-27 20:48:41.817 28187 28187 D StatsLog: LAUNCHER_APP_LAUNCH_TAP
03-27 20:48:41.818  1820  1845 V GrammaticalInflectionUtils: AttributionSource: android.content.AttributionSource@e7dc581f does not have READ_SYSTEM_GRAMMATICAL_GENDER permission.
03-27 20:48:41.818  2269  2310 V WindowManagerShell: Transition requested (#251): android.os.BinderProxy@dc75d4 TransitionRequestInfo { type = OPEN, triggerTask = TaskInfo{userId=0 taskId=55530 displayId=0 isRunning=true baseIntent=Intent { act=android.intent.action.MAIN cat=[android.intent.category.LAUNCHER] flg=0x10200000 cmp=com.mu6.app/.MainActivity } baseActivity=ComponentInfo{com.mu6.app/com.mu6.app.MainActivity} topActivity=ComponentInfo{com.mu6.app/com.mu6.app.MainActivity} origActivity=null realActivity=ComponentInfo{com.mu6.app/com.mu6.app.MainActivity} numActivities=1 lastActiveTime=8141168 supportsMultiWindow=true supportsGlobalFreeform=true resizeMode=1 isResizeable=true isAppLocked=false isShowDecorCaptionWindowRequest=false canKillAndRestart=false minWidth=-1 minHeight=-1 defaultMinSize=200 token=WCT{android.window.IWindowContainerToken$Stub$Proxy@fbcf37d} topActivityType=1 pictureInPictureParams=null shouldDockBigOverlays=false launchIntoPipHostTaskId=-1 lastParentTaskIdBeforePip=-1 displayCutoutSafeInsets=Rect(0, 117 - 0, 0) topActivityInfo=ActivityInfo{551f272 com.mu6.app.MainActivity} launchCookies=[android.os.BinderProxy@1ef26c3] positionInParent=Point(0, 0) parentTaskId=-1 isFocused=false isVisible=false isVisibleRequested=false isSleeping=false locusId=null displayAreaFeatureId=1 isTopActivityTransparent=false appCompatTaskInfo=AppCompatTaskInfo { topActivityInSizeCompat=false topActivityEligibleForLetterboxEducation= falseisLetterboxEducationEnabled= false isLetterboxDoubleTapEnabled= false topActivityEligibleForUserAspectRatioButton= false topActivityBoundsLetterboxed= false isFromLetterboxDoubleTap= false topActivityLetterboxVerticalPosition= -1 topActivityLetterboxHorizontalPosition= -1 topActivityLetterboxWidth=1080 topActivityLetterboxHeight=2400 isUserFullscreenOverrideEnabled=false isSystemFullscreenOverrideEnabled=false cameraCompatTaskInfo=CameraCompatTaskInfo { cameraCompatControlState=hidden freeformCameraCompatMode=inactive}}}, pipTask = null, remoteTransition = RemoteTransition { remoteTransition = android.window.IRemoteTransition$Stub$Proxy@e751b40, appThread = android.app.IApplicationThread$Stub$Proxy@9aa4a79, debugName = QuickstepLaunch }, displayChange = null, flags = 0, debugId = 251 }
03-27 20:48:41.818  2269  2310 V WindowManagerShell: RemoteTransition directly requested for (#251) android.os.BinderProxy@dc75d4: RemoteTransition { remoteTransition = android.window.IRemoteTransition$Stub$Proxy@e751b40, appThread = android.app.IApplicationThread$Stub$Proxy@9aa4a79, debugName = QuickstepLaunch }
03-27 20:48:41.819  1820  2267 I PowerHalWrapper: amsBoostProcessCreate package:com.mu6.app 
03-27 20:48:41.820  1217  1332 I libPowerHal: [perfLockRel] hdl:4557, idx:6
03-27 20:48:41.820  1217  1332 I libPowerHal: [PD] MTKPOWER_HINT_EXT_LAUNCH update cmd:2020000 param:0
03-27 20:48:41.821  1217  1332 I libPowerHal: [perfLockAcq] idx:5 hdl:4563 hint:21 pid:1217 duration:10000 lock_user:mtkpower@1.0-se => ret_hdl:4563
03-27 20:48:41.822  1217  1332 I libPowerHal: [perfLockRel] hdl:4556, idx:-1
03-27 20:48:41.822  1283  2023 D SurfaceFlinger: [SF client] NEW(0xb400007264d38600) for (2269:com.android.systemui)
03-27 20:48:41.823 28187 28202 D QuickstepModelDelegate: notifyAppTargetEvent action=1 launchLocation=workspace/1/[2,1]/[1,1]
03-27 20:48:41.823  2269  2310 D WindowManagerShell: setLauncherKeepClearAreaHeight: visible=false, height=164
03-27 20:48:41.829  3140  4110 D GameMode: isScreenUnlocked: true
03-27 20:48:41.829  1820  2267 I PowerHalWrapper: amsBoostNotify pid:28187,activity:com.android.launcher3.CustomizationPanelLauncher, package:com.motorola.launcher3, mProcessCreatePackcom.mu6.app 
03-27 20:48:41.829 28187 28187 I TopTaskTracker: onTaskMovedToFront: (moved taskInfo to front) taskId=55530, baseIntent=Intent { act=android.intent.action.MAIN cat=[android.intent.category.LAUNCHER] flg=0x10200000 cmp=com.mu6.app/.MainActivity }
03-27 20:48:41.829  1820  2267 I PowerHalWrapper: state: 0 
03-27 20:48:41.831  1820  2267 I mtkpower_client: [PowerHal_Wrap_notifyAppState] com.motorola.launcher3/com.android.launcher3.CustomizationPanelLauncher pid=28187 activityId:133061018 state:0
03-27 20:48:41.831  1217  1332 I libPowerHal: [perfNotifyAppState] pack:com.motorola.launcher3, act:com.android.launcher3.CustomizationPanelLauncher, state:0, pid:28187, uid:10294, fps:-1
03-27 20:48:41.831  1820  2267 I mtkpower_client: [Legacy][PowerHal_Wrap_notifyAppState] com.motorola.launcher3/com.android.launcher3.CustomizationPanelLauncher pid=28187 state:133061018
03-27 20:48:41.832  1283  1283 E SurfaceFlinger: Out of order buffers detected for RequestedLayerState{com.motorola.launcher3/com.android.launcher3.CustomizationPanelLauncher#3401 parentId=749} producedId=56 frameNumber=161 -> producedId=56 frameNumber=60
03-27 20:48:41.833  1820  2267 I PowerHalWrapper: amsBoostNotify AMS_BOOST_PROCESS_CREATE_BOOST:true 
03-27 20:48:41.833  1283  1283 I BpBinder: onLastStrongRef automatically unlinking death recipients: 
03-27 20:48:41.837  1115  1115 D Zygote  : Forked child process 5636
03-27 20:48:41.837  1283  2023 I BufferQueueDebug: [7d1a478 Splash Screen com.mu6.app#3468](this:0xb400007263b02020,id:-1,api:0,p:-1,c:-1) BufferQueue core=(1283:/system/bin/surfaceflinger)
03-27 20:48:41.839  1820  1855 I ActivityManager: Start proc 5636:com.mu6.app/u0a398 for next-top-activity {com.mu6.app/com.mu6.app.MainActivity}
03-27 20:48:41.840  1820  1852 D addPss  : tracker=ProcessState{e8aa66b com.google.android.gms.unstable/10198 pkg=com.google.android.gms}
03-27 20:48:41.849  5636  5636 I com.mu6.app: Using CollectorTypeCMC GC.
03-27 20:48:41.852  1283  2023 I BufferQueueDebug: [Splash Screen com.mu6.app#3469](this:0xb4000072652f3020,id:-1,api:0,p:-1,c:-1) BufferQueue core=(1283:/system/bin/surfaceflinger)
03-27 20:48:41.853 18470 27744 I HWUI    : setGrContext validptr-->nullptr
03-27 20:48:41.855  5636  5636 D nativeloader: Load libframework-connectivity-tiramisu-jni.so using APEX ns com_android_tethering for caller /apex/com.android.tethering/javalib/framework-connectivity-t.jar: ok
03-27 20:48:41.858  2269  2349 D BufferQueueConsumer: [](id:8dd00000152,api:0,p:-1,c:2269) connect: controlledByApp=false
03-27 20:48:41.858  2269  2349 D BLASTBufferQueue: [VRI[app]#334](f:0,a:0) constructor()
03-27 20:48:41.858  2269  2349 D BLASTBufferQueue: [VRI[app]#334](f:0,a:0) update width=1080 height=2400 format=-3 mTransformHint=0
03-27 20:48:41.858  1820  3739 D CoreBackPreview: Window{7d1a478 u0 Splash Screen com.mu6.app}: Setting back callback OnBackInvokedCallbackInfo{mCallback=android.window.IOnBackInvokedCallback$Stub$Proxy@858878d, mPriority=0, mIsAnimationCallback=false}
03-27 20:48:41.866  1283  1283 E SurfaceFlinger: Out of order buffers detected for RequestedLayerState{com.motorola.launcher3/com.android.launcher3.CustomizationPanelLauncher#3401 parentId=749} producedId=56 frameNumber=161 -> producedId=56 frameNumber=61
03-27 20:48:41.868  1820  2640 D ActivityTaskManager: sendShowDecorCaptionWindow Task is not organized Task{2d681f2 #55481 type=undefined I=com.motorola.launcher3/com.android.launcher3.CustomizationPanelLauncher}
03-27 20:48:41.870  2269  2376 D BLASTBufferQueue: [VRI[app]#334](f:0,a:1) acquireNextBufferLocked size=1080x2400 mFrameNumber=1 applyTransaction=true mTimestamp=8139680197330(auto) mPendingTransactions.size=0 graphicBufferId=9745280797694 transform=0
03-27 20:48:41.870  3140  3140 D GameMode: onStartedActivityChange: componnent: ComponentInfo{com.mu6.app/com.mu6.app.MainActivity} entered launcher screen? true
03-27 20:48:41.874  1820  2267 I PowerHalWrapper: amsBoostNotify pid:5636,activity:com.mu6.app.MainActivity, package:com.mu6.app, mProcessCreatePackcom.mu6.app 
03-27 20:48:41.874  1820  2267 I PowerHalWrapper: state: 1 
03-27 20:48:41.875  1283  2023 I BufferQueueDebug: [Transition Root: Task=55530#3470](this:0xb4000072652f6820,id:-1,api:0,p:-1,c:-1) BufferQueue core=(1283:/system/bin/surfaceflinger)
03-27 20:48:41.876  1820  2267 I ScnModule: [GameDetection] packname: com.mu6.app, apkSize: 99359529. 
03-27 20:48:41.876  1820  2267 I mtkpower_client: [PowerHal_Wrap_notifyAppState] com.mu6.app/com.mu6.app.MainActivity pid=5636 activityId:61304345 state:1
03-27 20:48:41.876  3140  4110 D GameMode: isScreenUnlocked: true
03-27 20:48:41.876  1820  2267 I mtkpower_client: [Legacy][PowerHal_Wrap_notifyAppState] com.mu6.app/com.mu6.app.MainActivity pid=5636 state:61304345
03-27 20:48:41.876  3140  4110 D GameMode: isScreenUnlocked: true
03-27 20:48:41.877  1217  1332 I libPowerHal: [perfNotifyAppState] pack:com.mu6.app, act:com.mu6.app.MainActivity, state:1, pid:5636, uid:10398, fps:-1
03-27 20:48:41.877  1217  1332 I libPowerHal: [perfNotifyAppState] foreground:com.mu6.app, pid:5636, uid:10398
03-27 20:48:41.877  1217  1332 I UxUtility: notifyForegroundApp pack:com.mu6.app, uid:10398
03-27 20:48:41.877  1217  1332 I TouchUtility: notifyAppState error = NULL
03-27 20:48:41.877  1217  1294 I mtkpower@impl: [notifyAppState] pc:1, com.motorola.launcher3 => com.mu6.app
03-27 20:48:41.878  1820  2267 I PowerHalWrapper: amsBoostNotify AMS_BOOST_PROCESS_CREATE_BOOST:true 
03-27 20:48:41.879  2269 28184 V WindowManagerShell: onTransitionReady(transaction=7816840496984)
03-27 20:48:41.880  1820  1842 V WindowManager: Sent Transition (#251) createdAt=03-27 20:48:41.795 via request=TransitionRequestInfo { type = OPEN, triggerTask = TaskInfo{userId=0 taskId=55530 displayId=0 isRunning=true baseIntent=Intent { act=android.intent.action.MAIN cat=[android.intent.category.LAUNCHER] flg=0x10200000 cmp=com.mu6.app/.MainActivity } baseActivity=ComponentInfo{com.mu6.app/com.mu6.app.MainActivity} topActivity=ComponentInfo{com.mu6.app/com.mu6.app.MainActivity} origActivity=null realActivity=ComponentInfo{com.mu6.app/com.mu6.app.MainActivity} numActivities=1 lastActiveTime=8141168 supportsMultiWindow=true supportsGlobalFreeform=true resizeMode=1 isResizeable=true isAppLocked=false isShowDecorCaptionWindowRequest=false canKillAndRestart=true minWidth=-1 minHeight=-1 defaultMinSize=200 token=WCT{RemoteToken{a77dfaf Task{99548bf #55530 type=standard A=10398:com.mu6.app}}} topActivityType=1 pictureInPictureParams=null shouldDockBigOverlays=false launchIntoPipHostTaskId=-1 lastParentTaskIdBeforePip=-1 displayCutoutSafeInsets=Rect(0, 117 - 0, 0) topActivityInfo=ActivityInfo{b8bbfbc com.mu6.app.MainActivity} launchCookies=[android.os.BinderProxy@6541b45] positionInParent=Point(0, 0) parentTaskId=-1 isFocused=false isVisible=false isVisibleRequested=false isSleeping=false locusId=null displayAreaFeatureId=1 isTopActivityTransparent=false appCompatTaskInfo=AppCompatTaskInfo { topActivityInSizeCompat=false topActivityEligibleForLetterboxEducation= falseisLetterboxEducationEnabled= false isLetterboxDoubleTapEnabled= false topActivityEligibleForUserAspectRatioButton= false topActivityBoundsLetterboxed= false isFromLetterboxDoubleTap= false topActivityLetterboxVerticalPosition= -1 topActivityLetterboxHorizontalPosition= -1 topActivityLetterboxWidth=1080 topActivityLetterboxHeight=2400 isUserFullscreenOverrideEnabled=false isSystemFullscreenOverrideEnabled=false cameraCompatTaskInfo=CameraCompatTaskInfo { cameraCompatControlState=hidden freeformCameraCompatMode=inactive}}}, pipTask = null, remoteTransition = RemoteTransition { remoteTransition = android.window.IRemoteTransition$Stub$Proxy@e7cd29a, appThread = android.app.IApplicationThread$Stub$Proxy@6cc7cb, debugName = QuickstepLaunch }, displayChange = null, flags = 0, debugId = 251 }
03-27 20:48:41.880  1820  1842 V WindowManager:     startWCT=WindowContainerTransaction { changes = {} hops = [] errorCallbackToken=null taskFragmentOrganizer=null }
03-27 20:48:41.880  2269  2310 V WindowManagerShell: onTransitionReady (#251) android.os.BinderProxy@dc75d4: {id=251 t=OPEN f=0x0 trk=0 r=[0@Point(0, 0)] c=[{WCT{android.window.IWindowContainerToken$Stub$Proxy@7dccd7a} m=OPEN f=NONE pTaskId=-1 leash=Surface(name=Task=55530)/@0x3f59b0f sb=Rect(0, 0 - 1080, 2400) eb=Rect(0, 0 - 1080, 2400) d=0 taskParent=-1},{WCT{android.window.IWindowContainerToken$Stub$Proxy@5fad92b} m=TO_BACK f=SHOW_WALLPAPER pTaskId=-1 leash=Surface(name=Task=1)/@0x16bc79c sb=Rect(0, 0 - 1080, 2400) eb=Rect(0, 0 - 1080, 2400) d=0 taskParent=-1}]}
03-27 20:48:41.881  1820  1842 V WindowManager:     info={id=251 t=OPEN f=0x0 trk=0 r=[0@Point(0, 0)] c=[
03-27 20:48:41.881  1820  1842 V WindowManager:         {WCT{RemoteToken{a77dfaf Task{99548bf #55530 type=standard A=10398:com.mu6.app}}} m=OPEN f=NONE pTaskId=-1 leash=Surface(name=Task=55530)/@0x2d30f89 sb=Rect(0, 0 - 1080, 2400) eb=Rect(0, 0 - 1080, 2400) d=0 taskParent=-1},
03-27 20:48:41.881  1820  1842 V WindowManager:         {WCT{RemoteToken{4e46253 Task{e80de22 #1 type=undefined}}} m=TO_BACK f=SHOW_WALLPAPER pTaskId=-1 leash=Surface(name=Task=1)/@0xabc1fcf sb=Rect(0, 0 - 1080, 2400) eb=Rect(0, 0 - 1080, 2400) d=0 taskParent=-1}
03-27 20:48:41.881  1820  1842 V WindowManager:     ]}
03-27 20:48:41.881  2269  2310 V WindowManagerShell: Playing animation for (#251) android.os.BinderProxy@dc75d4@0
03-27 20:48:41.881  2269  2310 V WindowManagerShell:  try firstHandler com.android.wm.shell.transition.DefaultMixedHandler@5f0662c
03-27 20:48:41.881  2269  2310 V WindowManagerShell: Mixed transition for opening an intent with a remote transition and PIP #251
03-27 20:48:41.881  2269  2310 V WindowManagerShell:  Delegate animation for (#251) to RemoteTransition { remoteTransition = android.window.IRemoteTransition$Stub$Proxy@e751b40, appThread = android.app.IApplicationThread$Stub$Proxy@9aa4a79, debugName = QuickstepLaunch }
03-27 20:48:41.883  2269  2310 V WindowManagerShell:  animated by firstHandler
03-27 20:48:41.883  1283  2749 I BufferQueueDebug: [Surface(name=Task=55530)/@0xc821ba2_transition-leash#3471](this:0xb4000072652fa020,id:-1,api:0,p:-1,c:-1) BufferQueue core=(1283:/system/bin/surfaceflinger)
03-27 20:48:41.884  1820  2332 W UserManagerService: Requested status bar icon for non-badged user 0
03-27 20:48:41.885  1283  2749 I BufferQueueDebug: [Surface(name=Task=1)/@0xa5cdff0_transition-leash#3472](this:0xb4000072652fd820,id:-1,api:0,p:-1,c:-1) BufferQueue core=(1283:/system/bin/surfaceflinger)
03-27 20:48:41.885  3140  4110 D GameMode: isScreenUnlocked: true
03-27 20:48:41.885  1820  1974 W PackageManager: Missing required system package: finance.global.travel.niyo, but found with extended search.
03-27 20:48:41.886  3140  4110 D GameMode: isScreenUnlocked: true
03-27 20:48:41.886  1820  1974 D ActivityManager: unfreezing ProcessRecord{131a42 32591:finance.global.travel.niyo/u0a370}, reason = unfreezeTemporarily, adj = 920, adjType = cch-empty, adjSource = null
03-27 20:48:41.886  3140  3140 D GameMode: exiting game mode
03-27 20:48:41.887 28187 28195 D LauncherAnimationRunner: onAnimationStart transit : 0
03-27 20:48:41.889 28187 28187 D BaseDepthController: mSurface is null and mCurrentBlur is: 0
03-27 20:48:41.890 28187 28187 D BaseDepthController: mSurface is null and mCurrentBlur is: 0
03-27 20:48:41.890  5636  5636 D nativeloader: Configuring clns-7 for other apk /data/app/~~9fWUkBMFWILkK2ODrjJS8A==/com.mu6.app-x-2gt4E8zSnuzOLbzMjBfg==/base.apk. target_sdk_version=36, uses_libraries=, library_path=/data/app/~~9fWUkBMFWILkK2ODrjJS8A==/com.mu6.app-x-2gt4E8zSnuzOLbzMjBfg==/lib/arm64:/data/app/~~9fWUkBMFWILkK2ODrjJS8A==/com.mu6.app-x-2gt4E8zSnuzOLbzMjBfg==/base.apk!/lib/arm64-v8a, permitted_path=/data:/mnt/expand:/data/user/0/com.mu6.app
03-27 20:48:41.891  1283  2023 I BufferQueueDebug: [22baede ActivityRecordInputSink com.mu6.app/.MainActivity#3473](this:0xb400007265316020,id:-1,api:0,p:-1,c:-1) BufferQueue core=(1283:/system/bin/surfaceflinger)
03-27 20:48:41.891  1820  1974 D ActivityManager: sync unfroze 32591 finance.global.travel.niyo for 27
03-27 20:48:41.894  1820  1974 D ActivityManager: unfreezing ProcessRecord{76a9f5f 1598:finance.global.travel.niyo:sign3Service:com.sign3.intelligence.service.Sign3IsolatedService:931oFhlOIzrvwUlgzc9XxicIrTO/u0a370i-9000}, reason = oom_uncached, adj = 100, adjType = service, adjSource = ProcessRecord{131a42 32591:finance.global.travel.niyo/u0a370}
03-27 20:48:41.894  1820  1974 D ActivityManager: sync unfroze 1598 finance.global.travel.niyo:sign3Service:com.sign3.intelligence.service.Sign3IsolatedService:931oFhlOIzrvwUlgzc9XxicIrTO for 6
03-27 20:48:41.895  1820  1974 W ProcessStats: Tracking association SourceState{e0aa013 system/1000 ImpBg #27269} whose proc state 6 is better than process ProcessState{4da6c5c finance.global.travel.niyo/10370 pkg=finance.global.travel.niyo} proc state 14 (18 skipped)
03-27 20:48:41.897  5636  5636 V GraphicsEnvironment: Currently set values for:
03-27 20:48:41.897  5636  5636 V GraphicsEnvironment:   angle_gl_driver_selection_pkgs=[]
03-27 20:48:41.897  5636  5636 V GraphicsEnvironment:   angle_gl_driver_selection_values=[]
03-27 20:48:41.897  5636  5636 V GraphicsEnvironment: Global.Settings values are invalid: number of packages: 0, number of values: 0
03-27 20:48:41.897  5636  5636 V GraphicsEnvironment: Neither updatable production driver nor prerelease driver is supported.
03-27 20:48:41.899  1283  1283 E SurfaceFlinger: Out of order buffers detected for RequestedLayerState{com.motorola.launcher3/com.android.launcher3.CustomizationPanelLauncher#3401 parentId=749} producedId=56 frameNumber=161 -> producedId=56 frameNumber=62
03-27 20:48:41.901  3140  3140 D GameMode: isFeatureSupported: true
03-27 20:48:41.903  3140  3140 D GameMode: isFeatureSupported: true
03-27 20:48:41.906  1217  1332 I mtkpower@impl: [powerd_req] TIMER_MSG_PERF_LOCK_TIMEOUT hdl:4561
03-27 20:48:41.907  1217  1332 I libPowerHal: [perfLockRel] hdl:4561, idx:4
03-27 20:48:41.909  2448  2448 D GameModeDetector: notifyGameModeStatusValue, value=false
03-27 20:48:41.909  2448  2448 D DaxService: sendGameModeIntent, state=false
03-27 20:48:41.910  3140  3140 D GameMode: isFeatureSupported: true
03-27 20:48:41.911  1820  1854 D ActivityManager: unfreezing ProcessRecord{f00e37d 31509:com.motorola.dolby.dolbyui/u0a158}, reason = unfreezeTemporarily, adj = 985, adjType = cch-empty, adjSource = null
03-27 20:48:41.912  1820  1854 D ActivityManager: sync unfroze 31509 com.motorola.dolby.dolbyui for 3
03-27 20:48:41.915 31509 31538 D MotoDolbyUI: getDeviceType, active device is 0x2
03-27 20:48:41.917 31509 31538 D MotoDolbyUI: getDeviceType, active device is 0x2
03-27 20:48:41.917 28187 28187 D BaseDepthController: mSurface is null and mCurrentBlur is: 0
03-27 20:48:41.920  2448 31435 I AudioEffect: getParameter: param: 5, param2: -1
03-27 20:48:41.921  1143  2581 I EffectsFactory: Effect_Command(): self = 0xb400007594aed460, cmdCode = 8
03-27 20:48:41.921  1143  2581 D DlbDapEffectContext: DapEffectContext[0xb40000759b2ac300] getDapParameter() outval size = 12, ret = 0
03-27 20:48:41.921  2448 31435 I AudioEffect: getParameter: param: 167772165, param2: -1
03-27 20:48:41.922  1143  2581 I EffectsFactory: Effect_Command(): self = 0xb400007594aed460, cmdCode = 8
03-27 20:48:41.922  1143  2581 D DlbDapEffectContext: DapEffectContext[0xb40000759b2ac300] getDapParameter() outval size = 12, ret = 0
03-27 20:48:41.922 31864 31864 I bsdp    : onPause
03-27 20:48:41.923  2448 31435 D DolbyAudioEffectHelper: getDolbyStatus enabled=true profile=0
03-27 20:48:41.923  2448 31435 D DolbyProvider: true, profile=0
03-27 20:48:41.924  5636  5636 W SoLoader: Initializing SoLoader: 0
03-27 20:48:41.924  5636  5636 W SoLoader: Recording new base apk path: /data/app/~~9fWUkBMFWILkK2ODrjJS8A==/com.mu6.app-x-2gt4E8zSnuzOLbzMjBfg==/base.apk
03-27 20:48:41.924  5636  5636 W SoLoader: Previously recorded 0 base apk paths.
03-27 20:48:41.924  5636  5636 I SoLoader: Preparing SO source: DirectorySoSource[root = /vendor/lib64 flags = 2]
03-27 20:48:41.924  5636  5636 I SoLoader: Preparing SO source: DirectorySoSource[root = /system/lib64 flags = 2]
03-27 20:48:41.924  5636  5636 I SoLoader: Preparing SO source: DirectApkSoSource[root = [/data/app/~~9fWUkBMFWILkK2ODrjJS8A==/com.mu6.app-x-2gt4E8zSnuzOLbzMjBfg==/base.apk!/lib/arm64-v8a]]
03-27 20:48:41.927  5636  5636 I SoLoader: Preparing SO source: ApplicationSoSource[DirectorySoSource[root = /data/app/~~9fWUkBMFWILkK2ODrjJS8A==/com.mu6.app-x-2gt4E8zSnuzOLbzMjBfg==/lib/arm64 flags = 0]]
03-27 20:48:41.927  5636  5636 I SoLoader: init finish: 4 SO sources prepared
03-27 20:48:41.927  5636  5636 W SoLoader: SoLoader initialized: 8
03-27 20:48:41.927 32591 32591 E MitigationManager: Mitigation received -> Type: 3, ErrorCode: 81001, Message: Please disable USB/WiFi debugging in Developer Options for security purposes.
03-27 20:48:41.927 32591 32591 E MitigationManager: Mitigation received -> Type: 3, ErrorCode: 81001, Message: Please disable USB/WiFi debugging in Developer Options for security purposes.
03-27 20:48:41.928 32591 32591 E MitigationManager: Mitigation received -> Type: 3, ErrorCode: 81001, Message: Please disable USB/WiFi debugging in Developer Options for security purposes.
03-27 20:48:41.928 32591 32591 E MitigationManager: Mitigation received -> Type: 3, ErrorCode: 81003, Message: Developer options are enabled. Please disable them for enhanced security.
03-27 20:48:41.928 32591 32591 E MitigationManager: Mitigation received -> Type: 3, ErrorCode: 81004, Message: Accessibility settings are enabled. Please disable them for security purposes.
03-27 20:48:41.928 32591 32591 E MitigationManager: Mitigation received -> Type: 3, ErrorCode: 81005, Message: Location Spoofing Detected. Uninstall: Clone App Pro
03-27 20:48:41.928 32591 32591 E MitigationManager: Mitigation received -> Type: 3, ErrorCode: 81001, Message: Please disable USB/WiFi debugging in Developer Options for security purposes.
03-27 20:48:41.928 32591 32591 E MitigationManager: Mitigation received -> Type: 3, ErrorCode: 81001, Message: Please disable USB/WiFi debugging in Developer Options for security purposes.
03-27 20:48:41.928 32591 32591 E MitigationManager: Mitigation received -> Type: 3, ErrorCode: 81001, Message: Please disable USB/WiFi debugging in Developer Options for security purposes.
03-27 20:48:41.928 32591 32591 E MitigationManager: Mitigation received -> Type: 3, ErrorCode: 81003, Message: Developer options are enabled. Please disable them for enhanced security.
03-27 20:48:41.928 32591 32591 E MitigationManager: Mitigation received -> Type: 3, ErrorCode: 81004, Message: Accessibility settings are enabled. Please disable them for security purposes.
03-27 20:48:41.932  1283  1283 E SurfaceFlinger: Out of order buffers detected for RequestedLayerState{com.motorola.launcher3/com.android.launcher3.CustomizationPanelLauncher#3401 parentId=749} producedId=56 frameNumber=161 -> producedId=56 frameNumber=63
03-27 20:48:41.934  5636  5636 D nativeloader: Load /data/app/~~9fWUkBMFWILkK2ODrjJS8A==/com.mu6.app-x-2gt4E8zSnuzOLbzMjBfg==/base.apk!/lib/arm64-v8a/libc++_shared.so using class loader ns clns-7 (caller=/data/app/~~9fWUkBMFWILkK2ODrjJS8A==/com.mu6.app-x-2gt4E8zSnuzOLbzMjBfg==/base.apk!classes2.dex): ok
03-27 20:48:41.938  5636  5636 D nativeloader: Load /data/app/~~9fWUkBMFWILkK2ODrjJS8A==/com.mu6.app-x-2gt4E8zSnuzOLbzMjBfg==/base.apk!/lib/arm64-v8a/libjsi.so using class loader ns clns-7 (caller=/data/app/~~9fWUkBMFWILkK2ODrjJS8A==/com.mu6.app-x-2gt4E8zSnuzOLbzMjBfg==/base.apk!classes2.dex): ok
03-27 20:48:41.942  5636  5636 D nativeloader: Load /data/app/~~9fWUkBMFWILkK2ODrjJS8A==/com.mu6.app-x-2gt4E8zSnuzOLbzMjBfg==/base.apk!/lib/arm64-v8a/libfbjni.so using class loader ns clns-7 (caller=/data/app/~~9fWUkBMFWILkK2ODrjJS8A==/com.mu6.app-x-2gt4E8zSnuzOLbzMjBfg==/base.apk!classes2.dex): ok
03-27 20:48:41.945  5636  5636 D nativeloader: Load /data/app/~~9fWUkBMFWILkK2ODrjJS8A==/com.mu6.app-x-2gt4E8zSnuzOLbzMjBfg==/base.apk!/lib/arm64-v8a/libreactnative.so using class loader ns clns-7 (caller=/data/app/~~9fWUkBMFWILkK2ODrjJS8A==/com.mu6.app-x-2gt4E8zSnuzOLbzMjBfg==/base.apk!classes2.dex): ok
03-27 20:48:41.945  5636  5636 D jni_lib_merge: Entering merged library JNI_OnLoad.
03-27 20:48:41.945  5636  5636 D jni_lib_merge: Preparing 12 pre-merged libs (including stub)
03-27 20:48:41.945  5636  5636 D jni_lib_merge: Preparing to register libfabricjni_so.  onload_func: 0x78c20d0edc
03-27 20:48:41.945  5636  5636 D jni_lib_merge: Preparing to register libreact_devsupportjni_so.  onload_func: 0x78c21a1f40
03-27 20:48:41.945  5636  5636 D jni_lib_merge: Preparing to register libreact_featureflagsjni_so.  onload_func: 0x78c21b49f8
03-27 20:48:41.945  5636  5636 D jni_lib_merge: Preparing to register libreact_newarchdefaults_so.  onload_func: 0x78c21d9e30
03-27 20:48:41.945  5636  5636 D jni_lib_merge: Preparing to register libreactnativeblob_so.  onload_func: 0x78c226c5b0
03-27 20:48:41.945  5636  5636 D jni_lib_merge: Preparing to register libreactnativejni_so.  onload_func: 0x78c2286b24
03-27 20:48:41.945  5636  5636 D jni_lib_merge: Preparing to register libreactnativejni_common_so.  onload_func: 0x78c228d458
03-27 20:48:41.945  5636  5636 D jni_lib_merge: Preparing to register librninstance_so.  onload_func: 0x78c22a9070
03-27 20:48:41.945  5636  5636 D jni_lib_merge: Preparing to register libturbomodulejsijni_so.  onload_func: 0x78c23411a4
03-27 20:48:41.945  5636  5636 D jni_lib_merge: Preparing to register libuimanagerjni_so.  onload_func: 0x78c23487e0
03-27 20:48:41.945  5636  5636 D jni_lib_merge: Preparing to register libyoga_so.  onload_func: 0x78c234fda4
03-27 20:48:41.945  5636  5636 D jni_lib_merge: About to register 11 actual methods.
03-27 20:48:41.949 28187 28187 D BaseDepthController: mSurface is null and mCurrentBlur is: 0
03-27 20:48:41.952  5636  5636 D nativeloader: Load /data/app/~~9fWUkBMFWILkK2ODrjJS8A==/com.mu6.app-x-2gt4E8zSnuzOLbzMjBfg==/base.apk!/lib/arm64-v8a/libreact_codegen_rnscreens.so using class loader ns clns-7 (caller=/data/app/~~9fWUkBMFWILkK2ODrjJS8A==/com.mu6.app-x-2gt4E8zSnuzOLbzMjBfg==/base.apk!classes2.dex): ok
03-27 20:48:41.952  5636  5636 D jni_lib_merge: Entering merged library JNI_OnLoad.
03-27 20:48:41.952  5636  5636 D jni_lib_merge: Preparing 12 pre-merged libs (including stub)
03-27 20:48:41.952  5636  5636 D jni_lib_merge: Preparing to register libfabricjni_so.  onload_func: 0x78c20d0edc
03-27 20:48:41.952  5636  5636 D jni_lib_merge: Preparing to register libreact_devsupportjni_so.  onload_func: 0x78c21a1f40
03-27 20:48:41.952  5636  5636 D jni_lib_merge: Preparing to register libreact_featureflagsjni_so.  onload_func: 0x78c21b49f8
03-27 20:48:41.952  5636  5636 D jni_lib_merge: Preparing to register libreact_newarchdefaults_so.  onload_func: 0x78c21d9e30
03-27 20:48:41.952  5636  5636 D jni_lib_merge: Preparing to register libreactnativeblob_so.  onload_func: 0x78c226c5b0
03-27 20:48:41.952  5636  5636 D jni_lib_merge: Preparing to register libreactnativejni_so.  onload_func: 0x78c2286b24
03-27 20:48:41.952  5636  5636 D jni_lib_merge: Preparing to register libreactnativejni_common_so.  onload_func: 0x78c228d458
03-27 20:48:41.952  5636  5636 D jni_lib_merge: Preparing to register librninstance_so.  onload_func: 0x78c22a9070
03-27 20:48:41.952  5636  5636 D jni_lib_merge: Preparing to register libturbomodulejsijni_so.  onload_func: 0x78c23411a4
03-27 20:48:41.952  5636  5636 D jni_lib_merge: Preparing to register libuimanagerjni_so.  onload_func: 0x78c23487e0
03-27 20:48:41.952  5636  5636 D jni_lib_merge: Preparing to register libyoga_so.  onload_func: 0x78c234fda4
03-27 20:48:41.952  5636  5636 D jni_lib_merge: About to register 11 actual methods.
03-27 20:48:41.952  2269  2310 D WindowManagerShell: onKeepClearAreasChanged: restricted={Rect(4, 2135 - 1076, 2349)}, unrestricted={}
03-27 20:48:41.956  5636  5636 D nativeloader: Load /data/app/~~9fWUkBMFWILkK2ODrjJS8A==/com.mu6.app-x-2gt4E8zSnuzOLbzMjBfg==/base.apk!/lib/arm64-v8a/libreact_codegen_rnsvg.so using class loader ns clns-7 (caller=/data/app/~~9fWUkBMFWILkK2ODrjJS8A==/com.mu6.app-x-2gt4E8zSnuzOLbzMjBfg==/base.apk!classes2.dex): ok
03-27 20:48:41.956  5636  5636 D jni_lib_merge: Entering merged library JNI_OnLoad.
03-27 20:48:41.956  5636  5636 D jni_lib_merge: Preparing 12 pre-merged libs (including stub)
03-27 20:48:41.956  5636  5636 D jni_lib_merge: Preparing to register libfabricjni_so.  onload_func: 0x78c20d0edc
03-27 20:48:41.956  5636  5636 D jni_lib_merge: Preparing to register libreact_devsupportjni_so.  onload_func: 0x78c21a1f40
03-27 20:48:41.956  5636  5636 D jni_lib_merge: Preparing to register libreact_featureflagsjni_so.  onload_func: 0x78c21b49f8
03-27 20:48:41.956  5636  5636 D jni_lib_merge: Preparing to register libreact_newarchdefaults_so.  onload_func: 0x78c21d9e30
03-27 20:48:41.956  5636  5636 D jni_lib_merge: Preparing to register libreactnativeblob_so.  onload_func: 0x78c226c5b0
03-27 20:48:41.956  5636  5636 D jni_lib_merge: Preparing to register libreactnativejni_so.  onload_func: 0x78c2286b24
03-27 20:48:41.956  5636  5636 D jni_lib_merge: Preparing to register libreactnativejni_common_so.  onload_func: 0x78c228d458
03-27 20:48:41.956  5636  5636 D jni_lib_merge: Preparing to register librninstance_so.  onload_func: 0x78c22a9070
03-27 20:48:41.956  5636  5636 D jni_lib_merge: Preparing to register libturbomodulejsijni_so.  onload_func: 0x78c23411a4
03-27 20:48:41.956  5636  5636 D jni_lib_merge: Preparing to register libuimanagerjni_so.  onload_func: 0x78c23487e0
03-27 20:48:41.956  5636  5636 D jni_lib_merge: Preparing to register libyoga_so.  onload_func: 0x78c234fda4
03-27 20:48:41.956  5636  5636 D jni_lib_merge: About to register 11 actual methods.
03-27 20:48:41.959  5636  5636 D nativeloader: Load /data/app/~~9fWUkBMFWILkK2ODrjJS8A==/com.mu6.app-x-2gt4E8zSnuzOLbzMjBfg==/base.apk!/lib/arm64-v8a/libreact_codegen_safeareacontext.so using class loader ns clns-7 (caller=/data/app/~~9fWUkBMFWILkK2ODrjJS8A==/com.mu6.app-x-2gt4E8zSnuzOLbzMjBfg==/base.apk!classes2.dex): ok
03-27 20:48:41.961  5636  5636 D nativeloader: Load /data/app/~~9fWUkBMFWILkK2ODrjJS8A==/com.mu6.app-x-2gt4E8zSnuzOLbzMjBfg==/base.apk!/lib/arm64-v8a/libappmodules.so using class loader ns clns-7 (caller=/data/app/~~9fWUkBMFWILkK2ODrjJS8A==/com.mu6.app-x-2gt4E8zSnuzOLbzMjBfg==/base.apk!classes2.dex): ok
03-27 20:48:41.961  5636  5636 I Typeface: updateThemeFont new=Exo2-Regular;old=sans-serif;new=Exo2-Stacked;old=
03-27 20:48:41.962  1820  1840 I ActivityManager: Flag disabled. Ignoring finishAttachApplication from uid: 10398. pid: 5636
03-27 20:48:41.965  1283  1283 E SurfaceFlinger: Out of order buffers detected for RequestedLayerState{com.motorola.launcher3/com.android.launcher3.CustomizationPanelLauncher#3401 parentId=749} producedId=56 frameNumber=161 -> producedId=56 frameNumber=64
03-27 20:48:41.966  5636  5661 D libMEOW : meow new tls: 0xb400007923b2df80
03-27 20:48:41.966  5636  5661 D libMEOW : meow reload base cfg path: na
03-27 20:48:41.966  5636  5661 D libMEOW : meow reload overlay cfg path: na
03-27 20:48:41.966  5636  5661 W QT      : qt_process_init() called
03-27 20:48:41.966  5636  5661 E QT      : [QT]file does not exist
03-27 20:48:41.966  5636  5661 W QT      : Support!!
03-27 20:48:41.967  5636  5661 E QT      : [QT]file does not exist
03-27 20:48:41.967  5636  5661 D libMEOW : applied 1 plugins for [com.mu6.app]:
03-27 20:48:41.967  5636  5661 D libMEOW :   plugin 1: [libMEOW_gift.so]: 0xb400007923a57f80
03-27 20:48:41.967  5636  5661 D libMEOW : rebuild call chain: 0xb400007923b3c180
03-27 20:48:41.968  5636  5661 D libMEOW : meow delete tls: 0xb400007923b2df80
03-27 20:48:41.971  5636  5636 D AppCompatDelegate: Checking for metadata for AppLocalesMetadataHolderService : Service not found
03-27 20:48:41.982 28187 28187 D BaseDepthController: mSurface is null and mCurrentBlur is: 0
03-27 20:48:41.998  5636  5636 W unknown:BridgelessReact: ReactHost{0}.startSurface(surfaceId = 0): Schedule
03-27 20:48:41.998  5636  5636 W unknown:BridgelessReact: ReactHost{0}.attachSurface(surfaceId = 0)
03-27 20:48:41.998  5636  5669 W unknown:BridgelessReact: ReactHost{0}.getOrCreateReactInstanceTask()
03-27 20:48:41.998  5636  5669 W unknown:BridgelessReact: ReactHost{0}.getOrCreateReactInstanceTask(): Start
03-27 20:48:41.998  5636  5669 W unknown:BridgelessReact: ReactHost{0}.getJSBundleLoader()
03-27 20:48:41.999  1283  1283 E SurfaceFlinger: Out of order buffers detected for RequestedLayerState{com.motorola.launcher3/com.android.launcher3.CustomizationPanelLauncher#3401 parentId=749} producedId=56 frameNumber=161 -> producedId=56 frameNumber=65
03-27 20:48:42.000  5636  5669 W unknown:BridgelessReact: ReactHost{0}.getOrCreateReactContext(): Creating BridgelessReactContext
03-27 20:48:42.000  5636  5669 W unknown:BridgelessReact: ReactHost{0}.getOrCreateReactInstanceTask(): Creating ReactInstance
03-27 20:48:42.002  5636  5636 W unknown:BridgelessReact: ReactHost{0}.onHostResume(activity)
03-27 20:48:42.002  5636  5636 W unknown:BridgelessReact: ReactContext.onHostResume()
03-27 20:48:42.007  1283  2023 D SurfaceFlinger: [SF client] NEW(0xb400007264f01b80) for (5636:com.mu6.app)
03-27 20:48:42.011  5636  5669 D nativeloader: Load /data/app/~~9fWUkBMFWILkK2ODrjJS8A==/com.mu6.app-x-2gt4E8zSnuzOLbzMjBfg==/base.apk!/lib/arm64-v8a/libhermes.so using class loader ns clns-7 (caller=/data/app/~~9fWUkBMFWILkK2ODrjJS8A==/com.mu6.app-x-2gt4E8zSnuzOLbzMjBfg==/base.apk!classes2.dex): ok
03-27 20:48:42.008  5663  5663 W getprop : type=1400 audit(0.0:11819): avc:  denied  { read } for  name="u:object_r:system_adbd_prop:s0" dev="tmpfs" ino=364 scontext=u:r:untrusted_app:s0:c114,c257,c512,c768 tcontext=u:object_r:system_adbd_prop:s0 tclass=file permissive=0 app=finance.global.travel.niyo
03-27 20:48:42.012  5636  5669 D nativeloader: Load /data/app/~~9fWUkBMFWILkK2ODrjJS8A==/com.mu6.app-x-2gt4E8zSnuzOLbzMjBfg==/base.apk!/lib/arm64-v8a/libhermestooling.so using class loader ns clns-7 (caller=/data/app/~~9fWUkBMFWILkK2ODrjJS8A==/com.mu6.app-x-2gt4E8zSnuzOLbzMjBfg==/base.apk!classes2.dex): ok
03-27 20:48:42.012  5636  5669 D jni_lib_merge: Entering merged library JNI_OnLoad.
03-27 20:48:42.012  5636  5669 D jni_lib_merge: Preparing 4 pre-merged libs (including stub)
03-27 20:48:42.012  5663  5663 W libc    : Access denied finding property "persist.adb.tls_server.enable"
03-27 20:48:42.012  5636  5669 D jni_lib_merge: Preparing to register libhermes_executor_so.  onload_func: 0x78d2ddd4b0
03-27 20:48:42.012  5636  5669 D jni_lib_merge: Preparing to register libhermesinstancejni_so.  onload_func: 0x78d2de4900
03-27 20:48:42.012  5636  5669 D jni_lib_merge: Preparing to register libjsijniprofiler_so.  onload_func: 0x78d2de50ec
