03-27 20:48:23.955 19596 19630 E oqm     : 	at jgs.run(PG:484)
03-27 20:48:23.955 19596 19630 E oqm     : 	at java.lang.Thread.run(Thread.java:1564)
03-27 20:48:23.955 19596 19630 E oqm     : 	at alhm.run(PG:61)
03-27 20:48:23.985 19596  5301 W Conscrypt: Could not set socket write timeout: java.net.SocketException: Socket closed
03-27 20:48:23.986 19596  5301 W Conscrypt: 	at com.google.android.gms.org.conscrypt.Platform.setSocketWriteTimeout(:com.google.android.gms@261133035@26.11.33 (260400-887465546):204)
03-27 20:48:23.986 19596  5301 W Conscrypt: 	at com.google.android.gms.org.conscrypt.ConscryptFileDescriptorSocket.setSoWriteTimeout(:com.google.android.gms@261133035@26.11.33 (260400-887465546):4)
03-27 20:48:24.308  1217  1313 I libPerfCtl: xgfGetFPS pid:2269 fps:95
03-27 20:48:24.308  1217  1313 I libPerfCtl: xgfGetFPS pid:28187 fps:-1
03-27 20:48:24.318  1283  1283 I BufferQueueProducer: [FramebufferSurface](this:0xb400007295f806d0,id:-1,api:1,p:1283,c:1283) queueBuffer: fps=93.47 dur=1005.69 max=21.34 min=7.44
03-27 20:48:24.323  1151  1664 I hwcomposer: [HWCDisplay] [Display_0 (type:1)] fps:93.582504,dur:1015.15,max:24.97,min:8.11  
03-27 20:48:24.706  1820  1881 I AppsFilter: interaction: PackageSetting{9700171 com.oem.euiccpartnerapp/10237} -> PackageSetting{f324ed0 com.transferwise.android/10640} BLOCKED
03-27 20:48:24.710  1820  2037 W PackageManager: Missing required system package: com.snapchat.android, but found with extended search.
03-27 20:48:24.712  1820  2215 D ShortcutService: received package broadcast intent: Intent { act=android.intent.action.PACKAGE_CHANGED dat=package: flg=0x45000010 (has extras) }
03-27 20:48:24.712  1820  2215 D ShortcutService: changing package: com.transferwise.android userId0
03-27 20:48:24.713  1820  2215 D ShortcutService: handlePackageChanged: com.transferwise.android user=0
03-27 20:48:24.713  1820  2215 D ShortcutService: rescanPackageIfNeeded 0@com.transferwise.android, forceRescan=true , isNewApp=true
03-27 20:48:24.714  1820  2215 W PackageManager: Missing required system package: com.transferwise.android, but found with extended search.
03-27 20:48:24.714  1820  2215 D ShortcutService: Package com.transferwise.android has 0 manifest shortcut(s), and 0 share target(s)
03-27 20:48:24.715  1820  1840 W PackageManager: Missing required system package: com.openai.chatgpt, but found with extended search.
03-27 20:48:24.715  1820  1840 W PackageManager: Missing required system package: com.google.android.apps.walletnfcrel, but found with extended search.
03-27 20:48:24.717  2490  2490 D CarrierSvcBindHelper: onPackageModified: com.transferwise.android
03-27 20:48:24.722  2490  2490 D CarrierSvcBindHelper: No carrier app for: 0
03-27 20:48:24.722  2490  2490 D CarrierSvcBindHelper: No carrier app for: 1
03-27 20:48:24.725  1820  3801 W PackageManager: Missing required system package: com.whatsapp.w4b, but found with extended search.
03-27 20:48:24.725  1820  3801 W PackageManager: Missing required system package: com.whatsapp, but found with extended search.
03-27 20:48:24.727  1820  2244 D ActivityManager: unfreezing ProcessRecord{88cc196 2626:com.google.android.permissioncontroller/u0a332}, reason = unfreezeTemporarily, adj = 935, adjType = cch-empty, adjSource = null
03-27 20:48:24.727  1820  1820 I TrafficStatsCollector: Receive intent: android.intent.action.PACKAGE_CHANGED
03-27 20:48:24.727  1820  1820 I TrafficStatsCollector: Not com.tmobile.echolocate.system, pkgName=com.transferwise.android
03-27 20:48:24.727  1820  2244 D ActivityManager: sync unfroze 2626 com.google.android.permissioncontroller for 27
03-27 20:48:24.731  1820  1852 W PackageManager: Missing required system package: com.tafayor.killall, but found with extended search.
03-27 20:48:24.733  2490  2490 E SmsApplication: com.google.android.apps.messaging lost android:read_cell_broadcasts:  (fixing)
03-27 20:48:24.734  1820  3801 W AppOpService: Ignored setUidMode call for runtime permission app op: uid = 10207, code = READ_CELL_BROADCASTS, mode = allow, callingUid = 1001, oldMode = allow
03-27 20:48:24.744  2626  2639 I PermissionControllerServiceImpl: Updating user sensitive for uid 10640
03-27 20:48:24.752  1820  2017 I RoleService: Granting default roles...
03-27 20:48:24.752  2490  2490 E SmsApplication: isSystemPackage NameNotFoundException:com.motorola.cn.devicemigration
03-27 20:48:24.753  1820  3801 W AppOpService: Ignored setUidMode call for runtime permission app op: uid = 1001, code = READ_SMS, mode = allow, callingUid = 1001, oldMode = allow
03-27 20:48:24.755  1820  1840 W AppOpService: Ignored setUidMode call for runtime permission app op: uid = 1001, code = RECEIVE_SMS, mode = allow, callingUid = 1001, oldMode = allow
03-27 20:48:24.755  1820  3805 W AppOpService: Ignored setUidMode call for runtime permission app op: uid = 1001, code = RECEIVE_WAP_PUSH, mode = allow, callingUid = 1001, oldMode = allow
03-27 20:48:24.756  1820  2592 W AppOpService: Ignored setUidMode call for runtime permission app op: uid = 1001, code = SEND_SMS, mode = allow, callingUid = 1001, oldMode = allow
03-27 20:48:24.756  1820  2592 W AppOpService: Ignored setUidMode call for runtime permission app op: uid = 1001, code = READ_CELL_BROADCASTS, mode = allow, callingUid = 1001, oldMode = allow
03-27 20:48:24.756  1820  2592 W PackageManager: Missing required system package: com.whatsapp.w4b, but found with extended search.
03-27 20:48:24.757  1820  2592 W PackageManager: Missing required system package: com.whatsapp, but found with extended search.
03-27 20:48:24.758  1820  3805 W PackageManager: Missing required system package: com.whatsapp.w4b, but found with extended search.
03-27 20:48:24.758  1820  2412 E RoleControllerServiceImpl: Default/fallback role holder package doesn't qualify for the role, package: com.google.android.gms.supervision, role: android.app.role.SYSTEM_SUPERVISION, user: 0
03-27 20:48:24.758  1820  3805 W PackageManager: Missing required system package: com.whatsapp, but found with extended search.
03-27 20:48:24.759  1820  3805 W PackageManager: Missing required system package: com.transferwise.android, but found with extended search.
03-27 20:48:24.761  1820  2412 W SignedPackage: Package doesn't have required signing certificate: com.google.android.apps.work.clouddpc
03-27 20:48:24.764  2490  2798 D ImsResolver: maybeAddedImsService, packageName: com.transferwise.android
03-27 20:48:24.766  2269  2371 D Tile.ScreenshotTile: update state
03-27 20:48:24.767  1820  1840 W PackageManager: Missing required system package: com.revolut.revolut, but found with extended search.
03-27 20:48:24.775  1820  3801 W PackageManager: Missing required system package: com.revolut.revolut, but found with extended search.
03-27 20:48:24.775  1820  1852 W MagnificationConnectionManager: requestConnection duplicated request: connect=false, mConnectionState=DISCONNECTED
03-27 20:48:24.777  1820  2412 W AppOpService: Ignored setUidMode call for runtime permission app op: uid = 10168, code = FINE_LOCATION, mode = allow, callingUid = 1000, oldMode = allow
03-27 20:48:24.779 28187 28202 I PackageUpdatedTask: Packages updated: [com.transferwise.android], mOp: 2, mUser: UserHandle{0}
03-27 20:48:24.779 28187 28202 D PackageUpdatedTask: Package updated: mOp=UPDATE packages=[com.transferwise.android]
03-27 20:48:24.779 28187 28202 I SQLiteCacheHelper: SqliteCacheHelper---->delete whereClause = componentName LIKE ? AND profileId = ?, whereArgs = com.transferwise.android/%;0;
03-27 20:48:24.781  4299  4299 W MotoFreeForm: [PackageMonitor] onPackageChangedcom.transferwise.android
03-27 20:48:24.781  3140  3140 D MFL     : inside onPackageChanged 
03-27 20:48:24.782  1820  1852 W PackageManager: Missing required system package: org.telegram.messenger, but found with extended search.
03-27 20:48:24.782  1820  1852 W PackageManager: Missing required system package: net.one97.paytm, but found with extended search.
03-27 20:48:24.783  1820  1852 W PackageManager: Missing required system package: net.one97.paytm, but found with extended search.
03-27 20:48:24.783  1820  1852 W PackageManager: Missing required system package: finance.global.travel.niyo, but found with extended search.
03-27 20:48:24.783  1820  1852 W PackageManager: Missing required system package: com.whatsapp.w4b, but found with extended search.
03-27 20:48:24.784  1820  1852 W PackageManager: Missing required system package: com.whatsapp, but found with extended search.
03-27 20:48:24.784  1820  1852 W PackageManager: Missing required system package: com.twitter.android, but found with extended search.
03-27 20:48:24.784  1820  1852 W PackageManager: Missing required system package: com.transferwise.android, but found with extended search.
03-27 20:48:24.784  1820  1852 W PackageManager: Missing required system package: com.snapchat.android, but found with extended search.
03-27 20:48:24.784  1820  1852 W PackageManager: Missing required system package: com.revolut.revolut, but found with extended search.
03-27 20:48:24.784  1820  1852 W PackageManager: Missing required system package: com.mventus.selfcare.activity, but found with extended search.
03-27 20:48:24.784  1820  1852 W PackageManager: Missing required system package: com.microsoft.teams, but found with extended search.
03-27 20:48:24.785  1820  1852 W PackageManager: Missing required system package: com.microsoft.office.outlook, but found with extended search.
03-27 20:48:24.785  1820  1852 W PackageManager: Missing required system package: com.instagram.android, but found with extended search.
03-27 20:48:24.785  1820  1852 W PackageManager: Missing required system package: com.facebook.orca, but found with extended search.
03-27 20:48:24.785  1820  1852 W PackageManager: Missing required system package: com.duolingo, but found with extended search.
03-27 20:48:24.785  1820  1852 W PackageManager: Missing required system package: ai.x.grok, but found with extended search.
03-27 20:48:24.786  1820  1852 W PackageManager: Missing required system package: com.revolut.revolut, but found with extended search.
03-27 20:48:24.786  1820  1852 W PackageManager: Missing required system package: com.revolut.business, but found with extended search.
03-27 20:48:24.788  1820  2412 W PackageManager: Missing required system package: com.whatsapp.w4b, but found with extended search.
03-27 20:48:24.788  1820  2412 W PackageManager: Missing required system package: com.whatsapp, but found with extended search.
03-27 20:48:24.789  1820  2412 W PackageManager: Missing required system package: com.whatsapp.w4b, but found with extended search.
03-27 20:48:24.789  1820  2412 W PackageManager: Missing required system package: com.whatsapp, but found with extended search.
03-27 20:48:24.791  1820  1840 W PackageManager: Missing required system package: com.revolut.revolut, but found with extended search.
03-27 20:48:24.791  1820  2412 W AppOpService: Ignored setUidMode call for runtime permission app op: uid = 10168, code = FINE_LOCATION, mode = allow, callingUid = 1000, oldMode = allow
03-27 20:48:24.792  1820  3801 W PackageManager: Missing required system package: com.transferwise.android, but found with extended search.
03-27 20:48:24.794  1820  3801 E PersistenceController: SettingNotFoundException: sv_custom_ai_icon_enabled
03-27 20:48:24.796  1820  3801 W PackageManager: Missing required system package: com.revolut.revolut, but found with extended search.
03-27 20:48:24.799  1820  2412 E RoleControllerServiceImpl: Default/fallback role holder package doesn't qualify for the role, package: com.google.android.gms, role: android.app.role.WALLET, user: 0
03-27 20:48:24.801  1820  2412 W PackageManager: Missing required system package: ai.perplexity.app.android, but found with extended search.
03-27 20:48:24.803  1820  2412 W PackageManager: Missing required system package: ai.perplexity.app.android, but found with extended search.
03-27 20:48:24.804  1820  2412 E RoleControllerServiceImpl: Default/fallback role holder package doesn't qualify for the role, package: com.motorola.paks, role: android.app.role.SYSTEM_FINANCED_DEVICE_CONTROLLER, user: 0
03-27 20:48:24.813  1820  3801 W PackageManager: Missing required system package: com.transferwise.android, but found with extended search.
03-27 20:48:24.818  1820  3801 E PersistenceController: SettingNotFoundException: sv_custom_ai_icon_enabled
03-27 20:48:24.828  1820  3801 W PackageManager: Missing required system package: com.transferwise.android, but found with extended search.
03-27 20:48:24.832  1820  1840 W UserManagerService: Can't access LauncherUserInfo for another user for disabled profile 10 from 0
03-27 20:48:24.832 28187 28187 D StatsLog: LAUNCHER_ALLAPPS_COUNT
03-27 20:48:24.859  1283  1283 I BufferQueueProducer: [NavigationBar0#88](this:0xb400007264cdd820,id:-1,api:0,p:-1,c:1283) queueBuffer: fps=61.99 dur=1000.19 max=21.38 min=7.72
03-27 20:48:24.866  5117  5164 E ReactNativeJS: [Error: supabaseUrl is required.]
03-27 20:48:24.867  5117  5164 E ReactNativeJS: [Error: supabaseUrl is required.]
03-27 20:48:24.869  5117  5165 W unknown:BridgelessReact: ReactHost{0}.handleHostException(message = "Error: supabaseUrl is required., stack:
03-27 20:48:24.869  5117  5165 W unknown:BridgelessReact: validateSupabaseUrl@1:7026409
03-27 20:48:24.869  5117  5165 W unknown:BridgelessReact: SupabaseClient@1:7027938
03-27 20:48:24.869  5117  5165 W unknown:BridgelessReact: createClient@1:7030340
03-27 20:48:24.869  5117  5165 W unknown:BridgelessReact: anonymous@1:7021918
03-27 20:48:24.869  5117  5165 W unknown:BridgelessReact: loadModuleImplementation@1:239535
03-27 20:48:24.869  5117  5165 W unknown:BridgelessReact: guardedLoadModule@1:239058
03-27 20:48:24.869  5117  5165 W unknown:BridgelessReact: metroRequire@1:238568
03-27 20:48:24.869  5117  5165 W unknown:BridgelessReact: anonymous@1:2626480
03-27 20:48:24.869  5117  5165 W unknown:BridgelessReact: loadModuleImplementation@1:239535
03-27 20:48:24.869  5117  5165 W unknown:BridgelessReact: guardedLoadModule@1:239058
03-27 20:48:24.869  5117  5165 W unknown:BridgelessReact: metroRequire@1:238568
03-27 20:48:24.869  5117  5165 W unknown:BridgelessReact: anonymous@1:1407781
03-27 20:48:24.869  5117  5165 W unknown:BridgelessReact: loadModuleImplementation@1:239535
03-27 20:48:24.869  5117  5165 W unknown:BridgelessReact: guardedLoadModule@1:239014
03-27 20:48:24.869  5117  5165 W unknown:BridgelessReact: metroRequire@1:238568
03-27 20:48:24.869  5117  5165 W unknown:BridgelessReact: get@1:1406630
03-27 20:48:24.869  5117  5165 W unknown:BridgelessReact: metroContext@1:1406605
03-27 20:48:24.869  5117  5165 W unknown:BridgelessReact: loadRoute@1:1711322
03-27 20:48:24.869  5117  5165 W unknown:BridgelessReact: getLayoutNode@1:1713475
03-27 20:48:24.869  5117  5165 W unknown:BridgelessReact: _loop3@1:1711214
03-27 20:48:24.869  5117  5165 W unknown:BridgelessReact: getDirectoryTree@1:1708976
03-27 20:48:24.869  5117  5165 W unknown:BridgelessReact: getRoutes@1:1707959
03-27 20:48:24.869  5117  5165 W unknown:BridgelessReact: getRoutes@1:1706952
03-27 20:48:24.869  5117  5165 W unknown:BridgelessReact: useStore@1:1678312
03-27 20:48:24.869  5117  5165 W unknown:BridgelessReact: ContextNavigator@1:1745539
03-27 20:48:24.869  5117  5165 W unknown:BridgelessReact: renderWithHooks@1:427993
03-27 20:48:24.869  5117  5165 W unknown:BridgelessReact: updateFunctionComponent@1:446901
03-27 20:48:24.869  5117  5165 W unknown:BridgelessReact: beginWork@1:454818
03-27 20:48:24.869  5117  5165 W unknown:BridgelessReact: performUnitOfWork@1:473627
03-27 20:48:24.869  5117  5165 W unknown:BridgelessReact: workLoopSync@1:472633
03-27 20:48:24.869  5117  5165 W unknown:BridgelessReact: renderRootSync@1:472465
03-27 20:48:24.869  5117  5165 W unknown:BridgelessReact: performWorkOnRoot@1:469882
03-27 20:48:24.869  5117  5165 W unknown:BridgelessReact: performWorkOnRootViaSchedulerTask@1:423429
03-27 20:48:24.869  5117  5165 W unknown:BridgelessReact: ")
03-27 20:48:24.869  5117  5164 W ReactNativeJS: [expo-av]: Expo AV has been deprecated and will be removed in SDK 54. Use the `expo-audio` and `expo-video` packages to replace the required functionality.
--------- beginning of crash
03-27 20:48:24.869  5117  5165 E AndroidRuntime: FATAL EXCEPTION: mqt_v_native
03-27 20:48:24.869  5117  5165 E AndroidRuntime: Process: com.mu6.app, PID: 5117
03-27 20:48:24.869  5117  5165 E AndroidRuntime: com.facebook.react.common.JavascriptException: Error: supabaseUrl is required., stack:
03-27 20:48:24.869  5117  5165 E AndroidRuntime: validateSupabaseUrl@1:7026409
03-27 20:48:24.869  5117  5165 E AndroidRuntime: SupabaseClient@1:7027938
03-27 20:48:24.869  5117  5165 E AndroidRuntime: createClient@1:7030340
03-27 20:48:24.869  5117  5165 E AndroidRuntime: anonymous@1:7021918
03-27 20:48:24.869  5117  5165 E AndroidRuntime: loadModuleImplementation@1:239535
03-27 20:48:24.869  5117  5165 E AndroidRuntime: guardedLoadModule@1:239058
03-27 20:48:24.869  5117  5165 E AndroidRuntime: metroRequire@1:238568
03-27 20:48:24.869  5117  5165 E AndroidRuntime: anonymous@1:2626480
03-27 20:48:24.869  5117  5165 E AndroidRuntime: loadModuleImplementation@1:239535
03-27 20:48:24.869  5117  5165 E AndroidRuntime: guardedLoadModule@1:239058
03-27 20:48:24.869  5117  5165 E AndroidRuntime: metroRequire@1:238568
03-27 20:48:24.869  5117  5165 E AndroidRuntime: anonymous@1:1407781
03-27 20:48:24.869  5117  5165 E AndroidRuntime: loadModuleImplementation@1:239535
03-27 20:48:24.869  5117  5165 E AndroidRuntime: guardedLoadModule@1:239014
03-27 20:48:24.869  5117  5165 E AndroidRuntime: metroRequire@1:238568
03-27 20:48:24.869  5117  5165 E AndroidRuntime: get@1:1406630
03-27 20:48:24.869  5117  5165 E AndroidRuntime: metroContext@1:1406605
03-27 20:48:24.869  5117  5165 E AndroidRuntime: loadRoute@1:1711322
03-27 20:48:24.869  5117  5165 E AndroidRuntime: getLayoutNode@1:1713475
03-27 20:48:24.869  5117  5165 E AndroidRuntime: _loop3@1:1711214
03-27 20:48:24.869  5117  5165 E AndroidRuntime: getDirectoryTree@1:1708976
03-27 20:48:24.869  5117  5165 E AndroidRuntime: getRoutes@1:1707959
03-27 20:48:24.869  5117  5165 E AndroidRuntime: getRoutes@1:1706952
03-27 20:48:24.869  5117  5165 E AndroidRuntime: useStore@1:1678312
03-27 20:48:24.869  5117  5165 E AndroidRuntime: ContextNavigator@1:1745539
03-27 20:48:24.869  5117  5165 E AndroidRuntime: renderWithHooks@1:427993
03-27 20:48:24.869  5117  5165 E AndroidRuntime: updateFunctionComponent@1:446901
03-27 20:48:24.869  5117  5165 E AndroidRuntime: beginWork@1:454818
03-27 20:48:24.869  5117  5165 E AndroidRuntime: performUnitOfWork@1:473627
03-27 20:48:24.869  5117  5165 E AndroidRuntime: workLoopSync@1:472633
03-27 20:48:24.869  5117  5165 E AndroidRuntime: renderRootSync@1:472465
03-27 20:48:24.869  5117  5165 E AndroidRuntime: performWorkOnRoot@1:469882
03-27 20:48:24.869  5117  5165 E AndroidRuntime: performWorkOnRootViaSchedulerTask@1:423429
03-27 20:48:24.869  5117  5165 E AndroidRuntime: 
03-27 20:48:24.869  5117  5165 E AndroidRuntime: 	at com.facebook.react.modules.core.ExceptionsManagerModule.reportException(ExceptionsManagerModule.kt:52)
03-27 20:48:24.869  5117  5165 E AndroidRuntime: 	at com.facebook.jni.NativeRunnable.run(Native Method)
03-27 20:48:24.869  5117  5165 E AndroidRuntime: 	at android.os.Handler.handleCallback(Handler.java:1001)
03-27 20:48:24.869  5117  5165 E AndroidRuntime: 	at android.os.Handler.dispatchMessage(Handler.java:105)
03-27 20:48:24.869  5117  5165 E AndroidRuntime: 	at com.facebook.react.bridge.queue.MessageQueueThreadHandler.dispatchMessage(MessageQueueThreadHandler.kt:21)
03-27 20:48:24.869  5117  5165 E AndroidRuntime: 	at android.os.Looper.loopOnce(Looper.java:268)
03-27 20:48:24.869  5117  5165 E AndroidRuntime: 	at android.os.Looper.loop(Looper.java:384)
03-27 20:48:24.869  5117  5165 E AndroidRuntime: 	at com.facebook.react.bridge.queue.MessageQueueThreadImpl$Companion.startNewBackgroundThread$lambda$1(MessageQueueThreadImpl.kt:175)
03-27 20:48:24.869  5117  5165 E AndroidRuntime: 	at com.facebook.react.bridge.queue.MessageQueueThreadImpl$Companion.$r8$lambda$ldnZnqelhYFctGaUKkOKYj5rxo4(Unknown Source:0)
03-27 20:48:24.869  5117  5165 E AndroidRuntime: 	at com.facebook.react.bridge.queue.MessageQueueThreadImpl$Companion$$ExternalSyntheticLambda0.run(D8$$SyntheticClass:0)
03-27 20:48:24.869  5117  5165 E AndroidRuntime: 	at java.lang.Thread.run(Thread.java:1564)
03-27 20:48:24.870  5117  5164 E ReactNativeJS: [Error: supabaseUrl is required.]
03-27 20:48:24.871  5117  5164 E ReactNativeJS: [Error: supabaseUrl is required.]
03-27 20:48:24.872  1820  5420 I DropBoxManagerService: add tag=data_app_crash isTagEnabled=true flags=0x2
03-27 20:48:24.872  5117  5164 E ReactNativeJS: [Error: supabaseUrl is required.]
03-27 20:48:24.873  1820  1840 W ActivityTaskManager:   Force finishing activity com.mu6.app/.MainActivity
03-27 20:48:24.875  5117  5164 E ReactNativeJS: [Error: supabaseUrl is required.]
03-27 20:48:24.875  5117  5164 E ReactNativeJS: [Error: supabaseUrl is required.]
03-27 20:48:24.876  5117  5164 E ReactNativeJS: [Error: supabaseUrl is required.]
03-27 20:48:24.877  5117  5164 E ReactNativeJS: [Error: supabaseUrl is required.]
03-27 20:48:24.878  5117  5164 E ReactNativeJS: [Error: supabaseUrl is required.]
03-27 20:48:24.878  2269  2310 V WindowManagerShell: Transition requested (#250): android.os.BinderProxy@cea3b36 TransitionRequestInfo { type = CLOSE, triggerTask = null, pipTask = null, remoteTransition = null, displayChange = null, flags = 16, debugId = 250 }
03-27 20:48:24.880  5117  5164 E ReactNativeJS: { [TypeError: Cannot read property 'ErrorBoundary' of undefined]
03-27 20:48:24.880  5117  5164 E ReactNativeJS:   componentStack: '\n    at ContextNavigator (address at index.android.bundle:1:1745379)\n    at ExpoRoot (address at index.android.bundle:1:1745021)\n    at App (<anonymous>)\n    at RCTView (<anonymous>)\n    at View (address at index.android.bundle:1:670385)\n    at CssInterop.View (address at index.android.bundle:1:675027)\n    at AppContainer (address at index.android.bundle:1:669706)',
03-27 20:48:24.880  5117  5164 E ReactNativeJS:   isComponentError: true }
03-27 20:48:24.882 31864 31864 D VRI[CustomizationPanelLauncher]: visibilityChanged oldVisibility=false newVisibility=true
03-27 20:48:24.883 28187 28187 D VRI[CustomizationPanelLauncher]: visibilityChanged oldVisibility=false newVisibility=true
03-27 20:48:24.883  1820  1843 I ActivityManager: 10398 handleShowAppErrorUi: shouldThottle=false,showFirstCrash=false,repeating=true,shouldForceShowError=false
03-27 20:48:24.883  1820  1843 I ActivityManager: Showing crash dialog for package com.mu6.app u0
03-27 20:48:24.895  1283  2024 D SurfaceFlinger: [SF client] NEW(0xb400007264d99e80) for (1820:system_server)
03-27 20:48:24.896  5117  5117 W unknown:BridgelessReact: ReactHost{0}.onHostPause(activity)
03-27 20:48:24.896  5117  5117 W unknown:BridgelessReact: ReactContext.onHostPause()
03-27 20:48:24.899  1283  2024 I BufferQueueDebug: [Surface(name=cb5d5b2 NavigationBar0)/@0xf193a0a - animation-leash of insets_animation#3447](this:0xb400007265319820,id:-1,api:0,p:-1,c:-1) BufferQueue core=(1283:/system/bin/surfaceflinger)
03-27 20:48:24.901  1820  2592 I MediaFocusControl: abandonAudioFocus() from uid/pid 10398/5117 clientId=android.media.AudioManager@5c10fcbexpo.modules.av.AVManager@4c4378a
03-27 20:48:24.901  1820  2592 I MediaFocusControl: removeFocusStackEntry client:android.media.AudioManager@5c10fcbexpo.modules.av.AVManager@4c4378a
03-27 20:48:24.901  1283  2024 I BufferQueueDebug: [Surface(name=4bd7491 StatusBar)/@0xb28f27b - animation-leash of insets_animation#3448](this:0xb400007263b2c020,id:-1,api:0,p:-1,c:-1) BufferQueue core=(1283:/system/bin/surfaceflinger)
03-27 20:48:24.906  1820  2267 I PowerHalWrapper: amsBoostNotify pid:28187,activity:com.android.launcher3.CustomizationPanelLauncher, package:com.motorola.launcher3, mProcessCreatePackcom.mu6.app 
03-27 20:48:24.906  1820  2267 I PowerHalWrapper: state: 1 
03-27 20:48:24.907  1820  2267 I mtkpower_client: [PowerHal_Wrap_notifyAppState] com.motorola.launcher3/com.android.launcher3.CustomizationPanelLauncher pid=28187 activityId:133061018 state:1
03-27 20:48:24.908  1820  2267 I mtkpower_client: [Legacy][PowerHal_Wrap_notifyAppState] com.motorola.launcher3/com.android.launcher3.CustomizationPanelLauncher pid=28187 state:133061018
03-27 20:48:24.908  1217  1332 I libPowerHal: [perfNotifyAppState] pack:com.motorola.launcher3, act:com.android.launcher3.CustomizationPanelLauncher, state:1, pid:28187, uid:10294, fps:-1
03-27 20:48:24.908  1217  1332 I libPowerHal: [perfNotifyAppState] foreground:com.motorola.launcher3, pid:28187, uid:10294
03-27 20:48:24.909  1820  2267 I PowerHalWrapper: amsBoostNotify AMS_BOOST_PROCESS_CREATE_BOOST:true 
03-27 20:48:24.909  1217  1332 I UxUtility: notifyForegroundApp pack:com.motorola.launcher3, uid:10294
03-27 20:48:24.909  1820  2267 I PowerHalWrapper: amsBoostNotify pid:5117,activity:com.mu6.app.MainActivity, package:com.mu6.app, mProcessCreatePackcom.mu6.app 
03-27 20:48:24.909  1820  2267 I PowerHalWrapper: state: 0 
03-27 20:48:24.909  1217  1332 I TouchUtility: notifyAppState error = NULL
03-27 20:48:24.909  1217  1294 I mtkpower@impl: [notifyAppState] pc:1, com.mu6.app => com.motorola.launcher3
03-27 20:48:24.911  1820  2267 I ScnModule: [GameDetection] packname: com.mu6.app, apkSize: 99359529. 
03-27 20:48:24.911  1820  2267 I mtkpower_client: [PowerHal_Wrap_notifyAppState] com.mu6.app/com.mu6.app.MainActivity pid=5117 activityId:182230893 state:0
03-27 20:48:24.911  1820  2267 I mtkpower_client: [Legacy][PowerHal_Wrap_notifyAppState] com.mu6.app/com.mu6.app.MainActivity pid=5117 state:182230893
03-27 20:48:24.911  1283  1283 I BpBinder: onLastStrongRef automatically unlinking death recipients: 
03-27 20:48:24.913 31864 31864 D BufferQueueConsumer: [](id:7c7800000031,api:0,p:-1,c:31864) connect: controlledByApp=false
03-27 20:48:24.914  1217  1332 I libPowerHal: [perfNotifyAppState] pack:com.mu6.app, act:com.mu6.app.MainActivity, state:0, pid:5117, uid:10398, fps:-1
03-27 20:48:24.914  1820  2267 I PowerHalWrapper: amsBoostNotify AMS_BOOST_PROCESS_CREATE_BOOST:false 
03-27 20:48:24.914  3140  4110 D GameMode: isScreenUnlocked: true
03-27 20:48:24.914  3140  4110 D GameMode: isScreenUnlocked: true
03-27 20:48:24.915 31864 31864 D BLASTBufferQueue: [VRI[CustomizationPanelLauncher]#49](f:0,a:0) constructor()
03-27 20:48:24.915 31864 31864 D BLASTBufferQueue: [VRI[CustomizationPanelLauncher]#49](f:0,a:0) update width=1080 height=2400 format=-2 mTransformHint=0
03-27 20:48:24.918  1283  1374 I BufferQueueDebug: [Surface(name=cb5d5b2 NavigationBar0)/@0xf193a0a - animation-leash of insets_animation#3449](this:0xb4000072652df020,id:-1,api:0,p:-1,c:-1) BufferQueue core=(1283:/system/bin/surfaceflinger)
03-27 20:48:24.921  1283  2024 I BufferQueueDebug: [Surface(name=4bd7491 StatusBar)/@0xb28f27b - animation-leash of insets_animation#3450](this:0xb4000072652e2820,id:-1,api:0,p:-1,c:-1) BufferQueue core=(1283:/system/bin/surfaceflinger)
03-27 20:48:24.921  3140  4110 D GameMode: isScreenUnlocked: true
03-27 20:48:24.922  3140  4110 D GameMode: isScreenUnlocked: true
03-27 20:48:24.923 31864 31931 D BLASTBufferQueue: [VRI[CustomizationPanelLauncher]#49](f:0,a:1) acquireNextBufferLocked size=1080x2400 mFrameNumber=1 applyTransaction=true mTimestamp=8122733389714(auto) mPendingTransactions.size=0 graphicBufferId=136854837920042 transform=0
03-27 20:48:24.926 28187 28187 D BufferQueueConsumer: [](id:6e1b00000073,api:0,p:-1,c:28187) connect: controlledByApp=false
03-27 20:48:24.927  3140  3140 D GameMode: exiting game mode
03-27 20:48:24.927  1283  1283 I BufferQueueProducer: [com.motorola.launcher3/com.android.launcher3.CustomizationPanelLauncher#3400](this:0xb4000072652b5020,id:-1,api:0,p:-1,c:1283) queueBuffer: fps=0.03 dur=34197.45 max=34197.45 min=34197.45
03-27 20:48:24.928  1820  1846 D SurfaceComposerClient: Transaction::apply InputWindowCommands.focusRequests timestamp=8122736286560, windowName=e1ed8cf com.motorola.launcher3/com.android.launcher3.CustomizationPanelLauncher
03-27 20:48:24.929 28187 28187 D BLASTBufferQueue: [VRI[CustomizationPanelLauncher]#56](f:0,a:0) constructor()
03-27 20:48:24.929 28187 28187 D BLASTBufferQueue: [VRI[CustomizationPanelLauncher]#56](f:0,a:0) update width=1080 height=2400 format=-2 mTransformHint=0
03-27 20:48:24.930 28187 28187 W RemoteViews: Could not find a RemoteViews fitting the current size: 475.7647x116.23529
03-27 20:48:24.930 28187 28187 W RemoteViews: Could not find a RemoteViews fitting the current size: 475.7647x116.23529
03-27 20:48:24.936  1283  2749 I BufferQueueDebug: [WindowToken{659b3c2 type=2003 android.view.ViewRootImpl$W@910a80d}#3451](this:0xb400007265301020,id:-1,api:0,p:-1,c:-1) BufferQueue core=(1283:/system/bin/surfaceflinger)
03-27 20:48:24.943  1283  2749 I BufferQueueDebug: [5134a0e Application Error: com.mu6.app#3452](this:0xb400007265304820,id:-1,api:0,p:-1,c:-1) BufferQueue core=(1283:/system/bin/surfaceflinger)
03-27 20:48:24.944  1283  1283 D SurfaceFlinger: Focus addInputWindowCommands timestamp=8122736286560, windowName=e1ed8cf com.motorola.launcher3/com.android.launcher3.CustomizationPanelLauncher
03-27 20:48:24.945  1283  2749 I BufferQueueDebug: [Surface(name=cb5d5b2 NavigationBar0)/@0xf193a0a - animation-leash of insets_animation#3453](this:0xb4000072652f3020,id:-1,api:0,p:-1,c:-1) BufferQueue core=(1283:/system/bin/surfaceflinger)
03-27 20:48:24.946  1283  1283 I SurfaceFlinger: onHandleDestroyed: name=Surface(name=4bd7491 StatusBar)/@0xb28f27b - animation-leash of insets_animation#3448, layerId=3448, parentId=0
03-27 20:48:24.946  1283  1283 I SurfaceFlinger: onHandleDestroyed: name=Surface(name=cb5d5b2 NavigationBar0)/@0xf193a0a - animation-leash of insets_animation#3447, layerId=3447, parentId=0
03-27 20:48:24.946  1283  1283 I SurfaceFlinger: onHandleDestroyed: name=Surface(name=cb5d5b2 NavigationBar0)/@0xf193a0a - animation-leash of insets_animation#3445, layerId=3445, parentId=0
03-27 20:48:24.946  1283  1374 I SurfaceFlinger: onHandleDestroyed: name=Surface(name=4bd7491 StatusBar)/@0xb28f27b - animation-leash of insets_animation#3446, layerId=3446, parentId=0
03-27 20:48:24.947 28187 28214 D BLASTBufferQueue: [VRI[CustomizationPanelLauncher]#56](f:0,a:1) acquireNextBufferLocked size=1080x2400 mFrameNumber=1 applyTransaction=true mTimestamp=8122757114329(auto) mPendingTransactions.size=0 graphicBufferId=121062243173245 transform=0
03-27 20:48:24.948  1283  1374 I BufferQueueDebug: [Surface(name=4bd7491 StatusBar)/@0xb28f27b - animation-leash of insets_animation#3454](this:0xb4000072652f6820,id:-1,api:0,p:-1,c:-1) BufferQueue core=(1283:/system/bin/surfaceflinger)
03-27 20:48:24.951 28187 28187 I TopTaskTracker: onTaskMovedToFront: (moved taskInfo to front) taskId=55481, baseIntent=Intent { act=android.intent.action.MAIN cat=[android.intent.category.HOME] flg=0x10000100 cmp=com.motorola.launcher3/com.android.launcher3.CustomizationPanelLauncher }
03-27 20:48:24.952  3140  3140 D GameMode: isFeatureSupported: true
03-27 20:48:24.955  3140  3140 D GameMode: isFeatureSupported: true
03-27 20:48:24.955  1283  1374 I SurfaceFlinger: setDesiredDisplayModeSpecs: calling_process=system_server
03-27 20:48:24.955  1283  1283 I SurfaceFlinger: setDesiredDisplayModeSpecs: policy={defaultModeId=0, allowGroupSwitching=false, primaryRanges={physical=[30.00 Hz, 120.00 Hz], render=[30.00 Hz, 120.00 Hz]}, appRequestRanges={physical=[0.00 Hz, 120.00 Hz], render=[0.00 Hz, 120.00 Hz]} idleScreenConfig=nullptr}
03-27 20:48:24.955  1283  1283 D SurfaceFlinger: setDesiredDisplayModeSpecs[30~120]: by process 1820 uid 1000 for display 0
03-27 20:48:24.955  1283  1283 D RefreshRateSelector: constructAvailableRefreshRates: {defaultModeId=0, allowGroupSwitching=false, primaryRanges={physical=[30.00 Hz, 120.00 Hz], render=[30.00 Hz, 120.00 Hz]}, appRequestRanges={physical=[0.00 Hz, 120.00 Hz], render=[0.00 Hz, 120.00 Hz]} idleScreenConfig=nullptr} 
03-27 20:48:24.955  1283  1283 D RefreshRateSelector: primary render rates: {fps=30.00 Hz, modePtr={id=3, vsyncRate=30.00 Hz, peakRefreshRate=30.00 Hz}} {fps=40.00 Hz, modePtr={id=0, vsyncRate=120.00 Hz, peakRefreshRate=120.00 Hz}} {fps=45.00 Hz, modePtr={id=1, vsyncRate=90.00 Hz, peakRefreshRate=90.00 Hz}} {fps=60.00 Hz, modePtr={id=2, vsyncRate=60.00 Hz, peakRefreshRate=60.00 Hz}} {fps=90.00 Hz, modePtr={id=1, vsyncRate=90.00 Hz, peakRefreshRate=90.00 Hz}} {fps=120.00 Hz, modePtr={id=0, vsyncRate=120.00 Hz, peakRefreshRate=120.00 Hz}} , isVrrDevice? 0
03-27 20:48:24.955  1283  1283 D RefreshRateSelector: app request render rates: {fps=30.00 Hz, modePtr={id=3, vsyncRate=30.00 Hz, peakRefreshRate=30.00 Hz}} {fps=40.00 Hz, modePtr={id=0, vsyncRate=120.00 Hz, peakRefreshRate=120.00 Hz}} {fps=45.00 Hz, modePtr={id=1, vsyncRate=90.00 Hz, peakRefreshRate=90.00 Hz}} {fps=60.00 Hz, modePtr={id=2, vsyncRate=60.00 Hz, peakRefreshRate=60.00 Hz}} {fps=90.00 Hz, modePtr={id=1, vsyncRate=90.00 Hz, peakRefreshRate=90.00 Hz}} {fps=120.00 Hz, modePtr={id=0, vsyncRate=120.00 Hz, peakRefreshRate=120.00 Hz}} , isVrrDevice? 0
03-27 20:48:24.955  1283  1283 I RefreshRateSelector: constructAvailableRefreshRates: Found m90HzRefreshRateModeOpt at index 1
03-27 20:48:24.955  1283  1283 I RefreshRateSelector: constructAvailableRefreshRates: Found m60HzRefreshRateModeOpt at index 2
03-27 20:48:24.955  1283  1283 I RefreshRateSelector: constructAvailableRefreshRates: Found m90HzRefreshRateModeOpt at index 1
03-27 20:48:24.955  1283  1283 D RefreshRateSelector: Special render rates: 
03-27 20:48:24.955  1283  1283 D RefreshRateSelector: found  TouchBoostRefreshRate: {fps=90.00 Hz, modePtr={id=1, vsyncRate=90.00 Hz, peakRefreshRate=90.00 Hz}}
03-27 20:48:24.955  1283  1283 D RefreshRateSelector: found  ScrollBoostRefreshRate: {fps=120.00 Hz, modePtr={id=0, vsyncRate=120.00 Hz, peakRefreshRate=120.00 Hz}}
03-27 20:48:24.955  1283  1283 D RefreshRateSelector: [90:120:0]: mTouchBoostRefreshRateAvailable=1, mScrollBoostRefreshRateAvailable=1, mTouchOnBlankNotBoostRefreshRateAvailable=0
03-27 20:48:24.955  1283  1283 I RefreshRateSelector: Display 0 policy changed
03-27 20:48:24.955  1283  1283 I RefreshRateSelector: Previous: {defaultModeId=0, allowGroupSwitching=false, primaryRanges={physical=[30.00 Hz, 120.00 Hz], render=[30.00 Hz, 60.00 Hz]}, appRequestRanges={physical=[0.00 Hz, 120.00 Hz], render=[0.00 Hz, 120.00 Hz]} idleScreenConfig=nullptr}
03-27 20:48:24.955  1283  1283 I RefreshRateSelector: Current:  DisplayManagerPolicy{defaultModeId=0, allowGroupSwitching=false, primaryRanges={physical=[30.00 Hz, 120.00 Hz], render=[30.00 Hz, 120.00 Hz]}, appRequestRanges={physical=[0.00 Hz, 120.00 Hz], render=[0.00 Hz, 120.00 Hz]} idleScreenConfig=nullptr}
03-27 20:48:24.955  1283  1283 I RefreshRateSelector: 1 mode changes were performed under the previous policy
03-27 20:48:24.955  1283  1283 D SurfaceFlinger: Setting desired display mode specs: {defaultModeId=0, allowGroupSwitching=false, primaryRanges={physical=[30.00 Hz, 120.00 Hz], render=[30.00 Hz, 120.00 Hz]}, appRequestRanges={physical=[0.00 Hz, 120.00 Hz], render=[0.00 Hz, 120.00 Hz]} idleScreenConfig=nullptr} for display 0
03-27 20:48:24.955  1283  1707 D SurfaceFlinger: updateWinowInfo=1, setFocusedWindow timestamp=8122736286560, windowName=e1ed8cf com.motorola.launcher3/com.android.launcher3.CustomizationPanelLauncher
03-27 20:48:24.955  1283  1283 I SurfaceFlinger: Switching to Scheduler preferred mode 0 (120.00 Hz) for display 0
03-27 20:48:24.955  1283  1283 D DisplayModeController: setDesiredMode 0 {mode={fps=120.00 Hz, modePtr={id=0, vsyncRate=120.00 Hz, peakRefreshRate=120.00 Hz}}, emitEvent=true, force=false}
03-27 20:48:24.956  1283  1283 D Scheduler: MtkOverrideDuration: update vsync 120
03-27 20:48:24.956  1283  1283 D Scheduler: MtkOverrideDuration: reset override duration
03-27 20:48:24.956  1283  1283 I PowerHalWrapper: updateFps(): 120
03-27 20:48:24.957 31864 31864 I bsdp    : onResume
03-27 20:48:24.957  2448  2448 D GameModeDetector: notifyGameModeStatusValue, value=false
03-27 20:48:24.957 28187 28187 D StatsLog: LAUNCHER_ONRESUME
03-27 20:48:24.957  2448  2448 D DaxService: sendGameModeIntent, state=false
03-27 20:48:24.959  3140  3140 D GameMode: isFeatureSupported: true
03-27 20:48:24.961  2269  2310 D WindowManagerShell: setLauncherKeepClearAreaHeight: visible=true, height=164
03-27 20:48:24.965 31509 31538 D MotoDolbyUI: getDeviceType, active device is 0x2
03-27 20:48:24.966 28187 28202 D QuickstepModelDelegate: notifyAppTargetEvent action=1 launchLocation=workspace/1/[-1,-1]/[1,1]
03-27 20:48:24.966 31509 31538 D MotoDolbyUI: getDeviceType, active device is 0x2
03-27 20:48:24.968  1283  1283 I BufferQueueProducer: [com.motorola.launcher3/com.android.launcher3.CustomizationPanelLauncher#3401](this:0xb4000072652bf820,id:-1,api:0,p:-1,c:1283) queueBuffer: fps=14.22 dur=2601.75 max=2156.72 min=8.51
03-27 20:48:24.968  1283  1374 I BufferQueueDebug: [Transition Root: Task=1#3455](this:0xb400007263b02020,id:-1,api:0,p:-1,c:-1) BufferQueue core=(1283:/system/bin/surfaceflinger)
03-27 20:48:24.969  1283  1283 I BufferQueueDebug: [Surface(name=4bd7491 StatusBar)/@0xb28f27b - animation-leash of insets_animation#3448](this:0xb400007263b2c020,id:-1,api:0,p:-1,c:1283) onDestructor()
03-27 20:48:24.969  1283  1283 I BufferQueueDebug: [Surface(name=cb5d5b2 NavigationBar0)/@0xf193a0a - animation-leash of insets_animation#3445](this:0xb400007263b5e820,id:-1,api:0,p:-1,c:1283) onDestructor()
03-27 20:48:24.969  1283  1283 I BufferQueueDebug: [Surface(name=4bd7491 StatusBar)/@0xb28f27b - animation-leash of insets_animation#3446](this:0xb400007265316020,id:-1,api:0,p:-1,c:1283) onDestructor()
03-27 20:48:24.969  1283  1283 I BufferQueueDebug: [Surface(name=cb5d5b2 NavigationBar0)/@0xf193a0a - animation-leash of insets_animation#3447](this:0xb400007265319820,id:-1,api:0,p:-1,c:1283) onDestructor()
03-27 20:48:24.969  2448 31435 I AudioEffect: getParameter: param: 5, param2: -1
03-27 20:48:24.969  1283  1283 I SurfaceFlinger: onHandleDestroyed: name=Surface(name=4bd7491 StatusBar)/@0xb28f27b - animation-leash of insets_animation#3450, layerId=3450, parentId=0
03-27 20:48:24.970  1283  1283 I SurfaceFlinger: onHandleDestroyed: name=Surface(name=cb5d5b2 NavigationBar0)/@0xf193a0a - animation-leash of insets_animation#3449, layerId=3449, parentId=0
03-27 20:48:24.970  1143  2581 I EffectsFactory: Effect_Command(): self = 0xb400007594aed460, cmdCode = 8
03-27 20:48:24.970  1283  1283 I SurfaceFlinger: initiateDisplayModeChanges changing active mode from 2(60.00 Hz:0) to 0(120.00 Hz:0) for display 0
03-27 20:48:24.970  1151  1664 I hwcomposer: [HWC] (0) displaySetActiveConfig config:0  
03-27 20:48:24.970  1283  1283 I SurfaceFlinger: initiateDisplayModeChanges active mode changed to 0(120.00 Hz) for display 0. mBrightnessDimingCnt=0
03-27 20:48:24.971  1143  2581 D DlbDapEffectContext: DapEffectContext[0xb40000759b2ac300] getDapParameter() outval size = 12, ret = 0
03-27 20:48:24.971  2448 31435 I AudioEffect: getParameter: param: 167772165, param2: -1
03-27 20:48:24.971  1143  2581 I EffectsFactory: Effect_Command(): self = 0xb400007594aed460, cmdCode = 8
03-27 20:48:24.972  1143  2581 D DlbDapEffectContext: DapEffectContext[0xb40000759b2ac300] getDapParameter() outval size = 12, ret = 0
03-27 20:48:24.972  2448 31435 D DolbyAudioEffectHelper: getDolbyStatus enabled=true profile=0
03-27 20:48:24.972  2448 31435 D DolbyProvider: true, profile=0
03-27 20:48:24.973  2269  2877 V WindowManagerShell: onTransitionReady(transaction=7816840496649)
03-27 20:48:24.974  2269  2310 V WindowManagerShell: onTransitionReady (#250) android.os.BinderProxy@cea3b36: {id=250 t=CLOSE f=0x10 trk=0 r=[0@Point(0, 0)] c=[{WCT{android.window.IWindowContainerToken$Stub$Proxy@7a0e10} m=TO_FRONT f=SHOW_WALLPAPER|MOVE_TO_TOP pTaskId=-1 leash=Surface(name=Task=1)/@0xbb8dba4 sb=Rect(0, 0 - 1080, 2400) eb=Rect(0, 0 - 1080, 2400) d=0 taskParent=-1},{WCT{android.window.IWindowContainerToken$Stub$Proxy@4a10d09} m=CLOSE f=NONE pTaskId=-1 leash=Surface(name=Task=55529)/@0x579ad0d sb=Rect(0, 0 - 1080, 2400) eb=Rect(0, 0 - 1080, 2400) d=0 taskParent=-1},{null m=TO_FRONT f=IS_WALLPAPER leash=Surface(name=WallpaperWindowToken{d711150 token=android.os.Binder@7c7eb13})/@0xc96d4c2 sb=Rect(0, 0 - 1080, 2400) eb=Rect(0, 0 - 1080, 2400) d=0}]}
03-27 20:48:24.974  2269  2310 V WindowManagerShell: Playing animation for (#250) android.os.BinderProxy@cea3b36@0
03-27 20:48:24.974  2269  2310 V WindowManagerShell:  try handler com.android.wm.shell.transition.DefaultMixedHandler@5f0662c
03-27 20:48:24.974  2269  2310 V WindowManagerShell:  try handler com.android.wm.shell.keyguard.KeyguardTransitionHandler@88518f5
03-27 20:48:24.974  2269  2310 V WindowManagerShell:  try handler com.android.wm.shell.pip.PipTransition@c4768a
03-27 20:48:24.974  2269  2310 V WindowManagerShell:  try handler com.android.wm.shell.activityembedding.ActivityEmbeddingController@880b4fb
03-27 20:48:24.974  2269  2310 V WindowManagerShell:  try handler com.android.wm.shell.recents.RecentsTransitionHandler@b13b918
03-27 20:48:24.974  2269  2310 V ShellRecents: RecentsTransitionHandler.startAnimation: no controller found
03-27 20:48:24.974  2269  2310 V WindowManagerShell:  try handler com.android.wm.shell.splitscreen.StageCoordinator@a5b4f71
03-27 20:48:24.974  2269  2310 V WindowManagerShell:  try handler com.android.wm.shell.transition.RemoteTransitionHandler@d7b7156
03-27 20:48:24.974  2269  2310 V WindowManagerShell: Transition doesn't have explicit remote, search filters for match for {id=250 t=CLOSE f=0x10 trk=0 r=[0@Point(0, 0)] c=[{WCT{android.window.IWindowContainerToken$Stub$Proxy@7a0e10} m=TO_FRONT f=SHOW_WALLPAPER|MOVE_TO_TOP pTaskId=-1 leash=Surface(name=Task=1)/@0xbb8dba4 sb=Rect(0, 0 - 1080, 2400) eb=Rect(0, 0 - 1080, 2400) d=0 taskParent=-1},{WCT{android.window.IWindowContainerToken$Stub$Proxy@4a10d09} m=CLOSE f=NONE pTaskId=-1 leash=Surface(name=Task=55529)/@0x579ad0d sb=Rect(0, 0 - 1080, 2400) eb=Rect(0, 0 - 1080, 2400) d=0 taskParent=-1},{null m=TO_FRONT f=IS_WALLPAPER leash=Surface(name=WallpaperWindowToken{d711150 token=android.os.Binder@7c7eb13})/@0xc96d4c2 sb=Rect(0, 0 - 1080, 2400) eb=Rect(0, 0 - 1080, 2400) d=0}]}
03-27 20:48:24.974  2269  2310 V WindowManagerShell:  Checking filter Pair{{types=[] flags=0x0] notFlags=0x100 checks=[{atype=home independent=true modes=[OPEN,TO_FRONT] flags=NONE mustBeTask=false order=TOP topActivity=ComponentInfo{com.motorola.launcher3/com.android.launcher3.uioverrides.QuickstepLauncher} launchCookie=null},{atype=standard independent=true modes=[CLOSE,TO_BACK] flags=NONE mustBeTask=false order=ANY topActivity=null launchCookie=null}]} RemoteTransition { remoteTransition = android.window.IRemoteTransition$Stub$Proxy@34ec1c, appThread = android.app.IApplicationThread$Stub$Proxy@214025, debugName = QuickstepLaunchHome }}
03-27 20:48:24.974  2269  2310 D RemoteTransitionHandler: Found filterPair{{types=[] flags=0x0] notFlags=0x100 checks=[{atype=home independent=true modes=[OPEN,TO_FRONT] flags=NONE mustBeTask=false order=TOP topActivity=ComponentInfo{com.motorola.launcher3/com.android.launcher3.uioverrides.QuickstepLauncher} launchCookie=null},{atype=standard independent=true modes=[CLOSE,TO_BACK] flags=NONE mustBeTask=false order=ANY topActivity=null launchCookie=null}]} RemoteTransition { remoteTransition = android.window.IRemoteTransition$Stub$Proxy@34ec1c, appThread = android.app.IApplicationThread$Stub$Proxy@214025, debugName = QuickstepLaunchHome }}
03-27 20:48:24.974  2269  2310 V WindowManagerShell:  Delegate animation for (#250) to RemoteTransition { remoteTransition = android.window.IRemoteTransition$Stub$Proxy@34ec1c, appThread = android.app.IApplicationThread$Stub$Proxy@214025, debugName = QuickstepLaunchHome }
03-27 20:48:24.976  1283  1373 I BufferQueueDebug: [Surface(name=Task=1)/@0xf321eb4_transition-leash#3456](this:0xb400007263b05820,id:-1,api:0,p:-1,c:-1) BufferQueue core=(1283:/system/bin/surfaceflinger)
03-27 20:48:24.977 28187  3094 E FrameEvents: addRelease: Did not find frame.
03-27 20:48:24.978  1283  1373 I BufferQueueDebug: [Surface(name=Task=55529)/@0xbcaf652_transition-leash#3457](this:0xb400007263b5e820,id:-1,api:0,p:-1,c:-1) BufferQueue core=(1283:/system/bin/surfaceflinger)
03-27 20:48:24.979  1283  1373 I BufferQueueDebug: [Surface(name=WallpaperWindowToken{d711150 token=android.os.Binder@7c7eb13})/@0x62c7220_transition-leash#3458](this:0xb400007263b2c020,id:-1,api:0,p:-1,c:-1) BufferQueue core=(1283:/system/bin/surfaceflinger)
03-27 20:48:24.980 28187 28411 D LauncherAnimationRunner: onAnimationStart transit : 0
03-27 20:48:24.981 28187 28187 D createWallpaperOpenAnimations: state : Normal
03-27 20:48:24.983 28187 28187 D StateManager: createAtomicAnimation - fromState: Background, toState: Normal, partial trace:
03-27 20:48:24.983 28187 28187 D StateManager: 	at com.android.quickstep.util.StaggeredWorkspaceAnim.prepareToAnimate(StaggeredWorkspaceAnim.java:221)
03-27 20:48:24.983 28187 28187 D StateManager: 	at com.android.quickstep.util.StaggeredWorkspaceAnim.<init>(StaggeredWorkspaceAnim.java:87)
03-27 20:48:24.983 28187 28187 D StateManager: 	at com.android.quickstep.util.StaggeredWorkspaceAnim.<init>(StaggeredWorkspaceAnim.java:81)
03-27 20:48:24.983  1283  1283 I PowerHalWrapper: updateFps(): 120
03-27 20:48:24.987  1820  3674 E PersistenceController: SettingNotFoundException: sv_custom_ai_icon_enabled
03-27 20:48:24.987  1283  1283 I BufferQueueDebug: [Surface(name=cb5d5b2 NavigationBar0)/@0xf193a0a - animation-leash of insets_animation#3449](this:0xb4000072652df020,id:-1,api:0,p:-1,c:1283) onDestructor()
03-27 20:48:24.987  1283  1283 I BufferQueueDebug: [Surface(name=4bd7491 StatusBar)/@0xb28f27b - animation-leash of insets_animation#3450](this:0xb4000072652e2820,id:-1,api:0,p:-1,c:1283) onDestructor()
03-27 20:48:24.988  1283  1283 I SurfaceFlinger: initiateDisplayModeChanges changing active mode from 0(120.00 Hz:0) to 0(120.00 Hz:0) for display 0
03-27 20:48:24.988  1283  1283 I PowerHalWrapper: updateFps(): 120
03-27 20:48:24.992  1820  1842 V WindowManager: Sent Transition (#250) createdAt=03-27 20:48:24.873 via request=TransitionRequestInfo { type = CLOSE, triggerTask = null, pipTask = null, remoteTransition = null, displayChange = null, flags = 16, debugId = 250 }
03-27 20:48:24.992  1820  1842 V WindowManager:     startWCT=WindowContainerTransaction { changes = {} hops = [] errorCallbackToken=null taskFragmentOrganizer=null }
03-27 20:48:24.993  1820  1842 V WindowManager:     info={id=250 t=CLOSE f=0x10 trk=0 r=[0@Point(0, 0)] c=[
03-27 20:48:24.993  1820  1842 V WindowManager:         {WCT{RemoteToken{4e46253 Task{e80de22 #1 type=undefined}}} m=TO_FRONT f=SHOW_WALLPAPER|MOVE_TO_TOP pTaskId=-1 leash=Surface(name=Task=1)/@0xabc1fcf sb=Rect(0, 0 - 1080, 2400) eb=Rect(0, 0 - 1080, 2400) d=0 taskParent=-1},
03-27 20:48:24.993  1820  1842 V WindowManager:         {WCT{RemoteToken{713ddd Task{d3b0c33 #55529 type=standard A=10398:com.mu6.app}}} m=CLOSE f=NONE pTaskId=-1 leash=Surface(name=Task=55529)/@0x682b8a1 sb=Rect(0, 0 - 1080, 2400) eb=Rect(0, 0 - 1080, 2400) d=0 taskParent=-1},
03-27 20:48:24.993  1820  1842 V WindowManager:         {null m=TO_FRONT f=IS_WALLPAPER leash=Surface(name=WallpaperWindowToken{d711150 token=android.os.Binder@7c7eb13})/@0xfde8c9b sb=Rect(0, 0 - 1080, 2400) eb=Rect(0, 0 - 1080, 2400) d=0}
03-27 20:48:24.993  1820  1842 V WindowManager:     ]}
03-27 20:48:24.996  1217  1295 I mtkpower@impl: [setMode] type:5, enabled:0
03-27 20:48:24.996  1820  3805 D PowerManagerService: nativeSetPowerMode ret:true mode:5 enabled:false duration ms: 0
03-27 20:48:24.997  1820  2267 I PowerHalWrapper: amsBoostStop AMS_BOOST_PACK_SWITCH:false, AMS_BOOST_ACT_SWITCH:false, AMS_BOOST_PROCESS_CREATE:true, AMS_BOOST_PROCESS_CREATE_FOR_GAME:false, AMS_BOOST_HOT_LAUNCH:false 
03-27 20:48:24.997  1217  1294 I mtkpower@impl: [mtkPowerHint] hint:21, hold:6000, ext:30, ext_hold:30000
03-27 20:48:24.998  1217  1332 I libPowerHal: [perfLockAcq] idx:4 hdl:4556 hint:21 pid:1217 duration:6000 lock_user:mtkpower@1.0-se => ret_hdl:4556
03-27 20:48:24.998  2269  2310 V WindowManagerShell:  animated by com.android.wm.shell.transition.RemoteTransitionHandler@d7b7156
03-27 20:48:24.999  1283  1283 E SurfaceFlinger: Out of order buffers detected for RequestedLayerState{com.motorola.launcher3/com.android.launcher3.CustomizationPanelLauncher#3401 parentId=749} producedId=56 frameNumber=161 -> producedId=56 frameNumber=2
03-27 20:48:25.000  1217  1332 I libPowerHal: [perfLockRel] hdl:4555, idx:5
03-27 20:48:25.000  1217  1332 I libPowerHal: [perfLockAcq] idx:6 hdl:4557 hint:30 pid:1217 duration:30000 lock_user:mtkpower@1.0-se => ret_hdl:4557
03-27 20:48:25.001  1217  1332 I libPowerHal: [PE] MTKPOWER_HINT_EXT_LAUNCH update cmd:2020000, param:31
03-27 20:48:25.010  2269  2310 D WindowManagerShell: onKeepClearAreasChanged: restricted={Rect(0, 2143 - 1080, 2358)}, unrestricted={}
03-27 20:48:25.019  1820  2036 I ImeTracker: com.motorola.launcher3:b3c26bb2: onRequestHide at ORIGIN_SERVER reason HIDE_SAME_WINDOW_FOCUSED_WITHOUT_EDITOR fromUser false
03-27 20:48:25.020  1820  2036 I ImeTracker: com.motorola.launcher3:b3c26bb2: onCancelled at PHASE_SERVER_SHOULD_HIDE
03-27 20:48:25.024  1283  1283 E SurfaceFlinger: Out of order buffers detected for RequestedLayerState{com.motorola.launcher3/com.android.launcher3.CustomizationPanelLauncher#3401 parentId=749} producedId=56 frameNumber=161 -> producedId=56 frameNumber=3
03-27 20:48:25.025  1820  1845 I DisplayDeviceRepository: Display device changed render timings: "Built-in Screen", renderFrameRate=120.00001, presentationDeadlineNanos=22000000, appVsyncOffsetNanos=-8000000
